<html>
<body>
<pre>
<h1>µVision Build Log</h1>
<h2>Tool Versions:</h2>
IDE-Version: ¦ÌVision V5.26.2.0
Copyright (C) 2018 ARM Ltd and ARM Germany GmbH. All rights reserved.
License Information: z Microsoft, Microsoft, LIC=EXJFW-QU708-U4KS7-EU0FZ-ADNAN-64KA6
 
Tool Versions:
Toolchain:       MDK-ARM Plus  Version: 5.26.2.0
Toolchain Path:  C:\Keil_v5\ARM\ARMCC\Bin
C Compiler:      Armcc.exe V5.06 update 6 (build 750)
Assembler:       Armasm.exe V5.06 update 6 (build 750)
Linker/Locator:  ArmLink.exe V5.06 update 6 (build 750)
Library Manager: ArmAr.exe V5.06 update 6 (build 750)
Hex Converter:   FromElf.exe V5.06 update 6 (build 750)
CPU DLL:         SARMCM3.DLL V5.26.2.0
Dialog DLL:      DCM.DLL V1.17.2.0
Target DLL:      CMSIS_AGDI.dll V1.30.6.0
Dialog DLL:      TCM.DLL V1.36.1.0
 
<h2>Project:</h2>
E:\NXP\RT1021\¹Ì¼þ¿âÀý³Ì\sdmmc¡ª¶ÁÐ´SD¿¨\project\mdk\YH-RT1021.uvprojx
Project File Date:  11/01/2018

<h2>Output:</h2>
*** Using Compiler 'V5.06 update 6 (build 750)', folder: 'C:\Keil_v5\ARM\ARMCC\Bin'
Build target 'ram_debug'
compiling fsl_common.c...
compiling fsl_gpio.c...
compiling fsl_assert.c...
compiling system_MIMXRT1021.c...
compiling fsl_clock.c...
compiling fsl_lpuart.c...
compiling fsl_lpi2c.c...
compiling fsl_usdhc.c...
compiling fsl_sbrk.c...
compiling fsl_debug_console.c...
compiling fsl_notifier.c...
compiling fsl_log.c...
compiling fsl_shell.c...
compiling fsl_io.c...
compiling clock_config.c...
compiling fsl_str.c...
compiling board.c...
compiling fire_imxrt1021_sdram_ini_dcd.c...
compiling pin_mux.c...
compiling main.c...
compiling bsp_sd.c...
compiling fire_imxrt1021_spiflash_config.c...
compiling core_delay.c...
compiling bsp_led.c...
compiling fsl_flexspi_nor_boot.c...
compiling fsl_sdmmc_event.c...
compiling fsl_sdmmc_host.c...
compiling fsl_sdmmc_common.c...
compiling fsl_sd.c...
linking...
Program Size: Code=30632 RO-data=1548 RW-data=56 ZI-data=2872  
".\ram_debug\Objects\YH-RT1021.axf" - 0 Error(s), 0 Warning(s).

<h2>Software Packages used:</h2>

Package Vendor: NXP
                http://mcuxpresso.nxp.com/cmsis_pack/repo/NXP.MIMXRT1021_DFP.10.0.0.pack
                NXP.MIMXRT1021_DFP.10.0.0
                Device Family Pack for MIMXRT1021

<h2>Collection of Component include folders:</h2>
  .\RTE\_ram_debug
  C:\Keil_v5\ARM\PACK\NXP\MIMXRT1021_DFP\10.0.0

<h2>Collection of Component Files used:</h2>
Build Time Elapsed:  00:00:02
</pre>
</body>
</html>
