<!doctype html public "-//w3c//dtd html 4.0 transitional//en">
<html><head>
<title>Static Call Graph - [.\ram_debug\Objects\YH-RT1021.axf]</title></head>
<body><HR>
<H1>Static Call Graph for image .\ram_debug\Objects\YH-RT1021.axf</H1><HR>
<BR><P>#&#060CALLGRAPH&#062# ARM Linker, 5060750: Last Updated: Thu Oct 25 18:01:39 2018
<BR><P>
<H3>Maximum Stack Usage =       2092 bytes + Unknown(Cycles, Untraceable Function Pointers)</H3><H3>
Call chain for Maximum Stack Depth:</H3>
main &rArr; ethernetif_input &rArr; low_level_input &rArr; pbuf_alloc &rArr; pbuf_free &rArr; memp_free &rArr; do_memp_free_pool &rArr; sys_assert &rArr; DbgConsole_Printf &rArr; StrFormatPrintf &rArr; ConvertRadixNumToString
<P>
<H3>
Mutually Recursive functions
</H3> <LI><a href="#[1]">NMI_Handler</a>&nbsp;&nbsp;&nbsp;&rArr;&nbsp;&nbsp;&nbsp;<a href="#[1]">NMI_Handler</a><BR>
 <LI><a href="#[2]">HardFault_Handler</a>&nbsp;&nbsp;&nbsp;&rArr;&nbsp;&nbsp;&nbsp;<a href="#[2]">HardFault_Handler</a><BR>
 <LI><a href="#[3]">MemManage_Handler</a>&nbsp;&nbsp;&nbsp;&rArr;&nbsp;&nbsp;&nbsp;<a href="#[3]">MemManage_Handler</a><BR>
 <LI><a href="#[4]">BusFault_Handler</a>&nbsp;&nbsp;&nbsp;&rArr;&nbsp;&nbsp;&nbsp;<a href="#[4]">BusFault_Handler</a><BR>
 <LI><a href="#[5]">UsageFault_Handler</a>&nbsp;&nbsp;&nbsp;&rArr;&nbsp;&nbsp;&nbsp;<a href="#[5]">UsageFault_Handler</a><BR>
 <LI><a href="#[6]">SVC_Handler</a>&nbsp;&nbsp;&nbsp;&rArr;&nbsp;&nbsp;&nbsp;<a href="#[6]">SVC_Handler</a><BR>
 <LI><a href="#[7]">DebugMon_Handler</a>&nbsp;&nbsp;&nbsp;&rArr;&nbsp;&nbsp;&nbsp;<a href="#[7]">DebugMon_Handler</a><BR>
 <LI><a href="#[8]">PendSV_Handler</a>&nbsp;&nbsp;&nbsp;&rArr;&nbsp;&nbsp;&nbsp;<a href="#[8]">PendSV_Handler</a><BR>
 <LI><a href="#[111]">LOG_Push</a>&nbsp;&nbsp;&nbsp;&rArr;&nbsp;&nbsp;&nbsp;<a href="#[104]">__aeabi_assert</a><BR>
 <LI><a href="#[12c]">LPUART_WriteBlocking</a>&nbsp;&nbsp;&nbsp;&rArr;&nbsp;&nbsp;&nbsp;<a href="#[104]">__aeabi_assert</a><BR>
 <LI><a href="#[12d]">LPUART_ReadBlocking</a>&nbsp;&nbsp;&nbsp;&rArr;&nbsp;&nbsp;&nbsp;<a href="#[104]">__aeabi_assert</a><BR>
</UL>
<P>
<H3>
Function Pointers
</H3><UL>
 <LI><a href="#[85]">ACMP1_IRQHandler</a> from startup_mimxrt1021.o(.text) referenced from startup_mimxrt1021.o(RESET)
 <LI><a href="#[86]">ACMP2_IRQHandler</a> from startup_mimxrt1021.o(.text) referenced from startup_mimxrt1021.o(RESET)
 <LI><a href="#[87]">ACMP3_IRQHandler</a> from startup_mimxrt1021.o(.text) referenced from startup_mimxrt1021.o(RESET)
 <LI><a href="#[88]">ACMP4_IRQHandler</a> from startup_mimxrt1021.o(.text) referenced from startup_mimxrt1021.o(RESET)
 <LI><a href="#[4d]">ADC1_IRQHandler</a> from startup_mimxrt1021.o(.text) referenced from startup_mimxrt1021.o(RESET)
 <LI><a href="#[4e]">ADC2_IRQHandler</a> from startup_mimxrt1021.o(.text) referenced from startup_mimxrt1021.o(RESET)
 <LI><a href="#[83]">ADC_ETC_ERROR_IRQ_IRQHandler</a> from startup_mimxrt1021.o(.text) referenced from startup_mimxrt1021.o(RESET)
 <LI><a href="#[80]">ADC_ETC_IRQ0_IRQHandler</a> from startup_mimxrt1021.o(.text) referenced from startup_mimxrt1021.o(RESET)
 <LI><a href="#[81]">ADC_ETC_IRQ1_IRQHandler</a> from startup_mimxrt1021.o(.text) referenced from startup_mimxrt1021.o(RESET)
 <LI><a href="#[82]">ADC_ETC_IRQ2_IRQHandler</a> from startup_mimxrt1021.o(.text) referenced from startup_mimxrt1021.o(RESET)
 <LI><a href="#[41]">BEE_IRQHandler</a> from startup_mimxrt1021.o(.text) referenced from startup_mimxrt1021.o(RESET)
 <LI><a href="#[4]">BusFault_Handler</a> from startup_mimxrt1021.o(.text) referenced from startup_mimxrt1021.o(RESET)
 <LI><a href="#[bd]">CAN1_DriverIRQHandler</a> from startup_mimxrt1021.o(.text) referenced from startup_mimxrt1021.o(.text)
 <LI><a href="#[2e]">CAN1_IRQHandler</a> from startup_mimxrt1021.o(.text) referenced from startup_mimxrt1021.o(RESET)
 <LI><a href="#[be]">CAN2_DriverIRQHandler</a> from startup_mimxrt1021.o(.text) referenced from startup_mimxrt1021.o(.text)
 <LI><a href="#[2f]">CAN2_IRQHandler</a> from startup_mimxrt1021.o(.text) referenced from startup_mimxrt1021.o(RESET)
 <LI><a href="#[69]">CCM_1_IRQHandler</a> from startup_mimxrt1021.o(.text) referenced from startup_mimxrt1021.o(RESET)
 <LI><a href="#[6a]">CCM_2_IRQHandler</a> from startup_mimxrt1021.o(.text) referenced from startup_mimxrt1021.o(RESET)
 <LI><a href="#[1d]">CORE_IRQHandler</a> from startup_mimxrt1021.o(.text) referenced from startup_mimxrt1021.o(RESET)
 <LI><a href="#[3b]">CSU_IRQHandler</a> from startup_mimxrt1021.o(.text) referenced from startup_mimxrt1021.o(RESET)
 <LI><a href="#[1b]">CTI0_ERROR_IRQHandler</a> from startup_mimxrt1021.o(.text) referenced from startup_mimxrt1021.o(RESET)
 <LI><a href="#[1c]">CTI1_ERROR_IRQHandler</a> from startup_mimxrt1021.o(.text) referenced from startup_mimxrt1021.o(RESET)
 <LI><a href="#[4f]">DCDC_IRQHandler</a> from startup_mimxrt1021.o(.text) referenced from startup_mimxrt1021.o(RESET)
 <LI><a href="#[3c]">DCP_IRQHandler</a> from startup_mimxrt1021.o(.text) referenced from startup_mimxrt1021.o(RESET)
 <LI><a href="#[3d]">DCP_VMI_IRQHandler</a> from startup_mimxrt1021.o(.text) referenced from startup_mimxrt1021.o(RESET)
 <LI><a href="#[9c]">DMA0_DMA16_DriverIRQHandler</a> from startup_mimxrt1021.o(.text) referenced from startup_mimxrt1021.o(.text)
 <LI><a href="#[a]">DMA0_DMA16_IRQHandler</a> from startup_mimxrt1021.o(.text) referenced from startup_mimxrt1021.o(RESET)
 <LI><a href="#[a6]">DMA10_DMA26_DriverIRQHandler</a> from startup_mimxrt1021.o(.text) referenced from startup_mimxrt1021.o(.text)
 <LI><a href="#[14]">DMA10_DMA26_IRQHandler</a> from startup_mimxrt1021.o(.text) referenced from startup_mimxrt1021.o(RESET)
 <LI><a href="#[a7]">DMA11_DMA27_DriverIRQHandler</a> from startup_mimxrt1021.o(.text) referenced from startup_mimxrt1021.o(.text)
 <LI><a href="#[15]">DMA11_DMA27_IRQHandler</a> from startup_mimxrt1021.o(.text) referenced from startup_mimxrt1021.o(RESET)
 <LI><a href="#[a8]">DMA12_DMA28_DriverIRQHandler</a> from startup_mimxrt1021.o(.text) referenced from startup_mimxrt1021.o(.text)
 <LI><a href="#[16]">DMA12_DMA28_IRQHandler</a> from startup_mimxrt1021.o(.text) referenced from startup_mimxrt1021.o(RESET)
 <LI><a href="#[a9]">DMA13_DMA29_DriverIRQHandler</a> from startup_mimxrt1021.o(.text) referenced from startup_mimxrt1021.o(.text)
 <LI><a href="#[17]">DMA13_DMA29_IRQHandler</a> from startup_mimxrt1021.o(.text) referenced from startup_mimxrt1021.o(RESET)
 <LI><a href="#[aa]">DMA14_DMA30_DriverIRQHandler</a> from startup_mimxrt1021.o(.text) referenced from startup_mimxrt1021.o(.text)
 <LI><a href="#[18]">DMA14_DMA30_IRQHandler</a> from startup_mimxrt1021.o(.text) referenced from startup_mimxrt1021.o(RESET)
 <LI><a href="#[ab]">DMA15_DMA31_DriverIRQHandler</a> from startup_mimxrt1021.o(.text) referenced from startup_mimxrt1021.o(.text)
 <LI><a href="#[19]">DMA15_DMA31_IRQHandler</a> from startup_mimxrt1021.o(.text) referenced from startup_mimxrt1021.o(RESET)
 <LI><a href="#[9d]">DMA1_DMA17_DriverIRQHandler</a> from startup_mimxrt1021.o(.text) referenced from startup_mimxrt1021.o(.text)
 <LI><a href="#[b]">DMA1_DMA17_IRQHandler</a> from startup_mimxrt1021.o(.text) referenced from startup_mimxrt1021.o(RESET)
 <LI><a href="#[9e]">DMA2_DMA18_DriverIRQHandler</a> from startup_mimxrt1021.o(.text) referenced from startup_mimxrt1021.o(.text)
 <LI><a href="#[c]">DMA2_DMA18_IRQHandler</a> from startup_mimxrt1021.o(.text) referenced from startup_mimxrt1021.o(RESET)
 <LI><a href="#[9f]">DMA3_DMA19_DriverIRQHandler</a> from startup_mimxrt1021.o(.text) referenced from startup_mimxrt1021.o(.text)
 <LI><a href="#[d]">DMA3_DMA19_IRQHandler</a> from startup_mimxrt1021.o(.text) referenced from startup_mimxrt1021.o(RESET)
 <LI><a href="#[a0]">DMA4_DMA20_DriverIRQHandler</a> from startup_mimxrt1021.o(.text) referenced from startup_mimxrt1021.o(.text)
 <LI><a href="#[e]">DMA4_DMA20_IRQHandler</a> from startup_mimxrt1021.o(.text) referenced from startup_mimxrt1021.o(RESET)
 <LI><a href="#[a1]">DMA5_DMA21_DriverIRQHandler</a> from startup_mimxrt1021.o(.text) referenced from startup_mimxrt1021.o(.text)
 <LI><a href="#[f]">DMA5_DMA21_IRQHandler</a> from startup_mimxrt1021.o(.text) referenced from startup_mimxrt1021.o(RESET)
 <LI><a href="#[a2]">DMA6_DMA22_DriverIRQHandler</a> from startup_mimxrt1021.o(.text) referenced from startup_mimxrt1021.o(.text)
 <LI><a href="#[10]">DMA6_DMA22_IRQHandler</a> from startup_mimxrt1021.o(.text) referenced from startup_mimxrt1021.o(RESET)
 <LI><a href="#[a3]">DMA7_DMA23_DriverIRQHandler</a> from startup_mimxrt1021.o(.text) referenced from startup_mimxrt1021.o(.text)
 <LI><a href="#[11]">DMA7_DMA23_IRQHandler</a> from startup_mimxrt1021.o(.text) referenced from startup_mimxrt1021.o(RESET)
 <LI><a href="#[a4]">DMA8_DMA24_DriverIRQHandler</a> from startup_mimxrt1021.o(.text) referenced from startup_mimxrt1021.o(.text)
 <LI><a href="#[12]">DMA8_DMA24_IRQHandler</a> from startup_mimxrt1021.o(.text) referenced from startup_mimxrt1021.o(RESET)
 <LI><a href="#[a5]">DMA9_DMA25_DriverIRQHandler</a> from startup_mimxrt1021.o(.text) referenced from startup_mimxrt1021.o(.text)
 <LI><a href="#[13]">DMA9_DMA25_IRQHandler</a> from startup_mimxrt1021.o(.text) referenced from startup_mimxrt1021.o(RESET)
 <LI><a href="#[ac]">DMA_ERROR_DriverIRQHandler</a> from startup_mimxrt1021.o(.text) referenced from startup_mimxrt1021.o(.text)
 <LI><a href="#[1a]">DMA_ERROR_IRQHandler</a> from startup_mimxrt1021.o(.text) referenced from startup_mimxrt1021.o(RESET)
 <LI><a href="#[ca]">DbgConsole_RelocateLog</a> from fsl_debug_console.o(i.DbgConsole_RelocateLog) referenced from fsl_debug_console.o(i.DbgConsole_Printf)
 <LI><a href="#[7]">DebugMon_Handler</a> from startup_mimxrt1021.o(.text) referenced from startup_mimxrt1021.o(RESET)
 <LI><a href="#[98]">DefaultISR</a> from startup_mimxrt1021.o(.text) referenced from startup_mimxrt1021.o(.text)
 <LI><a href="#[98]">DefaultISR</a> from startup_mimxrt1021.o(.text) referenced 97 times from startup_mimxrt1021.o(RESET)
 <LI><a href="#[8b]">ENC1_IRQHandler</a> from startup_mimxrt1021.o(.text) referenced from startup_mimxrt1021.o(RESET)
 <LI><a href="#[8c]">ENC2_IRQHandler</a> from startup_mimxrt1021.o(.text) referenced from startup_mimxrt1021.o(RESET)
 <LI><a href="#[c9]">ENET_1588_Timer_DriverIRQHandler</a> from startup_mimxrt1021.o(.text) referenced from startup_mimxrt1021.o(.text)
 <LI><a href="#[7d]">ENET_1588_Timer_IRQHandler</a> from fsl_enet.o(i.ENET_1588_Timer_IRQHandler) referenced from startup_mimxrt1021.o(RESET)
 <LI><a href="#[c8]">ENET_DriverIRQHandler</a> from fsl_enet.o(i.ENET_DriverIRQHandler) referenced from startup_mimxrt1021.o(.text)
 <LI><a href="#[cd]">ENET_ErrorIRQHandler</a> from fsl_enet.o(i.ENET_ErrorIRQHandler) referenced from fsl_enet.o(i.ENET_SetHandler)
 <LI><a href="#[7c]">ENET_IRQHandler</a> from startup_mimxrt1021.o(.text) referenced from startup_mimxrt1021.o(RESET)
 <LI><a href="#[cc]">ENET_ReceiveIRQHandler</a> from fsl_enet.o(i.ENET_ReceiveIRQHandler) referenced from fsl_enet.o(i.ENET_SetHandler)
 <LI><a href="#[cb]">ENET_TransmitIRQHandler</a> from fsl_enet.o(i.ENET_TransmitIRQHandler) referenced from fsl_enet.o(i.ENET_SetHandler)
 <LI><a href="#[68]">EWM_IRQHandler</a> from startup_mimxrt1021.o(.text) referenced from startup_mimxrt1021.o(RESET)
 <LI><a href="#[c4]">FLEXIO1_DriverIRQHandler</a> from startup_mimxrt1021.o(.text) referenced from startup_mimxrt1021.o(.text)
 <LI><a href="#[64]">FLEXIO1_IRQHandler</a> from startup_mimxrt1021.o(.text) referenced from startup_mimxrt1021.o(RESET)
 <LI><a href="#[30]">FLEXRAM_IRQHandler</a> from startup_mimxrt1021.o(.text) referenced from startup_mimxrt1021.o(RESET)
 <LI><a href="#[c5]">FLEXSPI_DriverIRQHandler</a> from startup_mimxrt1021.o(.text) referenced from startup_mimxrt1021.o(.text)
 <LI><a href="#[76]">FLEXSPI_IRQHandler</a> from startup_mimxrt1021.o(.text) referenced from startup_mimxrt1021.o(RESET)
 <LI><a href="#[6b]">GPC_IRQHandler</a> from startup_mimxrt1021.o(.text) referenced from startup_mimxrt1021.o(RESET)
 <LI><a href="#[5a]">GPIO1_Combined_0_15_IRQHandler</a> from startup_mimxrt1021.o(.text) referenced from startup_mimxrt1021.o(RESET)
 <LI><a href="#[5b]">GPIO1_Combined_16_31_IRQHandler</a> from startup_mimxrt1021.o(.text) referenced from startup_mimxrt1021.o(RESET)
 <LI><a href="#[52]">GPIO1_INT0_IRQHandler</a> from startup_mimxrt1021.o(.text) referenced from startup_mimxrt1021.o(RESET)
 <LI><a href="#[53]">GPIO1_INT1_IRQHandler</a> from startup_mimxrt1021.o(.text) referenced from startup_mimxrt1021.o(RESET)
 <LI><a href="#[54]">GPIO1_INT2_IRQHandler</a> from startup_mimxrt1021.o(.text) referenced from startup_mimxrt1021.o(RESET)
 <LI><a href="#[55]">GPIO1_INT3_IRQHandler</a> from startup_mimxrt1021.o(.text) referenced from startup_mimxrt1021.o(RESET)
 <LI><a href="#[56]">GPIO1_INT4_IRQHandler</a> from startup_mimxrt1021.o(.text) referenced from startup_mimxrt1021.o(RESET)
 <LI><a href="#[57]">GPIO1_INT5_IRQHandler</a> from startup_mimxrt1021.o(.text) referenced from startup_mimxrt1021.o(RESET)
 <LI><a href="#[58]">GPIO1_INT6_IRQHandler</a> from startup_mimxrt1021.o(.text) referenced from startup_mimxrt1021.o(RESET)
 <LI><a href="#[59]">GPIO1_INT7_IRQHandler</a> from startup_mimxrt1021.o(.text) referenced from startup_mimxrt1021.o(RESET)
 <LI><a href="#[5c]">GPIO2_Combined_0_15_IRQHandler</a> from startup_mimxrt1021.o(.text) referenced from startup_mimxrt1021.o(RESET)
 <LI><a href="#[5d]">GPIO2_Combined_16_31_IRQHandler</a> from startup_mimxrt1021.o(.text) referenced from startup_mimxrt1021.o(RESET)
 <LI><a href="#[5e]">GPIO3_Combined_0_15_IRQHandler</a> from startup_mimxrt1021.o(.text) referenced from startup_mimxrt1021.o(RESET)
 <LI><a href="#[5f]">GPIO3_Combined_16_31_IRQHandler</a> from startup_mimxrt1021.o(.text) referenced from startup_mimxrt1021.o(RESET)
 <LI><a href="#[62]">GPIO5_Combined_0_15_IRQHandler</a> from startup_mimxrt1021.o(.text) referenced from startup_mimxrt1021.o(RESET)
 <LI><a href="#[63]">GPIO5_Combined_16_31_IRQHandler</a> from startup_mimxrt1021.o(.text) referenced from startup_mimxrt1021.o(RESET)
 <LI><a href="#[33]">GPR_IRQ_IRQHandler</a> from startup_mimxrt1021.o(.text) referenced from startup_mimxrt1021.o(RESET)
 <LI><a href="#[6e]">GPT1_IRQHandler</a> from startup_mimxrt1021.o(.text) referenced from startup_mimxrt1021.o(RESET)
 <LI><a href="#[6f]">GPT2_IRQHandler</a> from startup_mimxrt1021.o(.text) referenced from startup_mimxrt1021.o(RESET)
 <LI><a href="#[2]">HardFault_Handler</a> from startup_mimxrt1021.o(.text) referenced from startup_mimxrt1021.o(RESET)
 <LI><a href="#[31]">KPP_IRQHandler</a> from startup_mimxrt1021.o(.text) referenced from startup_mimxrt1021.o(RESET)
 <LI><a href="#[b5]">LPI2C1_DriverIRQHandler</a> from startup_mimxrt1021.o(.text) referenced from startup_mimxrt1021.o(.text)
 <LI><a href="#[26]">LPI2C1_IRQHandler</a> from startup_mimxrt1021.o(.text) referenced from startup_mimxrt1021.o(RESET)
 <LI><a href="#[b6]">LPI2C2_DriverIRQHandler</a> from startup_mimxrt1021.o(.text) referenced from startup_mimxrt1021.o(.text)
 <LI><a href="#[27]">LPI2C2_IRQHandler</a> from startup_mimxrt1021.o(.text) referenced from startup_mimxrt1021.o(RESET)
 <LI><a href="#[b7]">LPI2C3_DriverIRQHandler</a> from startup_mimxrt1021.o(.text) referenced from startup_mimxrt1021.o(.text)
 <LI><a href="#[28]">LPI2C3_IRQHandler</a> from startup_mimxrt1021.o(.text) referenced from startup_mimxrt1021.o(RESET)
 <LI><a href="#[b8]">LPI2C4_DriverIRQHandler</a> from startup_mimxrt1021.o(.text) referenced from startup_mimxrt1021.o(.text)
 <LI><a href="#[29]">LPI2C4_IRQHandler</a> from startup_mimxrt1021.o(.text) referenced from startup_mimxrt1021.o(RESET)
 <LI><a href="#[b9]">LPSPI1_DriverIRQHandler</a> from startup_mimxrt1021.o(.text) referenced from startup_mimxrt1021.o(.text)
 <LI><a href="#[2a]">LPSPI1_IRQHandler</a> from startup_mimxrt1021.o(.text) referenced from startup_mimxrt1021.o(RESET)
 <LI><a href="#[ba]">LPSPI2_DriverIRQHandler</a> from startup_mimxrt1021.o(.text) referenced from startup_mimxrt1021.o(.text)
 <LI><a href="#[2b]">LPSPI2_IRQHandler</a> from startup_mimxrt1021.o(.text) referenced from startup_mimxrt1021.o(RESET)
 <LI><a href="#[bb]">LPSPI3_DriverIRQHandler</a> from startup_mimxrt1021.o(.text) referenced from startup_mimxrt1021.o(.text)
 <LI><a href="#[2c]">LPSPI3_IRQHandler</a> from startup_mimxrt1021.o(.text) referenced from startup_mimxrt1021.o(RESET)
 <LI><a href="#[bc]">LPSPI4_DriverIRQHandler</a> from startup_mimxrt1021.o(.text) referenced from startup_mimxrt1021.o(.text)
 <LI><a href="#[2d]">LPSPI4_IRQHandler</a> from startup_mimxrt1021.o(.text) referenced from startup_mimxrt1021.o(RESET)
 <LI><a href="#[ad]">LPUART1_DriverIRQHandler</a> from fsl_lpuart.o(i.LPUART1_DriverIRQHandler) referenced from startup_mimxrt1021.o(.text)
 <LI><a href="#[1e]">LPUART1_IRQHandler</a> from startup_mimxrt1021.o(.text) referenced from startup_mimxrt1021.o(RESET)
 <LI><a href="#[ae]">LPUART2_DriverIRQHandler</a> from fsl_lpuart.o(i.LPUART2_DriverIRQHandler) referenced from startup_mimxrt1021.o(.text)
 <LI><a href="#[1f]">LPUART2_IRQHandler</a> from startup_mimxrt1021.o(.text) referenced from startup_mimxrt1021.o(RESET)
 <LI><a href="#[af]">LPUART3_DriverIRQHandler</a> from fsl_lpuart.o(i.LPUART3_DriverIRQHandler) referenced from startup_mimxrt1021.o(.text)
 <LI><a href="#[20]">LPUART3_IRQHandler</a> from startup_mimxrt1021.o(.text) referenced from startup_mimxrt1021.o(RESET)
 <LI><a href="#[b0]">LPUART4_DriverIRQHandler</a> from fsl_lpuart.o(i.LPUART4_DriverIRQHandler) referenced from startup_mimxrt1021.o(.text)
 <LI><a href="#[21]">LPUART4_IRQHandler</a> from startup_mimxrt1021.o(.text) referenced from startup_mimxrt1021.o(RESET)
 <LI><a href="#[b1]">LPUART5_DriverIRQHandler</a> from fsl_lpuart.o(i.LPUART5_DriverIRQHandler) referenced from startup_mimxrt1021.o(.text)
 <LI><a href="#[22]">LPUART5_IRQHandler</a> from startup_mimxrt1021.o(.text) referenced from startup_mimxrt1021.o(RESET)
 <LI><a href="#[b2]">LPUART6_DriverIRQHandler</a> from fsl_lpuart.o(i.LPUART6_DriverIRQHandler) referenced from startup_mimxrt1021.o(.text)
 <LI><a href="#[23]">LPUART6_IRQHandler</a> from startup_mimxrt1021.o(.text) referenced from startup_mimxrt1021.o(RESET)
 <LI><a href="#[b3]">LPUART7_DriverIRQHandler</a> from fsl_lpuart.o(i.LPUART7_DriverIRQHandler) referenced from startup_mimxrt1021.o(.text)
 <LI><a href="#[24]">LPUART7_IRQHandler</a> from startup_mimxrt1021.o(.text) referenced from startup_mimxrt1021.o(RESET)
 <LI><a href="#[b4]">LPUART8_DriverIRQHandler</a> from fsl_lpuart.o(i.LPUART8_DriverIRQHandler) referenced from startup_mimxrt1021.o(.text)
 <LI><a href="#[25]">LPUART8_IRQHandler</a> from startup_mimxrt1021.o(.text) referenced from startup_mimxrt1021.o(RESET)
 <LI><a href="#[3]">MemManage_Handler</a> from startup_mimxrt1021.o(.text) referenced from startup_mimxrt1021.o(RESET)
 <LI><a href="#[1]">NMI_Handler</a> from startup_mimxrt1021.o(.text) referenced from startup_mimxrt1021.o(RESET)
 <LI><a href="#[84]">PIT_IRQHandler</a> from startup_mimxrt1021.o(.text) referenced from startup_mimxrt1021.o(RESET)
 <LI><a href="#[47]">PMU_IRQHandler</a> from startup_mimxrt1021.o(.text) referenced from startup_mimxrt1021.o(RESET)
 <LI><a href="#[70]">PWM1_0_IRQHandler</a> from startup_mimxrt1021.o(.text) referenced from startup_mimxrt1021.o(RESET)
 <LI><a href="#[71]">PWM1_1_IRQHandler</a> from startup_mimxrt1021.o(.text) referenced from startup_mimxrt1021.o(RESET)
 <LI><a href="#[72]">PWM1_2_IRQHandler</a> from startup_mimxrt1021.o(.text) referenced from startup_mimxrt1021.o(RESET)
 <LI><a href="#[73]">PWM1_3_IRQHandler</a> from startup_mimxrt1021.o(.text) referenced from startup_mimxrt1021.o(RESET)
 <LI><a href="#[74]">PWM1_FAULT_IRQHandler</a> from startup_mimxrt1021.o(.text) referenced from startup_mimxrt1021.o(RESET)
 <LI><a href="#[93]">PWM2_0_IRQHandler</a> from startup_mimxrt1021.o(.text) referenced from startup_mimxrt1021.o(RESET)
 <LI><a href="#[94]">PWM2_1_IRQHandler</a> from startup_mimxrt1021.o(.text) referenced from startup_mimxrt1021.o(RESET)
 <LI><a href="#[95]">PWM2_2_IRQHandler</a> from startup_mimxrt1021.o(.text) referenced from startup_mimxrt1021.o(RESET)
 <LI><a href="#[96]">PWM2_3_IRQHandler</a> from startup_mimxrt1021.o(.text) referenced from startup_mimxrt1021.o(RESET)
 <LI><a href="#[97]">PWM2_FAULT_IRQHandler</a> from startup_mimxrt1021.o(.text) referenced from startup_mimxrt1021.o(RESET)
 <LI><a href="#[8]">PendSV_Handler</a> from startup_mimxrt1021.o(.text) referenced from startup_mimxrt1021.o(RESET)
 <LI><a href="#[67]">RTWDOG_IRQHandler</a> from startup_mimxrt1021.o(.text) referenced from startup_mimxrt1021.o(RESET)
 <LI><a href="#[60]">Reserved102_IRQHandler</a> from startup_mimxrt1021.o(.text) referenced from startup_mimxrt1021.o(RESET)
 <LI><a href="#[61]">Reserved103_IRQHandler</a> from startup_mimxrt1021.o(.text) referenced from startup_mimxrt1021.o(RESET)
 <LI><a href="#[65]">Reserved107_IRQHandler</a> from startup_mimxrt1021.o(.text) referenced from startup_mimxrt1021.o(RESET)
 <LI><a href="#[6d]">Reserved115_IRQHandler</a> from startup_mimxrt1021.o(.text) referenced from startup_mimxrt1021.o(RESET)
 <LI><a href="#[75]">Reserved123_IRQHandler</a> from startup_mimxrt1021.o(.text) referenced from startup_mimxrt1021.o(RESET)
 <LI><a href="#[7a]">Reserved128_IRQHandler</a> from startup_mimxrt1021.o(.text) referenced from startup_mimxrt1021.o(RESET)
 <LI><a href="#[89]">Reserved143_IRQHandler</a> from startup_mimxrt1021.o(.text) referenced from startup_mimxrt1021.o(RESET)
 <LI><a href="#[8a]">Reserved144_IRQHandler</a> from startup_mimxrt1021.o(.text) referenced from startup_mimxrt1021.o(RESET)
 <LI><a href="#[8d]">Reserved147_IRQHandler</a> from startup_mimxrt1021.o(.text) referenced from startup_mimxrt1021.o(RESET)
 <LI><a href="#[8e]">Reserved148_IRQHandler</a> from startup_mimxrt1021.o(.text) referenced from startup_mimxrt1021.o(RESET)
 <LI><a href="#[91]">Reserved151_IRQHandler</a> from startup_mimxrt1021.o(.text) referenced from startup_mimxrt1021.o(RESET)
 <LI><a href="#[92]">Reserved152_IRQHandler</a> from startup_mimxrt1021.o(.text) referenced from startup_mimxrt1021.o(RESET)
 <LI><a href="#[32]">Reserved56_IRQHandler</a> from startup_mimxrt1021.o(.text) referenced from startup_mimxrt1021.o(RESET)
 <LI><a href="#[34]">Reserved58_IRQHandler</a> from startup_mimxrt1021.o(.text) referenced from startup_mimxrt1021.o(RESET)
 <LI><a href="#[35]">Reserved59_IRQHandler</a> from startup_mimxrt1021.o(.text) referenced from startup_mimxrt1021.o(RESET)
 <LI><a href="#[36]">Reserved60_IRQHandler</a> from startup_mimxrt1021.o(.text) referenced from startup_mimxrt1021.o(RESET)
 <LI><a href="#[3e]">Reserved68_IRQHandler</a> from startup_mimxrt1021.o(.text) referenced from startup_mimxrt1021.o(RESET)
 <LI><a href="#[40]">Reserved70_IRQHandler</a> from startup_mimxrt1021.o(.text) referenced from startup_mimxrt1021.o(RESET)
 <LI><a href="#[48]">Reserved78_IRQHandler</a> from startup_mimxrt1021.o(.text) referenced from startup_mimxrt1021.o(RESET)
 <LI><a href="#[4c]">Reserved82_IRQHandler</a> from startup_mimxrt1021.o(.text) referenced from startup_mimxrt1021.o(RESET)
 <LI><a href="#[50]">Reserved86_IRQHandler</a> from startup_mimxrt1021.o(.text) referenced from startup_mimxrt1021.o(RESET)
 <LI><a href="#[51]">Reserved87_IRQHandler</a> from startup_mimxrt1021.o(.text) referenced from startup_mimxrt1021.o(RESET)
 <LI><a href="#[0]">Reset_Handler</a> from startup_mimxrt1021.o(.text) referenced from startup_mimxrt1021.o(RESET)
 <LI><a href="#[bf]">SAI1_DriverIRQHandler</a> from startup_mimxrt1021.o(.text) referenced from startup_mimxrt1021.o(.text)
 <LI><a href="#[42]">SAI1_IRQHandler</a> from startup_mimxrt1021.o(.text) referenced from startup_mimxrt1021.o(RESET)
 <LI><a href="#[c0]">SAI2_DriverIRQHandler</a> from startup_mimxrt1021.o(.text) referenced from startup_mimxrt1021.o(.text)
 <LI><a href="#[43]">SAI2_IRQHandler</a> from startup_mimxrt1021.o(.text) referenced from startup_mimxrt1021.o(RESET)
 <LI><a href="#[c1]">SAI3_RX_DriverIRQHandler</a> from startup_mimxrt1021.o(.text) referenced from startup_mimxrt1021.o(.text)
 <LI><a href="#[44]">SAI3_RX_IRQHandler</a> from startup_mimxrt1021.o(.text) referenced from startup_mimxrt1021.o(RESET)
 <LI><a href="#[c2]">SAI3_TX_DriverIRQHandler</a> from startup_mimxrt1021.o(.text) referenced from startup_mimxrt1021.o(.text)
 <LI><a href="#[45]">SAI3_TX_IRQHandler</a> from startup_mimxrt1021.o(.text) referenced from startup_mimxrt1021.o(RESET)
 <LI><a href="#[77]">SEMC_IRQHandler</a> from startup_mimxrt1021.o(.text) referenced from startup_mimxrt1021.o(RESET)
 <LI><a href="#[38]">SNVS_HP_WRAPPER_IRQHandler</a> from startup_mimxrt1021.o(.text) referenced from startup_mimxrt1021.o(RESET)
 <LI><a href="#[39]">SNVS_HP_WRAPPER_TZ_IRQHandler</a> from startup_mimxrt1021.o(.text) referenced from startup_mimxrt1021.o(RESET)
 <LI><a href="#[3a]">SNVS_LP_WRAPPER_IRQHandler</a> from startup_mimxrt1021.o(.text) referenced from startup_mimxrt1021.o(RESET)
 <LI><a href="#[c3]">SPDIF_DriverIRQHandler</a> from startup_mimxrt1021.o(.text) referenced from startup_mimxrt1021.o(.text)
 <LI><a href="#[46]">SPDIF_IRQHandler</a> from startup_mimxrt1021.o(.text) referenced from startup_mimxrt1021.o(RESET)
 <LI><a href="#[6c]">SRC_IRQHandler</a> from startup_mimxrt1021.o(.text) referenced from startup_mimxrt1021.o(RESET)
 <LI><a href="#[6]">SVC_Handler</a> from startup_mimxrt1021.o(.text) referenced from startup_mimxrt1021.o(RESET)
 <LI><a href="#[9]">SysTick_Handler</a> from main.o(i.SysTick_Handler) referenced from startup_mimxrt1021.o(RESET)
 <LI><a href="#[9a]">SystemInit</a> from system_mimxrt1021.o(i.SystemInit) referenced from startup_mimxrt1021.o(.text)
 <LI><a href="#[49]">TEMP_LOW_HIGH_IRQHandler</a> from startup_mimxrt1021.o(.text) referenced from startup_mimxrt1021.o(RESET)
 <LI><a href="#[4a]">TEMP_PANIC_IRQHandler</a> from startup_mimxrt1021.o(.text) referenced from startup_mimxrt1021.o(RESET)
 <LI><a href="#[8f]">TMR1_IRQHandler</a> from startup_mimxrt1021.o(.text) referenced from startup_mimxrt1021.o(RESET)
 <LI><a href="#[90]">TMR2_IRQHandler</a> from startup_mimxrt1021.o(.text) referenced from startup_mimxrt1021.o(RESET)
 <LI><a href="#[3f]">TRNG_IRQHandler</a> from startup_mimxrt1021.o(.text) referenced from startup_mimxrt1021.o(RESET)
 <LI><a href="#[7b]">USB_OTG1_IRQHandler</a> from startup_mimxrt1021.o(.text) referenced from startup_mimxrt1021.o(RESET)
 <LI><a href="#[4b]">USB_PHY_IRQHandler</a> from startup_mimxrt1021.o(.text) referenced from startup_mimxrt1021.o(RESET)
 <LI><a href="#[c6]">USDHC1_DriverIRQHandler</a> from startup_mimxrt1021.o(.text) referenced from startup_mimxrt1021.o(.text)
 <LI><a href="#[78]">USDHC1_IRQHandler</a> from startup_mimxrt1021.o(.text) referenced from startup_mimxrt1021.o(RESET)
 <LI><a href="#[c7]">USDHC2_DriverIRQHandler</a> from startup_mimxrt1021.o(.text) referenced from startup_mimxrt1021.o(.text)
 <LI><a href="#[79]">USDHC2_IRQHandler</a> from startup_mimxrt1021.o(.text) referenced from startup_mimxrt1021.o(RESET)
 <LI><a href="#[5]">UsageFault_Handler</a> from startup_mimxrt1021.o(.text) referenced from startup_mimxrt1021.o(RESET)
 <LI><a href="#[66]">WDOG1_IRQHandler</a> from startup_mimxrt1021.o(.text) referenced from startup_mimxrt1021.o(RESET)
 <LI><a href="#[37]">WDOG2_IRQHandler</a> from startup_mimxrt1021.o(.text) referenced from startup_mimxrt1021.o(RESET)
 <LI><a href="#[7e]">XBAR1_IRQ_0_1_IRQHandler</a> from startup_mimxrt1021.o(.text) referenced from startup_mimxrt1021.o(RESET)
 <LI><a href="#[7f]">XBAR1_IRQ_2_3_IRQHandler</a> from startup_mimxrt1021.o(.text) referenced from startup_mimxrt1021.o(RESET)
 <LI><a href="#[9b]">__main</a> from entry.o(.ARM.Collect$$$$00000000) referenced from startup_mimxrt1021.o(.text)
 <LI><a href="#[ce]">cyclic_timer</a> from timeouts.o(i.cyclic_timer) referenced from timeouts.o(i.cyclic_timer)
 <LI><a href="#[ce]">cyclic_timer</a> from timeouts.o(i.cyclic_timer) referenced from timeouts.o(i.sys_timeouts_init)
 <LI><a href="#[e1]">dhcp_coarse_tmr</a> from dhcp.o(i.dhcp_coarse_tmr) referenced from timeouts.o(.constdata)
 <LI><a href="#[e2]">dhcp_fine_tmr</a> from dhcp.o(i.dhcp_fine_tmr) referenced from timeouts.o(.constdata)
 <LI><a href="#[cf]">etharp_output</a> from etharp.o(i.etharp_output) referenced from ethernetif.o(i.ethernetif_init)
 <LI><a href="#[e0]">etharp_tmr</a> from etharp.o(i.etharp_tmr) referenced from timeouts.o(.constdata)
 <LI><a href="#[d8]">ethernet_input</a> from ethernet.o(i.ethernet_input) referenced from main.o(i.main)
 <LI><a href="#[d9]">ethernetif0_init</a> from ethernetif.o(i.ethernetif0_init) referenced from main.o(i.main)
 <LI><a href="#[df]">ip_reass_tmr</a> from ip4_frag.o(i.ip_reass_tmr) referenced from timeouts.o(.constdata)
 <LI><a href="#[d1]">ipfrag_free_pbuf_custom</a> from ip4_frag.o(i.ipfrag_free_pbuf_custom) referenced from ip4_frag.o(i.ip4_frag)
 <LI><a href="#[d0]">low_level_output</a> from ethernetif.o(i.low_level_output) referenced from ethernetif.o(i.ethernetif_init)
 <LI><a href="#[da]">lwiperf_report</a> from main.o(i.lwiperf_report) referenced from main.o(i.main)
 <LI><a href="#[d2]">lwiperf_tcp_accept</a> from lwiperf.o(i.lwiperf_tcp_accept) referenced from lwiperf.o(i.lwiperf_start_tcp_server)
 <LI><a href="#[d7]">lwiperf_tcp_client_connected</a> from lwiperf.o(i.lwiperf_tcp_client_connected) referenced from lwiperf.o(i.lwiperf_tx_start)
 <LI><a href="#[d6]">lwiperf_tcp_client_sent</a> from lwiperf.o(i.lwiperf_tcp_client_sent) referenced from lwiperf.o(i.lwiperf_tx_start)
 <LI><a href="#[d5]">lwiperf_tcp_err</a> from lwiperf.o(i.lwiperf_tcp_err) referenced from lwiperf.o(i.lwiperf_tcp_accept)
 <LI><a href="#[d5]">lwiperf_tcp_err</a> from lwiperf.o(i.lwiperf_tcp_err) referenced from lwiperf.o(i.lwiperf_tx_start)
 <LI><a href="#[d4]">lwiperf_tcp_poll</a> from lwiperf.o(i.lwiperf_tcp_poll) referenced from lwiperf.o(i.lwiperf_tcp_accept)
 <LI><a href="#[d4]">lwiperf_tcp_poll</a> from lwiperf.o(i.lwiperf_tcp_poll) referenced from lwiperf.o(i.lwiperf_tx_start)
 <LI><a href="#[d3]">lwiperf_tcp_recv</a> from lwiperf.o(i.lwiperf_tcp_recv) referenced from lwiperf.o(i.lwiperf_tcp_accept)
 <LI><a href="#[99]">main</a> from main.o(i.main) referenced from entry9a.o(.ARM.Collect$$$$0000000B)
 <LI><a href="#[dc]">tcp_accept_null</a> from tcp.o(i.tcp_accept_null) referenced from tcp.o(i.tcp_listen_with_backlog_and_err)
 <LI><a href="#[db]">tcp_recv_null</a> from tcp.o(i.tcp_recv_null) referenced from tcp.o(i.tcp_alloc)
 <LI><a href="#[de]">tcp_tmr</a> from tcp.o(i.tcp_tmr) referenced from timeouts.o(.constdata)
 <LI><a href="#[dd]">tcpip_tcp_timer</a> from timeouts.o(i.tcpip_tcp_timer) referenced from timeouts.o(i.tcp_timer_needed)
 <LI><a href="#[dd]">tcpip_tcp_timer</a> from timeouts.o(i.tcpip_tcp_timer) referenced from timeouts.o(i.tcpip_tcp_timer)
</UL>
<P>
<H3>
Global Symbols
</H3>
<P><STRONG><a name="[9b]"></a>__main</STRONG> (Thumb, 0 bytes, Stack size unknown bytes, entry.o(.ARM.Collect$$$$00000000))
<BR>[Address Reference Count : 1]<UL><LI> startup_mimxrt1021.o(.text)
</UL>
<P><STRONG><a name="[205]"></a>_main_stk</STRONG> (Thumb, 0 bytes, Stack size unknown bytes, entry4.o(.ARM.Collect$$$$00000003))

<P><STRONG><a name="[e3]"></a>_main_scatterload</STRONG> (Thumb, 0 bytes, Stack size unknown bytes, entry5.o(.ARM.Collect$$$$00000004))
<BR><BR>[Calls]<UL><LI><a href="#[e4]">&gt;&gt;</a>&nbsp;&nbsp;&nbsp;__scatterload
</UL>

<P><STRONG><a name="[eb]"></a>__main_after_scatterload</STRONG> (Thumb, 0 bytes, Stack size unknown bytes, entry5.o(.ARM.Collect$$$$00000004))
<BR><BR>[Called By]<UL><LI><a href="#[e4]">&gt;&gt;</a>&nbsp;&nbsp;&nbsp;__scatterload
</UL>

<P><STRONG><a name="[206]"></a>_main_clock</STRONG> (Thumb, 0 bytes, Stack size unknown bytes, entry7b.o(.ARM.Collect$$$$00000008))

<P><STRONG><a name="[207]"></a>_main_cpp_init</STRONG> (Thumb, 0 bytes, Stack size unknown bytes, entry8b.o(.ARM.Collect$$$$0000000A))

<P><STRONG><a name="[208]"></a>_main_init</STRONG> (Thumb, 0 bytes, Stack size unknown bytes, entry9a.o(.ARM.Collect$$$$0000000B))

<P><STRONG><a name="[209]"></a>__rt_final_cpp</STRONG> (Thumb, 0 bytes, Stack size unknown bytes, entry10a.o(.ARM.Collect$$$$0000000D))

<P><STRONG><a name="[20a]"></a>__rt_final_exit</STRONG> (Thumb, 0 bytes, Stack size unknown bytes, entry11a.o(.ARM.Collect$$$$0000000F))

<P><STRONG><a name="[0]"></a>Reset_Handler</STRONG> (Thumb, 24 bytes, Stack size 0 bytes, startup_mimxrt1021.o(.text))
<BR>[Address Reference Count : 1]<UL><LI> startup_mimxrt1021.o(RESET)
</UL>
<P><STRONG><a name="[1]"></a>NMI_Handler</STRONG> (Thumb, 2 bytes, Stack size 0 bytes, startup_mimxrt1021.o(.text))
<BR><BR>[Calls]<UL><LI><a href="#[1]">&gt;&gt;</a>&nbsp;&nbsp;&nbsp;NMI_Handler
</UL>
<BR>[Called By]<UL><LI><a href="#[1]">&gt;&gt;</a>&nbsp;&nbsp;&nbsp;NMI_Handler
</UL>
<BR>[Address Reference Count : 1]<UL><LI> startup_mimxrt1021.o(RESET)
</UL>
<P><STRONG><a name="[2]"></a>HardFault_Handler</STRONG> (Thumb, 2 bytes, Stack size 0 bytes, startup_mimxrt1021.o(.text))
<BR><BR>[Calls]<UL><LI><a href="#[2]">&gt;&gt;</a>&nbsp;&nbsp;&nbsp;HardFault_Handler
</UL>
<BR>[Called By]<UL><LI><a href="#[2]">&gt;&gt;</a>&nbsp;&nbsp;&nbsp;HardFault_Handler
</UL>
<BR>[Address Reference Count : 1]<UL><LI> startup_mimxrt1021.o(RESET)
</UL>
<P><STRONG><a name="[3]"></a>MemManage_Handler</STRONG> (Thumb, 2 bytes, Stack size 0 bytes, startup_mimxrt1021.o(.text))
<BR><BR>[Calls]<UL><LI><a href="#[3]">&gt;&gt;</a>&nbsp;&nbsp;&nbsp;MemManage_Handler
</UL>
<BR>[Called By]<UL><LI><a href="#[3]">&gt;&gt;</a>&nbsp;&nbsp;&nbsp;MemManage_Handler
</UL>
<BR>[Address Reference Count : 1]<UL><LI> startup_mimxrt1021.o(RESET)
</UL>
<P><STRONG><a name="[4]"></a>BusFault_Handler</STRONG> (Thumb, 2 bytes, Stack size 0 bytes, startup_mimxrt1021.o(.text))
<BR><BR>[Calls]<UL><LI><a href="#[4]">&gt;&gt;</a>&nbsp;&nbsp;&nbsp;BusFault_Handler
</UL>
<BR>[Called By]<UL><LI><a href="#[4]">&gt;&gt;</a>&nbsp;&nbsp;&nbsp;BusFault_Handler
</UL>
<BR>[Address Reference Count : 1]<UL><LI> startup_mimxrt1021.o(RESET)
</UL>
<P><STRONG><a name="[5]"></a>UsageFault_Handler</STRONG> (Thumb, 2 bytes, Stack size 0 bytes, startup_mimxrt1021.o(.text))
<BR><BR>[Calls]<UL><LI><a href="#[5]">&gt;&gt;</a>&nbsp;&nbsp;&nbsp;UsageFault_Handler
</UL>
<BR>[Called By]<UL><LI><a href="#[5]">&gt;&gt;</a>&nbsp;&nbsp;&nbsp;UsageFault_Handler
</UL>
<BR>[Address Reference Count : 1]<UL><LI> startup_mimxrt1021.o(RESET)
</UL>
<P><STRONG><a name="[6]"></a>SVC_Handler</STRONG> (Thumb, 2 bytes, Stack size 0 bytes, startup_mimxrt1021.o(.text))
<BR><BR>[Calls]<UL><LI><a href="#[6]">&gt;&gt;</a>&nbsp;&nbsp;&nbsp;SVC_Handler
</UL>
<BR>[Called By]<UL><LI><a href="#[6]">&gt;&gt;</a>&nbsp;&nbsp;&nbsp;SVC_Handler
</UL>
<BR>[Address Reference Count : 1]<UL><LI> startup_mimxrt1021.o(RESET)
</UL>
<P><STRONG><a name="[7]"></a>DebugMon_Handler</STRONG> (Thumb, 2 bytes, Stack size 0 bytes, startup_mimxrt1021.o(.text))
<BR><BR>[Calls]<UL><LI><a href="#[7]">&gt;&gt;</a>&nbsp;&nbsp;&nbsp;DebugMon_Handler
</UL>
<BR>[Called By]<UL><LI><a href="#[7]">&gt;&gt;</a>&nbsp;&nbsp;&nbsp;DebugMon_Handler
</UL>
<BR>[Address Reference Count : 1]<UL><LI> startup_mimxrt1021.o(RESET)
</UL>
<P><STRONG><a name="[8]"></a>PendSV_Handler</STRONG> (Thumb, 2 bytes, Stack size 0 bytes, startup_mimxrt1021.o(.text))
<BR><BR>[Calls]<UL><LI><a href="#[8]">&gt;&gt;</a>&nbsp;&nbsp;&nbsp;PendSV_Handler
</UL>
<BR>[Called By]<UL><LI><a href="#[8]">&gt;&gt;</a>&nbsp;&nbsp;&nbsp;PendSV_Handler
</UL>
<BR>[Address Reference Count : 1]<UL><LI> startup_mimxrt1021.o(RESET)
</UL>
<P><STRONG><a name="[a]"></a>DMA0_DMA16_IRQHandler</STRONG> (Thumb, 4 bytes, Stack size 0 bytes, startup_mimxrt1021.o(.text))
<BR>[Address Reference Count : 1]<UL><LI> startup_mimxrt1021.o(RESET)
</UL>
<P><STRONG><a name="[b]"></a>DMA1_DMA17_IRQHandler</STRONG> (Thumb, 4 bytes, Stack size 0 bytes, startup_mimxrt1021.o(.text))
<BR>[Address Reference Count : 1]<UL><LI> startup_mimxrt1021.o(RESET)
</UL>
<P><STRONG><a name="[c]"></a>DMA2_DMA18_IRQHandler</STRONG> (Thumb, 4 bytes, Stack size 0 bytes, startup_mimxrt1021.o(.text))
<BR>[Address Reference Count : 1]<UL><LI> startup_mimxrt1021.o(RESET)
</UL>
<P><STRONG><a name="[d]"></a>DMA3_DMA19_IRQHandler</STRONG> (Thumb, 4 bytes, Stack size 0 bytes, startup_mimxrt1021.o(.text))
<BR>[Address Reference Count : 1]<UL><LI> startup_mimxrt1021.o(RESET)
</UL>
<P><STRONG><a name="[e]"></a>DMA4_DMA20_IRQHandler</STRONG> (Thumb, 4 bytes, Stack size 0 bytes, startup_mimxrt1021.o(.text))
<BR>[Address Reference Count : 1]<UL><LI> startup_mimxrt1021.o(RESET)
</UL>
<P><STRONG><a name="[f]"></a>DMA5_DMA21_IRQHandler</STRONG> (Thumb, 4 bytes, Stack size 0 bytes, startup_mimxrt1021.o(.text))
<BR>[Address Reference Count : 1]<UL><LI> startup_mimxrt1021.o(RESET)
</UL>
<P><STRONG><a name="[10]"></a>DMA6_DMA22_IRQHandler</STRONG> (Thumb, 4 bytes, Stack size 0 bytes, startup_mimxrt1021.o(.text))
<BR>[Address Reference Count : 1]<UL><LI> startup_mimxrt1021.o(RESET)
</UL>
<P><STRONG><a name="[11]"></a>DMA7_DMA23_IRQHandler</STRONG> (Thumb, 4 bytes, Stack size 0 bytes, startup_mimxrt1021.o(.text))
<BR>[Address Reference Count : 1]<UL><LI> startup_mimxrt1021.o(RESET)
</UL>
<P><STRONG><a name="[12]"></a>DMA8_DMA24_IRQHandler</STRONG> (Thumb, 4 bytes, Stack size 0 bytes, startup_mimxrt1021.o(.text))
<BR>[Address Reference Count : 1]<UL><LI> startup_mimxrt1021.o(RESET)
</UL>
<P><STRONG><a name="[13]"></a>DMA9_DMA25_IRQHandler</STRONG> (Thumb, 4 bytes, Stack size 0 bytes, startup_mimxrt1021.o(.text))
<BR>[Address Reference Count : 1]<UL><LI> startup_mimxrt1021.o(RESET)
</UL>
<P><STRONG><a name="[14]"></a>DMA10_DMA26_IRQHandler</STRONG> (Thumb, 4 bytes, Stack size 0 bytes, startup_mimxrt1021.o(.text))
<BR>[Address Reference Count : 1]<UL><LI> startup_mimxrt1021.o(RESET)
</UL>
<P><STRONG><a name="[15]"></a>DMA11_DMA27_IRQHandler</STRONG> (Thumb, 4 bytes, Stack size 0 bytes, startup_mimxrt1021.o(.text))
<BR>[Address Reference Count : 1]<UL><LI> startup_mimxrt1021.o(RESET)
</UL>
<P><STRONG><a name="[16]"></a>DMA12_DMA28_IRQHandler</STRONG> (Thumb, 4 bytes, Stack size 0 bytes, startup_mimxrt1021.o(.text))
<BR>[Address Reference Count : 1]<UL><LI> startup_mimxrt1021.o(RESET)
</UL>
<P><STRONG><a name="[17]"></a>DMA13_DMA29_IRQHandler</STRONG> (Thumb, 4 bytes, Stack size 0 bytes, startup_mimxrt1021.o(.text))
<BR>[Address Reference Count : 1]<UL><LI> startup_mimxrt1021.o(RESET)
</UL>
<P><STRONG><a name="[18]"></a>DMA14_DMA30_IRQHandler</STRONG> (Thumb, 4 bytes, Stack size 0 bytes, startup_mimxrt1021.o(.text))
<BR>[Address Reference Count : 1]<UL><LI> startup_mimxrt1021.o(RESET)
</UL>
<P><STRONG><a name="[19]"></a>DMA15_DMA31_IRQHandler</STRONG> (Thumb, 4 bytes, Stack size 0 bytes, startup_mimxrt1021.o(.text))
<BR>[Address Reference Count : 1]<UL><LI> startup_mimxrt1021.o(RESET)
</UL>
<P><STRONG><a name="[1a]"></a>DMA_ERROR_IRQHandler</STRONG> (Thumb, 4 bytes, Stack size 0 bytes, startup_mimxrt1021.o(.text))
<BR>[Address Reference Count : 1]<UL><LI> startup_mimxrt1021.o(RESET)
</UL>
<P><STRONG><a name="[1e]"></a>LPUART1_IRQHandler</STRONG> (Thumb, 4 bytes, Stack size 0 bytes, startup_mimxrt1021.o(.text))
<BR>[Address Reference Count : 1]<UL><LI> startup_mimxrt1021.o(RESET)
</UL>
<P><STRONG><a name="[1f]"></a>LPUART2_IRQHandler</STRONG> (Thumb, 4 bytes, Stack size 0 bytes, startup_mimxrt1021.o(.text))
<BR>[Address Reference Count : 1]<UL><LI> startup_mimxrt1021.o(RESET)
</UL>
<P><STRONG><a name="[20]"></a>LPUART3_IRQHandler</STRONG> (Thumb, 4 bytes, Stack size 0 bytes, startup_mimxrt1021.o(.text))
<BR>[Address Reference Count : 1]<UL><LI> startup_mimxrt1021.o(RESET)
</UL>
<P><STRONG><a name="[21]"></a>LPUART4_IRQHandler</STRONG> (Thumb, 4 bytes, Stack size 0 bytes, startup_mimxrt1021.o(.text))
<BR>[Address Reference Count : 1]<UL><LI> startup_mimxrt1021.o(RESET)
</UL>
<P><STRONG><a name="[22]"></a>LPUART5_IRQHandler</STRONG> (Thumb, 4 bytes, Stack size 0 bytes, startup_mimxrt1021.o(.text))
<BR>[Address Reference Count : 1]<UL><LI> startup_mimxrt1021.o(RESET)
</UL>
<P><STRONG><a name="[23]"></a>LPUART6_IRQHandler</STRONG> (Thumb, 4 bytes, Stack size 0 bytes, startup_mimxrt1021.o(.text))
<BR>[Address Reference Count : 1]<UL><LI> startup_mimxrt1021.o(RESET)
</UL>
<P><STRONG><a name="[24]"></a>LPUART7_IRQHandler</STRONG> (Thumb, 4 bytes, Stack size 0 bytes, startup_mimxrt1021.o(.text))
<BR>[Address Reference Count : 1]<UL><LI> startup_mimxrt1021.o(RESET)
</UL>
<P><STRONG><a name="[25]"></a>LPUART8_IRQHandler</STRONG> (Thumb, 4 bytes, Stack size 0 bytes, startup_mimxrt1021.o(.text))
<BR>[Address Reference Count : 1]<UL><LI> startup_mimxrt1021.o(RESET)
</UL>
<P><STRONG><a name="[26]"></a>LPI2C1_IRQHandler</STRONG> (Thumb, 4 bytes, Stack size 0 bytes, startup_mimxrt1021.o(.text))
<BR>[Address Reference Count : 1]<UL><LI> startup_mimxrt1021.o(RESET)
</UL>
<P><STRONG><a name="[27]"></a>LPI2C2_IRQHandler</STRONG> (Thumb, 4 bytes, Stack size 0 bytes, startup_mimxrt1021.o(.text))
<BR>[Address Reference Count : 1]<UL><LI> startup_mimxrt1021.o(RESET)
</UL>
<P><STRONG><a name="[28]"></a>LPI2C3_IRQHandler</STRONG> (Thumb, 4 bytes, Stack size 0 bytes, startup_mimxrt1021.o(.text))
<BR>[Address Reference Count : 1]<UL><LI> startup_mimxrt1021.o(RESET)
</UL>
<P><STRONG><a name="[29]"></a>LPI2C4_IRQHandler</STRONG> (Thumb, 4 bytes, Stack size 0 bytes, startup_mimxrt1021.o(.text))
<BR>[Address Reference Count : 1]<UL><LI> startup_mimxrt1021.o(RESET)
</UL>
<P><STRONG><a name="[2a]"></a>LPSPI1_IRQHandler</STRONG> (Thumb, 4 bytes, Stack size 0 bytes, startup_mimxrt1021.o(.text))
<BR>[Address Reference Count : 1]<UL><LI> startup_mimxrt1021.o(RESET)
</UL>
<P><STRONG><a name="[2b]"></a>LPSPI2_IRQHandler</STRONG> (Thumb, 4 bytes, Stack size 0 bytes, startup_mimxrt1021.o(.text))
<BR>[Address Reference Count : 1]<UL><LI> startup_mimxrt1021.o(RESET)
</UL>
<P><STRONG><a name="[2c]"></a>LPSPI3_IRQHandler</STRONG> (Thumb, 4 bytes, Stack size 0 bytes, startup_mimxrt1021.o(.text))
<BR>[Address Reference Count : 1]<UL><LI> startup_mimxrt1021.o(RESET)
</UL>
<P><STRONG><a name="[2d]"></a>LPSPI4_IRQHandler</STRONG> (Thumb, 4 bytes, Stack size 0 bytes, startup_mimxrt1021.o(.text))
<BR>[Address Reference Count : 1]<UL><LI> startup_mimxrt1021.o(RESET)
</UL>
<P><STRONG><a name="[2e]"></a>CAN1_IRQHandler</STRONG> (Thumb, 4 bytes, Stack size 0 bytes, startup_mimxrt1021.o(.text))
<BR>[Address Reference Count : 1]<UL><LI> startup_mimxrt1021.o(RESET)
</UL>
<P><STRONG><a name="[2f]"></a>CAN2_IRQHandler</STRONG> (Thumb, 4 bytes, Stack size 0 bytes, startup_mimxrt1021.o(.text))
<BR>[Address Reference Count : 1]<UL><LI> startup_mimxrt1021.o(RESET)
</UL>
<P><STRONG><a name="[42]"></a>SAI1_IRQHandler</STRONG> (Thumb, 4 bytes, Stack size 0 bytes, startup_mimxrt1021.o(.text))
<BR>[Address Reference Count : 1]<UL><LI> startup_mimxrt1021.o(RESET)
</UL>
<P><STRONG><a name="[43]"></a>SAI2_IRQHandler</STRONG> (Thumb, 4 bytes, Stack size 0 bytes, startup_mimxrt1021.o(.text))
<BR>[Address Reference Count : 1]<UL><LI> startup_mimxrt1021.o(RESET)
</UL>
<P><STRONG><a name="[44]"></a>SAI3_RX_IRQHandler</STRONG> (Thumb, 4 bytes, Stack size 0 bytes, startup_mimxrt1021.o(.text))
<BR>[Address Reference Count : 1]<UL><LI> startup_mimxrt1021.o(RESET)
</UL>
<P><STRONG><a name="[45]"></a>SAI3_TX_IRQHandler</STRONG> (Thumb, 4 bytes, Stack size 0 bytes, startup_mimxrt1021.o(.text))
<BR>[Address Reference Count : 1]<UL><LI> startup_mimxrt1021.o(RESET)
</UL>
<P><STRONG><a name="[46]"></a>SPDIF_IRQHandler</STRONG> (Thumb, 4 bytes, Stack size 0 bytes, startup_mimxrt1021.o(.text))
<BR>[Address Reference Count : 1]<UL><LI> startup_mimxrt1021.o(RESET)
</UL>
<P><STRONG><a name="[64]"></a>FLEXIO1_IRQHandler</STRONG> (Thumb, 4 bytes, Stack size 0 bytes, startup_mimxrt1021.o(.text))
<BR>[Address Reference Count : 1]<UL><LI> startup_mimxrt1021.o(RESET)
</UL>
<P><STRONG><a name="[76]"></a>FLEXSPI_IRQHandler</STRONG> (Thumb, 4 bytes, Stack size 0 bytes, startup_mimxrt1021.o(.text))
<BR>[Address Reference Count : 1]<UL><LI> startup_mimxrt1021.o(RESET)
</UL>
<P><STRONG><a name="[78]"></a>USDHC1_IRQHandler</STRONG> (Thumb, 4 bytes, Stack size 0 bytes, startup_mimxrt1021.o(.text))
<BR>[Address Reference Count : 1]<UL><LI> startup_mimxrt1021.o(RESET)
</UL>
<P><STRONG><a name="[79]"></a>USDHC2_IRQHandler</STRONG> (Thumb, 4 bytes, Stack size 0 bytes, startup_mimxrt1021.o(.text))
<BR>[Address Reference Count : 1]<UL><LI> startup_mimxrt1021.o(RESET)
</UL>
<P><STRONG><a name="[7c]"></a>ENET_IRQHandler</STRONG> (Thumb, 4 bytes, Stack size 0 bytes, startup_mimxrt1021.o(.text))
<BR>[Address Reference Count : 1]<UL><LI> startup_mimxrt1021.o(RESET)
</UL>
<P><STRONG><a name="[85]"></a>ACMP1_IRQHandler</STRONG> (Thumb, 0 bytes, Stack size 0 bytes, startup_mimxrt1021.o(.text))
<BR>[Address Reference Count : 1]<UL><LI> startup_mimxrt1021.o(RESET)
</UL>
<P><STRONG><a name="[86]"></a>ACMP2_IRQHandler</STRONG> (Thumb, 0 bytes, Stack size 0 bytes, startup_mimxrt1021.o(.text))
<BR>[Address Reference Count : 1]<UL><LI> startup_mimxrt1021.o(RESET)
</UL>
<P><STRONG><a name="[87]"></a>ACMP3_IRQHandler</STRONG> (Thumb, 0 bytes, Stack size 0 bytes, startup_mimxrt1021.o(.text))
<BR>[Address Reference Count : 1]<UL><LI> startup_mimxrt1021.o(RESET)
</UL>
<P><STRONG><a name="[88]"></a>ACMP4_IRQHandler</STRONG> (Thumb, 0 bytes, Stack size 0 bytes, startup_mimxrt1021.o(.text))
<BR>[Address Reference Count : 1]<UL><LI> startup_mimxrt1021.o(RESET)
</UL>
<P><STRONG><a name="[4d]"></a>ADC1_IRQHandler</STRONG> (Thumb, 0 bytes, Stack size 0 bytes, startup_mimxrt1021.o(.text))
<BR>[Address Reference Count : 1]<UL><LI> startup_mimxrt1021.o(RESET)
</UL>
<P><STRONG><a name="[4e]"></a>ADC2_IRQHandler</STRONG> (Thumb, 0 bytes, Stack size 0 bytes, startup_mimxrt1021.o(.text))
<BR>[Address Reference Count : 1]<UL><LI> startup_mimxrt1021.o(RESET)
</UL>
<P><STRONG><a name="[83]"></a>ADC_ETC_ERROR_IRQ_IRQHandler</STRONG> (Thumb, 0 bytes, Stack size 0 bytes, startup_mimxrt1021.o(.text))
<BR>[Address Reference Count : 1]<UL><LI> startup_mimxrt1021.o(RESET)
</UL>
<P><STRONG><a name="[80]"></a>ADC_ETC_IRQ0_IRQHandler</STRONG> (Thumb, 0 bytes, Stack size 0 bytes, startup_mimxrt1021.o(.text))
<BR>[Address Reference Count : 1]<UL><LI> startup_mimxrt1021.o(RESET)
</UL>
<P><STRONG><a name="[81]"></a>ADC_ETC_IRQ1_IRQHandler</STRONG> (Thumb, 0 bytes, Stack size 0 bytes, startup_mimxrt1021.o(.text))
<BR>[Address Reference Count : 1]<UL><LI> startup_mimxrt1021.o(RESET)
</UL>
<P><STRONG><a name="[82]"></a>ADC_ETC_IRQ2_IRQHandler</STRONG> (Thumb, 0 bytes, Stack size 0 bytes, startup_mimxrt1021.o(.text))
<BR>[Address Reference Count : 1]<UL><LI> startup_mimxrt1021.o(RESET)
</UL>
<P><STRONG><a name="[41]"></a>BEE_IRQHandler</STRONG> (Thumb, 0 bytes, Stack size 0 bytes, startup_mimxrt1021.o(.text))
<BR>[Address Reference Count : 1]<UL><LI> startup_mimxrt1021.o(RESET)
</UL>
<P><STRONG><a name="[bd]"></a>CAN1_DriverIRQHandler</STRONG> (Thumb, 0 bytes, Stack size 0 bytes, startup_mimxrt1021.o(.text))
<BR>[Address Reference Count : 1]<UL><LI> startup_mimxrt1021.o(.text)
</UL>
<P><STRONG><a name="[be]"></a>CAN2_DriverIRQHandler</STRONG> (Thumb, 0 bytes, Stack size 0 bytes, startup_mimxrt1021.o(.text))
<BR>[Address Reference Count : 1]<UL><LI> startup_mimxrt1021.o(.text)
</UL>
<P><STRONG><a name="[69]"></a>CCM_1_IRQHandler</STRONG> (Thumb, 0 bytes, Stack size 0 bytes, startup_mimxrt1021.o(.text))
<BR>[Address Reference Count : 1]<UL><LI> startup_mimxrt1021.o(RESET)
</UL>
<P><STRONG><a name="[6a]"></a>CCM_2_IRQHandler</STRONG> (Thumb, 0 bytes, Stack size 0 bytes, startup_mimxrt1021.o(.text))
<BR>[Address Reference Count : 1]<UL><LI> startup_mimxrt1021.o(RESET)
</UL>
<P><STRONG><a name="[1d]"></a>CORE_IRQHandler</STRONG> (Thumb, 0 bytes, Stack size 0 bytes, startup_mimxrt1021.o(.text))
<BR>[Address Reference Count : 1]<UL><LI> startup_mimxrt1021.o(RESET)
</UL>
<P><STRONG><a name="[3b]"></a>CSU_IRQHandler</STRONG> (Thumb, 0 bytes, Stack size 0 bytes, startup_mimxrt1021.o(.text))
<BR>[Address Reference Count : 1]<UL><LI> startup_mimxrt1021.o(RESET)
</UL>
<P><STRONG><a name="[1b]"></a>CTI0_ERROR_IRQHandler</STRONG> (Thumb, 0 bytes, Stack size 0 bytes, startup_mimxrt1021.o(.text))
<BR>[Address Reference Count : 1]<UL><LI> startup_mimxrt1021.o(RESET)
</UL>
<P><STRONG><a name="[1c]"></a>CTI1_ERROR_IRQHandler</STRONG> (Thumb, 0 bytes, Stack size 0 bytes, startup_mimxrt1021.o(.text))
<BR>[Address Reference Count : 1]<UL><LI> startup_mimxrt1021.o(RESET)
</UL>
<P><STRONG><a name="[4f]"></a>DCDC_IRQHandler</STRONG> (Thumb, 0 bytes, Stack size 0 bytes, startup_mimxrt1021.o(.text))
<BR>[Address Reference Count : 1]<UL><LI> startup_mimxrt1021.o(RESET)
</UL>
<P><STRONG><a name="[3c]"></a>DCP_IRQHandler</STRONG> (Thumb, 0 bytes, Stack size 0 bytes, startup_mimxrt1021.o(.text))
<BR>[Address Reference Count : 1]<UL><LI> startup_mimxrt1021.o(RESET)
</UL>
<P><STRONG><a name="[3d]"></a>DCP_VMI_IRQHandler</STRONG> (Thumb, 0 bytes, Stack size 0 bytes, startup_mimxrt1021.o(.text))
<BR>[Address Reference Count : 1]<UL><LI> startup_mimxrt1021.o(RESET)
</UL>
<P><STRONG><a name="[9c]"></a>DMA0_DMA16_DriverIRQHandler</STRONG> (Thumb, 0 bytes, Stack size 0 bytes, startup_mimxrt1021.o(.text))
<BR>[Address Reference Count : 1]<UL><LI> startup_mimxrt1021.o(.text)
</UL>
<P><STRONG><a name="[a6]"></a>DMA10_DMA26_DriverIRQHandler</STRONG> (Thumb, 0 bytes, Stack size 0 bytes, startup_mimxrt1021.o(.text))
<BR>[Address Reference Count : 1]<UL><LI> startup_mimxrt1021.o(.text)
</UL>
<P><STRONG><a name="[a7]"></a>DMA11_DMA27_DriverIRQHandler</STRONG> (Thumb, 0 bytes, Stack size 0 bytes, startup_mimxrt1021.o(.text))
<BR>[Address Reference Count : 1]<UL><LI> startup_mimxrt1021.o(.text)
</UL>
<P><STRONG><a name="[a8]"></a>DMA12_DMA28_DriverIRQHandler</STRONG> (Thumb, 0 bytes, Stack size 0 bytes, startup_mimxrt1021.o(.text))
<BR>[Address Reference Count : 1]<UL><LI> startup_mimxrt1021.o(.text)
</UL>
<P><STRONG><a name="[a9]"></a>DMA13_DMA29_DriverIRQHandler</STRONG> (Thumb, 0 bytes, Stack size 0 bytes, startup_mimxrt1021.o(.text))
<BR>[Address Reference Count : 1]<UL><LI> startup_mimxrt1021.o(.text)
</UL>
<P><STRONG><a name="[aa]"></a>DMA14_DMA30_DriverIRQHandler</STRONG> (Thumb, 0 bytes, Stack size 0 bytes, startup_mimxrt1021.o(.text))
<BR>[Address Reference Count : 1]<UL><LI> startup_mimxrt1021.o(.text)
</UL>
<P><STRONG><a name="[ab]"></a>DMA15_DMA31_DriverIRQHandler</STRONG> (Thumb, 0 bytes, Stack size 0 bytes, startup_mimxrt1021.o(.text))
<BR>[Address Reference Count : 1]<UL><LI> startup_mimxrt1021.o(.text)
</UL>
<P><STRONG><a name="[9d]"></a>DMA1_DMA17_DriverIRQHandler</STRONG> (Thumb, 0 bytes, Stack size 0 bytes, startup_mimxrt1021.o(.text))
<BR>[Address Reference Count : 1]<UL><LI> startup_mimxrt1021.o(.text)
</UL>
<P><STRONG><a name="[9e]"></a>DMA2_DMA18_DriverIRQHandler</STRONG> (Thumb, 0 bytes, Stack size 0 bytes, startup_mimxrt1021.o(.text))
<BR>[Address Reference Count : 1]<UL><LI> startup_mimxrt1021.o(.text)
</UL>
<P><STRONG><a name="[9f]"></a>DMA3_DMA19_DriverIRQHandler</STRONG> (Thumb, 0 bytes, Stack size 0 bytes, startup_mimxrt1021.o(.text))
<BR>[Address Reference Count : 1]<UL><LI> startup_mimxrt1021.o(.text)
</UL>
<P><STRONG><a name="[a0]"></a>DMA4_DMA20_DriverIRQHandler</STRONG> (Thumb, 0 bytes, Stack size 0 bytes, startup_mimxrt1021.o(.text))
<BR>[Address Reference Count : 1]<UL><LI> startup_mimxrt1021.o(.text)
</UL>
<P><STRONG><a name="[a1]"></a>DMA5_DMA21_DriverIRQHandler</STRONG> (Thumb, 0 bytes, Stack size 0 bytes, startup_mimxrt1021.o(.text))
<BR>[Address Reference Count : 1]<UL><LI> startup_mimxrt1021.o(.text)
</UL>
<P><STRONG><a name="[a2]"></a>DMA6_DMA22_DriverIRQHandler</STRONG> (Thumb, 0 bytes, Stack size 0 bytes, startup_mimxrt1021.o(.text))
<BR>[Address Reference Count : 1]<UL><LI> startup_mimxrt1021.o(.text)
</UL>
<P><STRONG><a name="[a3]"></a>DMA7_DMA23_DriverIRQHandler</STRONG> (Thumb, 0 bytes, Stack size 0 bytes, startup_mimxrt1021.o(.text))
<BR>[Address Reference Count : 1]<UL><LI> startup_mimxrt1021.o(.text)
</UL>
<P><STRONG><a name="[a4]"></a>DMA8_DMA24_DriverIRQHandler</STRONG> (Thumb, 0 bytes, Stack size 0 bytes, startup_mimxrt1021.o(.text))
<BR>[Address Reference Count : 1]<UL><LI> startup_mimxrt1021.o(.text)
</UL>
<P><STRONG><a name="[a5]"></a>DMA9_DMA25_DriverIRQHandler</STRONG> (Thumb, 0 bytes, Stack size 0 bytes, startup_mimxrt1021.o(.text))
<BR>[Address Reference Count : 1]<UL><LI> startup_mimxrt1021.o(.text)
</UL>
<P><STRONG><a name="[ac]"></a>DMA_ERROR_DriverIRQHandler</STRONG> (Thumb, 0 bytes, Stack size 0 bytes, startup_mimxrt1021.o(.text))
<BR>[Address Reference Count : 1]<UL><LI> startup_mimxrt1021.o(.text)
</UL>
<P><STRONG><a name="[98]"></a>DefaultISR</STRONG> (Thumb, 0 bytes, Stack size 0 bytes, startup_mimxrt1021.o(.text))
<BR>[Address Reference Count : 2]<UL><LI> startup_mimxrt1021.o(.text)
<LI> startup_mimxrt1021.o(RESET)
</UL>
<P><STRONG><a name="[8b]"></a>ENC1_IRQHandler</STRONG> (Thumb, 0 bytes, Stack size 0 bytes, startup_mimxrt1021.o(.text))
<BR>[Address Reference Count : 1]<UL><LI> startup_mimxrt1021.o(RESET)
</UL>
<P><STRONG><a name="[8c]"></a>ENC2_IRQHandler</STRONG> (Thumb, 0 bytes, Stack size 0 bytes, startup_mimxrt1021.o(.text))
<BR>[Address Reference Count : 1]<UL><LI> startup_mimxrt1021.o(RESET)
</UL>
<P><STRONG><a name="[c9]"></a>ENET_1588_Timer_DriverIRQHandler</STRONG> (Thumb, 0 bytes, Stack size 0 bytes, startup_mimxrt1021.o(.text))
<BR>[Address Reference Count : 1]<UL><LI> startup_mimxrt1021.o(.text)
</UL>
<P><STRONG><a name="[68]"></a>EWM_IRQHandler</STRONG> (Thumb, 0 bytes, Stack size 0 bytes, startup_mimxrt1021.o(.text))
<BR>[Address Reference Count : 1]<UL><LI> startup_mimxrt1021.o(RESET)
</UL>
<P><STRONG><a name="[c4]"></a>FLEXIO1_DriverIRQHandler</STRONG> (Thumb, 0 bytes, Stack size 0 bytes, startup_mimxrt1021.o(.text))
<BR>[Address Reference Count : 1]<UL><LI> startup_mimxrt1021.o(.text)
</UL>
<P><STRONG><a name="[30]"></a>FLEXRAM_IRQHandler</STRONG> (Thumb, 0 bytes, Stack size 0 bytes, startup_mimxrt1021.o(.text))
<BR>[Address Reference Count : 1]<UL><LI> startup_mimxrt1021.o(RESET)
</UL>
<P><STRONG><a name="[c5]"></a>FLEXSPI_DriverIRQHandler</STRONG> (Thumb, 0 bytes, Stack size 0 bytes, startup_mimxrt1021.o(.text))
<BR>[Address Reference Count : 1]<UL><LI> startup_mimxrt1021.o(.text)
</UL>
<P><STRONG><a name="[6b]"></a>GPC_IRQHandler</STRONG> (Thumb, 0 bytes, Stack size 0 bytes, startup_mimxrt1021.o(.text))
<BR>[Address Reference Count : 1]<UL><LI> startup_mimxrt1021.o(RESET)
</UL>
<P><STRONG><a name="[5a]"></a>GPIO1_Combined_0_15_IRQHandler</STRONG> (Thumb, 0 bytes, Stack size 0 bytes, startup_mimxrt1021.o(.text))
<BR>[Address Reference Count : 1]<UL><LI> startup_mimxrt1021.o(RESET)
</UL>
<P><STRONG><a name="[5b]"></a>GPIO1_Combined_16_31_IRQHandler</STRONG> (Thumb, 0 bytes, Stack size 0 bytes, startup_mimxrt1021.o(.text))
<BR>[Address Reference Count : 1]<UL><LI> startup_mimxrt1021.o(RESET)
</UL>
<P><STRONG><a name="[52]"></a>GPIO1_INT0_IRQHandler</STRONG> (Thumb, 0 bytes, Stack size 0 bytes, startup_mimxrt1021.o(.text))
<BR>[Address Reference Count : 1]<UL><LI> startup_mimxrt1021.o(RESET)
</UL>
<P><STRONG><a name="[53]"></a>GPIO1_INT1_IRQHandler</STRONG> (Thumb, 0 bytes, Stack size 0 bytes, startup_mimxrt1021.o(.text))
<BR>[Address Reference Count : 1]<UL><LI> startup_mimxrt1021.o(RESET)
</UL>
<P><STRONG><a name="[54]"></a>GPIO1_INT2_IRQHandler</STRONG> (Thumb, 0 bytes, Stack size 0 bytes, startup_mimxrt1021.o(.text))
<BR>[Address Reference Count : 1]<UL><LI> startup_mimxrt1021.o(RESET)
</UL>
<P><STRONG><a name="[55]"></a>GPIO1_INT3_IRQHandler</STRONG> (Thumb, 0 bytes, Stack size 0 bytes, startup_mimxrt1021.o(.text))
<BR>[Address Reference Count : 1]<UL><LI> startup_mimxrt1021.o(RESET)
</UL>
<P><STRONG><a name="[56]"></a>GPIO1_INT4_IRQHandler</STRONG> (Thumb, 0 bytes, Stack size 0 bytes, startup_mimxrt1021.o(.text))
<BR>[Address Reference Count : 1]<UL><LI> startup_mimxrt1021.o(RESET)
</UL>
<P><STRONG><a name="[57]"></a>GPIO1_INT5_IRQHandler</STRONG> (Thumb, 0 bytes, Stack size 0 bytes, startup_mimxrt1021.o(.text))
<BR>[Address Reference Count : 1]<UL><LI> startup_mimxrt1021.o(RESET)
</UL>
<P><STRONG><a name="[58]"></a>GPIO1_INT6_IRQHandler</STRONG> (Thumb, 0 bytes, Stack size 0 bytes, startup_mimxrt1021.o(.text))
<BR>[Address Reference Count : 1]<UL><LI> startup_mimxrt1021.o(RESET)
</UL>
<P><STRONG><a name="[59]"></a>GPIO1_INT7_IRQHandler</STRONG> (Thumb, 0 bytes, Stack size 0 bytes, startup_mimxrt1021.o(.text))
<BR>[Address Reference Count : 1]<UL><LI> startup_mimxrt1021.o(RESET)
</UL>
<P><STRONG><a name="[5c]"></a>GPIO2_Combined_0_15_IRQHandler</STRONG> (Thumb, 0 bytes, Stack size 0 bytes, startup_mimxrt1021.o(.text))
<BR>[Address Reference Count : 1]<UL><LI> startup_mimxrt1021.o(RESET)
</UL>
<P><STRONG><a name="[5d]"></a>GPIO2_Combined_16_31_IRQHandler</STRONG> (Thumb, 0 bytes, Stack size 0 bytes, startup_mimxrt1021.o(.text))
<BR>[Address Reference Count : 1]<UL><LI> startup_mimxrt1021.o(RESET)
</UL>
<P><STRONG><a name="[5e]"></a>GPIO3_Combined_0_15_IRQHandler</STRONG> (Thumb, 0 bytes, Stack size 0 bytes, startup_mimxrt1021.o(.text))
<BR>[Address Reference Count : 1]<UL><LI> startup_mimxrt1021.o(RESET)
</UL>
<P><STRONG><a name="[5f]"></a>GPIO3_Combined_16_31_IRQHandler</STRONG> (Thumb, 0 bytes, Stack size 0 bytes, startup_mimxrt1021.o(.text))
<BR>[Address Reference Count : 1]<UL><LI> startup_mimxrt1021.o(RESET)
</UL>
<P><STRONG><a name="[62]"></a>GPIO5_Combined_0_15_IRQHandler</STRONG> (Thumb, 0 bytes, Stack size 0 bytes, startup_mimxrt1021.o(.text))
<BR>[Address Reference Count : 1]<UL><LI> startup_mimxrt1021.o(RESET)
</UL>
<P><STRONG><a name="[63]"></a>GPIO5_Combined_16_31_IRQHandler</STRONG> (Thumb, 0 bytes, Stack size 0 bytes, startup_mimxrt1021.o(.text))
<BR>[Address Reference Count : 1]<UL><LI> startup_mimxrt1021.o(RESET)
</UL>
<P><STRONG><a name="[33]"></a>GPR_IRQ_IRQHandler</STRONG> (Thumb, 0 bytes, Stack size 0 bytes, startup_mimxrt1021.o(.text))
<BR>[Address Reference Count : 1]<UL><LI> startup_mimxrt1021.o(RESET)
</UL>
<P><STRONG><a name="[6e]"></a>GPT1_IRQHandler</STRONG> (Thumb, 0 bytes, Stack size 0 bytes, startup_mimxrt1021.o(.text))
<BR>[Address Reference Count : 1]<UL><LI> startup_mimxrt1021.o(RESET)
</UL>
<P><STRONG><a name="[6f]"></a>GPT2_IRQHandler</STRONG> (Thumb, 0 bytes, Stack size 0 bytes, startup_mimxrt1021.o(.text))
<BR>[Address Reference Count : 1]<UL><LI> startup_mimxrt1021.o(RESET)
</UL>
<P><STRONG><a name="[31]"></a>KPP_IRQHandler</STRONG> (Thumb, 0 bytes, Stack size 0 bytes, startup_mimxrt1021.o(.text))
<BR>[Address Reference Count : 1]<UL><LI> startup_mimxrt1021.o(RESET)
</UL>
<P><STRONG><a name="[b5]"></a>LPI2C1_DriverIRQHandler</STRONG> (Thumb, 0 bytes, Stack size 0 bytes, startup_mimxrt1021.o(.text))
<BR>[Address Reference Count : 1]<UL><LI> startup_mimxrt1021.o(.text)
</UL>
<P><STRONG><a name="[b6]"></a>LPI2C2_DriverIRQHandler</STRONG> (Thumb, 0 bytes, Stack size 0 bytes, startup_mimxrt1021.o(.text))
<BR>[Address Reference Count : 1]<UL><LI> startup_mimxrt1021.o(.text)
</UL>
<P><STRONG><a name="[b7]"></a>LPI2C3_DriverIRQHandler</STRONG> (Thumb, 0 bytes, Stack size 0 bytes, startup_mimxrt1021.o(.text))
<BR>[Address Reference Count : 1]<UL><LI> startup_mimxrt1021.o(.text)
</UL>
<P><STRONG><a name="[b8]"></a>LPI2C4_DriverIRQHandler</STRONG> (Thumb, 0 bytes, Stack size 0 bytes, startup_mimxrt1021.o(.text))
<BR>[Address Reference Count : 1]<UL><LI> startup_mimxrt1021.o(.text)
</UL>
<P><STRONG><a name="[b9]"></a>LPSPI1_DriverIRQHandler</STRONG> (Thumb, 0 bytes, Stack size 0 bytes, startup_mimxrt1021.o(.text))
<BR>[Address Reference Count : 1]<UL><LI> startup_mimxrt1021.o(.text)
</UL>
<P><STRONG><a name="[ba]"></a>LPSPI2_DriverIRQHandler</STRONG> (Thumb, 0 bytes, Stack size 0 bytes, startup_mimxrt1021.o(.text))
<BR>[Address Reference Count : 1]<UL><LI> startup_mimxrt1021.o(.text)
</UL>
<P><STRONG><a name="[bb]"></a>LPSPI3_DriverIRQHandler</STRONG> (Thumb, 0 bytes, Stack size 0 bytes, startup_mimxrt1021.o(.text))
<BR>[Address Reference Count : 1]<UL><LI> startup_mimxrt1021.o(.text)
</UL>
<P><STRONG><a name="[bc]"></a>LPSPI4_DriverIRQHandler</STRONG> (Thumb, 0 bytes, Stack size 0 bytes, startup_mimxrt1021.o(.text))
<BR>[Address Reference Count : 1]<UL><LI> startup_mimxrt1021.o(.text)
</UL>
<P><STRONG><a name="[84]"></a>PIT_IRQHandler</STRONG> (Thumb, 0 bytes, Stack size 0 bytes, startup_mimxrt1021.o(.text))
<BR>[Address Reference Count : 1]<UL><LI> startup_mimxrt1021.o(RESET)
</UL>
<P><STRONG><a name="[47]"></a>PMU_IRQHandler</STRONG> (Thumb, 0 bytes, Stack size 0 bytes, startup_mimxrt1021.o(.text))
<BR>[Address Reference Count : 1]<UL><LI> startup_mimxrt1021.o(RESET)
</UL>
<P><STRONG><a name="[70]"></a>PWM1_0_IRQHandler</STRONG> (Thumb, 0 bytes, Stack size 0 bytes, startup_mimxrt1021.o(.text))
<BR>[Address Reference Count : 1]<UL><LI> startup_mimxrt1021.o(RESET)
</UL>
<P><STRONG><a name="[71]"></a>PWM1_1_IRQHandler</STRONG> (Thumb, 0 bytes, Stack size 0 bytes, startup_mimxrt1021.o(.text))
<BR>[Address Reference Count : 1]<UL><LI> startup_mimxrt1021.o(RESET)
</UL>
<P><STRONG><a name="[72]"></a>PWM1_2_IRQHandler</STRONG> (Thumb, 0 bytes, Stack size 0 bytes, startup_mimxrt1021.o(.text))
<BR>[Address Reference Count : 1]<UL><LI> startup_mimxrt1021.o(RESET)
</UL>
<P><STRONG><a name="[73]"></a>PWM1_3_IRQHandler</STRONG> (Thumb, 0 bytes, Stack size 0 bytes, startup_mimxrt1021.o(.text))
<BR>[Address Reference Count : 1]<UL><LI> startup_mimxrt1021.o(RESET)
</UL>
<P><STRONG><a name="[74]"></a>PWM1_FAULT_IRQHandler</STRONG> (Thumb, 0 bytes, Stack size 0 bytes, startup_mimxrt1021.o(.text))
<BR>[Address Reference Count : 1]<UL><LI> startup_mimxrt1021.o(RESET)
</UL>
<P><STRONG><a name="[93]"></a>PWM2_0_IRQHandler</STRONG> (Thumb, 0 bytes, Stack size 0 bytes, startup_mimxrt1021.o(.text))
<BR>[Address Reference Count : 1]<UL><LI> startup_mimxrt1021.o(RESET)
</UL>
<P><STRONG><a name="[94]"></a>PWM2_1_IRQHandler</STRONG> (Thumb, 0 bytes, Stack size 0 bytes, startup_mimxrt1021.o(.text))
<BR>[Address Reference Count : 1]<UL><LI> startup_mimxrt1021.o(RESET)
</UL>
<P><STRONG><a name="[95]"></a>PWM2_2_IRQHandler</STRONG> (Thumb, 0 bytes, Stack size 0 bytes, startup_mimxrt1021.o(.text))
<BR>[Address Reference Count : 1]<UL><LI> startup_mimxrt1021.o(RESET)
</UL>
<P><STRONG><a name="[96]"></a>PWM2_3_IRQHandler</STRONG> (Thumb, 0 bytes, Stack size 0 bytes, startup_mimxrt1021.o(.text))
<BR>[Address Reference Count : 1]<UL><LI> startup_mimxrt1021.o(RESET)
</UL>
<P><STRONG><a name="[97]"></a>PWM2_FAULT_IRQHandler</STRONG> (Thumb, 0 bytes, Stack size 0 bytes, startup_mimxrt1021.o(.text))
<BR>[Address Reference Count : 1]<UL><LI> startup_mimxrt1021.o(RESET)
</UL>
<P><STRONG><a name="[67]"></a>RTWDOG_IRQHandler</STRONG> (Thumb, 0 bytes, Stack size 0 bytes, startup_mimxrt1021.o(.text))
<BR>[Address Reference Count : 1]<UL><LI> startup_mimxrt1021.o(RESET)
</UL>
<P><STRONG><a name="[60]"></a>Reserved102_IRQHandler</STRONG> (Thumb, 0 bytes, Stack size 0 bytes, startup_mimxrt1021.o(.text))
<BR>[Address Reference Count : 1]<UL><LI> startup_mimxrt1021.o(RESET)
</UL>
<P><STRONG><a name="[61]"></a>Reserved103_IRQHandler</STRONG> (Thumb, 0 bytes, Stack size 0 bytes, startup_mimxrt1021.o(.text))
<BR>[Address Reference Count : 1]<UL><LI> startup_mimxrt1021.o(RESET)
</UL>
<P><STRONG><a name="[65]"></a>Reserved107_IRQHandler</STRONG> (Thumb, 0 bytes, Stack size 0 bytes, startup_mimxrt1021.o(.text))
<BR>[Address Reference Count : 1]<UL><LI> startup_mimxrt1021.o(RESET)
</UL>
<P><STRONG><a name="[6d]"></a>Reserved115_IRQHandler</STRONG> (Thumb, 0 bytes, Stack size 0 bytes, startup_mimxrt1021.o(.text))
<BR>[Address Reference Count : 1]<UL><LI> startup_mimxrt1021.o(RESET)
</UL>
<P><STRONG><a name="[75]"></a>Reserved123_IRQHandler</STRONG> (Thumb, 0 bytes, Stack size 0 bytes, startup_mimxrt1021.o(.text))
<BR>[Address Reference Count : 1]<UL><LI> startup_mimxrt1021.o(RESET)
</UL>
<P><STRONG><a name="[7a]"></a>Reserved128_IRQHandler</STRONG> (Thumb, 0 bytes, Stack size 0 bytes, startup_mimxrt1021.o(.text))
<BR>[Address Reference Count : 1]<UL><LI> startup_mimxrt1021.o(RESET)
</UL>
<P><STRONG><a name="[89]"></a>Reserved143_IRQHandler</STRONG> (Thumb, 0 bytes, Stack size 0 bytes, startup_mimxrt1021.o(.text))
<BR>[Address Reference Count : 1]<UL><LI> startup_mimxrt1021.o(RESET)
</UL>
<P><STRONG><a name="[8a]"></a>Reserved144_IRQHandler</STRONG> (Thumb, 0 bytes, Stack size 0 bytes, startup_mimxrt1021.o(.text))
<BR>[Address Reference Count : 1]<UL><LI> startup_mimxrt1021.o(RESET)
</UL>
<P><STRONG><a name="[8d]"></a>Reserved147_IRQHandler</STRONG> (Thumb, 0 bytes, Stack size 0 bytes, startup_mimxrt1021.o(.text))
<BR>[Address Reference Count : 1]<UL><LI> startup_mimxrt1021.o(RESET)
</UL>
<P><STRONG><a name="[8e]"></a>Reserved148_IRQHandler</STRONG> (Thumb, 0 bytes, Stack size 0 bytes, startup_mimxrt1021.o(.text))
<BR>[Address Reference Count : 1]<UL><LI> startup_mimxrt1021.o(RESET)
</UL>
<P><STRONG><a name="[91]"></a>Reserved151_IRQHandler</STRONG> (Thumb, 0 bytes, Stack size 0 bytes, startup_mimxrt1021.o(.text))
<BR>[Address Reference Count : 1]<UL><LI> startup_mimxrt1021.o(RESET)
</UL>
<P><STRONG><a name="[92]"></a>Reserved152_IRQHandler</STRONG> (Thumb, 0 bytes, Stack size 0 bytes, startup_mimxrt1021.o(.text))
<BR>[Address Reference Count : 1]<UL><LI> startup_mimxrt1021.o(RESET)
</UL>
<P><STRONG><a name="[32]"></a>Reserved56_IRQHandler</STRONG> (Thumb, 0 bytes, Stack size 0 bytes, startup_mimxrt1021.o(.text))
<BR>[Address Reference Count : 1]<UL><LI> startup_mimxrt1021.o(RESET)
</UL>
<P><STRONG><a name="[34]"></a>Reserved58_IRQHandler</STRONG> (Thumb, 0 bytes, Stack size 0 bytes, startup_mimxrt1021.o(.text))
<BR>[Address Reference Count : 1]<UL><LI> startup_mimxrt1021.o(RESET)
</UL>
<P><STRONG><a name="[35]"></a>Reserved59_IRQHandler</STRONG> (Thumb, 0 bytes, Stack size 0 bytes, startup_mimxrt1021.o(.text))
<BR>[Address Reference Count : 1]<UL><LI> startup_mimxrt1021.o(RESET)
</UL>
<P><STRONG><a name="[36]"></a>Reserved60_IRQHandler</STRONG> (Thumb, 0 bytes, Stack size 0 bytes, startup_mimxrt1021.o(.text))
<BR>[Address Reference Count : 1]<UL><LI> startup_mimxrt1021.o(RESET)
</UL>
<P><STRONG><a name="[3e]"></a>Reserved68_IRQHandler</STRONG> (Thumb, 0 bytes, Stack size 0 bytes, startup_mimxrt1021.o(.text))
<BR>[Address Reference Count : 1]<UL><LI> startup_mimxrt1021.o(RESET)
</UL>
<P><STRONG><a name="[40]"></a>Reserved70_IRQHandler</STRONG> (Thumb, 0 bytes, Stack size 0 bytes, startup_mimxrt1021.o(.text))
<BR>[Address Reference Count : 1]<UL><LI> startup_mimxrt1021.o(RESET)
</UL>
<P><STRONG><a name="[48]"></a>Reserved78_IRQHandler</STRONG> (Thumb, 0 bytes, Stack size 0 bytes, startup_mimxrt1021.o(.text))
<BR>[Address Reference Count : 1]<UL><LI> startup_mimxrt1021.o(RESET)
</UL>
<P><STRONG><a name="[4c]"></a>Reserved82_IRQHandler</STRONG> (Thumb, 0 bytes, Stack size 0 bytes, startup_mimxrt1021.o(.text))
<BR>[Address Reference Count : 1]<UL><LI> startup_mimxrt1021.o(RESET)
</UL>
<P><STRONG><a name="[50]"></a>Reserved86_IRQHandler</STRONG> (Thumb, 0 bytes, Stack size 0 bytes, startup_mimxrt1021.o(.text))
<BR>[Address Reference Count : 1]<UL><LI> startup_mimxrt1021.o(RESET)
</UL>
<P><STRONG><a name="[51]"></a>Reserved87_IRQHandler</STRONG> (Thumb, 0 bytes, Stack size 0 bytes, startup_mimxrt1021.o(.text))
<BR>[Address Reference Count : 1]<UL><LI> startup_mimxrt1021.o(RESET)
</UL>
<P><STRONG><a name="[bf]"></a>SAI1_DriverIRQHandler</STRONG> (Thumb, 0 bytes, Stack size 0 bytes, startup_mimxrt1021.o(.text))
<BR>[Address Reference Count : 1]<UL><LI> startup_mimxrt1021.o(.text)
</UL>
<P><STRONG><a name="[c0]"></a>SAI2_DriverIRQHandler</STRONG> (Thumb, 0 bytes, Stack size 0 bytes, startup_mimxrt1021.o(.text))
<BR>[Address Reference Count : 1]<UL><LI> startup_mimxrt1021.o(.text)
</UL>
<P><STRONG><a name="[c1]"></a>SAI3_RX_DriverIRQHandler</STRONG> (Thumb, 0 bytes, Stack size 0 bytes, startup_mimxrt1021.o(.text))
<BR>[Address Reference Count : 1]<UL><LI> startup_mimxrt1021.o(.text)
</UL>
<P><STRONG><a name="[c2]"></a>SAI3_TX_DriverIRQHandler</STRONG> (Thumb, 0 bytes, Stack size 0 bytes, startup_mimxrt1021.o(.text))
<BR>[Address Reference Count : 1]<UL><LI> startup_mimxrt1021.o(.text)
</UL>
<P><STRONG><a name="[77]"></a>SEMC_IRQHandler</STRONG> (Thumb, 0 bytes, Stack size 0 bytes, startup_mimxrt1021.o(.text))
<BR>[Address Reference Count : 1]<UL><LI> startup_mimxrt1021.o(RESET)
</UL>
<P><STRONG><a name="[38]"></a>SNVS_HP_WRAPPER_IRQHandler</STRONG> (Thumb, 0 bytes, Stack size 0 bytes, startup_mimxrt1021.o(.text))
<BR>[Address Reference Count : 1]<UL><LI> startup_mimxrt1021.o(RESET)
</UL>
<P><STRONG><a name="[39]"></a>SNVS_HP_WRAPPER_TZ_IRQHandler</STRONG> (Thumb, 0 bytes, Stack size 0 bytes, startup_mimxrt1021.o(.text))
<BR>[Address Reference Count : 1]<UL><LI> startup_mimxrt1021.o(RESET)
</UL>
<P><STRONG><a name="[3a]"></a>SNVS_LP_WRAPPER_IRQHandler</STRONG> (Thumb, 0 bytes, Stack size 0 bytes, startup_mimxrt1021.o(.text))
<BR>[Address Reference Count : 1]<UL><LI> startup_mimxrt1021.o(RESET)
</UL>
<P><STRONG><a name="[c3]"></a>SPDIF_DriverIRQHandler</STRONG> (Thumb, 0 bytes, Stack size 0 bytes, startup_mimxrt1021.o(.text))
<BR>[Address Reference Count : 1]<UL><LI> startup_mimxrt1021.o(.text)
</UL>
<P><STRONG><a name="[6c]"></a>SRC_IRQHandler</STRONG> (Thumb, 0 bytes, Stack size 0 bytes, startup_mimxrt1021.o(.text))
<BR>[Address Reference Count : 1]<UL><LI> startup_mimxrt1021.o(RESET)
</UL>
<P><STRONG><a name="[49]"></a>TEMP_LOW_HIGH_IRQHandler</STRONG> (Thumb, 0 bytes, Stack size 0 bytes, startup_mimxrt1021.o(.text))
<BR>[Address Reference Count : 1]<UL><LI> startup_mimxrt1021.o(RESET)
</UL>
<P><STRONG><a name="[4a]"></a>TEMP_PANIC_IRQHandler</STRONG> (Thumb, 0 bytes, Stack size 0 bytes, startup_mimxrt1021.o(.text))
<BR>[Address Reference Count : 1]<UL><LI> startup_mimxrt1021.o(RESET)
</UL>
<P><STRONG><a name="[8f]"></a>TMR1_IRQHandler</STRONG> (Thumb, 0 bytes, Stack size 0 bytes, startup_mimxrt1021.o(.text))
<BR>[Address Reference Count : 1]<UL><LI> startup_mimxrt1021.o(RESET)
</UL>
<P><STRONG><a name="[90]"></a>TMR2_IRQHandler</STRONG> (Thumb, 0 bytes, Stack size 0 bytes, startup_mimxrt1021.o(.text))
<BR>[Address Reference Count : 1]<UL><LI> startup_mimxrt1021.o(RESET)
</UL>
<P><STRONG><a name="[3f]"></a>TRNG_IRQHandler</STRONG> (Thumb, 0 bytes, Stack size 0 bytes, startup_mimxrt1021.o(.text))
<BR>[Address Reference Count : 1]<UL><LI> startup_mimxrt1021.o(RESET)
</UL>
<P><STRONG><a name="[7b]"></a>USB_OTG1_IRQHandler</STRONG> (Thumb, 0 bytes, Stack size 0 bytes, startup_mimxrt1021.o(.text))
<BR>[Address Reference Count : 1]<UL><LI> startup_mimxrt1021.o(RESET)
</UL>
<P><STRONG><a name="[4b]"></a>USB_PHY_IRQHandler</STRONG> (Thumb, 0 bytes, Stack size 0 bytes, startup_mimxrt1021.o(.text))
<BR>[Address Reference Count : 1]<UL><LI> startup_mimxrt1021.o(RESET)
</UL>
<P><STRONG><a name="[c6]"></a>USDHC1_DriverIRQHandler</STRONG> (Thumb, 0 bytes, Stack size 0 bytes, startup_mimxrt1021.o(.text))
<BR>[Address Reference Count : 1]<UL><LI> startup_mimxrt1021.o(.text)
</UL>
<P><STRONG><a name="[c7]"></a>USDHC2_DriverIRQHandler</STRONG> (Thumb, 0 bytes, Stack size 0 bytes, startup_mimxrt1021.o(.text))
<BR>[Address Reference Count : 1]<UL><LI> startup_mimxrt1021.o(.text)
</UL>
<P><STRONG><a name="[66]"></a>WDOG1_IRQHandler</STRONG> (Thumb, 0 bytes, Stack size 0 bytes, startup_mimxrt1021.o(.text))
<BR>[Address Reference Count : 1]<UL><LI> startup_mimxrt1021.o(RESET)
</UL>
<P><STRONG><a name="[37]"></a>WDOG2_IRQHandler</STRONG> (Thumb, 0 bytes, Stack size 0 bytes, startup_mimxrt1021.o(.text))
<BR>[Address Reference Count : 1]<UL><LI> startup_mimxrt1021.o(RESET)
</UL>
<P><STRONG><a name="[7e]"></a>XBAR1_IRQ_0_1_IRQHandler</STRONG> (Thumb, 0 bytes, Stack size 0 bytes, startup_mimxrt1021.o(.text))
<BR>[Address Reference Count : 1]<UL><LI> startup_mimxrt1021.o(RESET)
</UL>
<P><STRONG><a name="[7f]"></a>XBAR1_IRQ_2_3_IRQHandler</STRONG> (Thumb, 0 bytes, Stack size 0 bytes, startup_mimxrt1021.o(.text))
<BR>[Address Reference Count : 1]<UL><LI> startup_mimxrt1021.o(RESET)
</UL>
<P><STRONG><a name="[e5]"></a>__aeabi_uldivmod</STRONG> (Thumb, 98 bytes, Stack size 40 bytes, uldiv.o(.text))
<BR><BR>[Stack]<UL><LI>Max Depth = 40<LI>Call Chain = __aeabi_uldivmod
</UL>
<BR>[Calls]<UL><LI><a href="#[e6]">&gt;&gt;</a>&nbsp;&nbsp;&nbsp;__aeabi_llsr
<LI><a href="#[e7]">&gt;&gt;</a>&nbsp;&nbsp;&nbsp;__aeabi_llsl
</UL>
<BR>[Called By]<UL><LI><a href="#[fa]">&gt;&gt;</a>&nbsp;&nbsp;&nbsp;CLOCK_GetPllFreq
<LI><a href="#[f4]">&gt;&gt;</a>&nbsp;&nbsp;&nbsp;SystemCoreClockUpdate
<LI><a href="#[1c1]">&gt;&gt;</a>&nbsp;&nbsp;&nbsp;time_init
</UL>

<P><STRONG><a name="[20b]"></a>___aeabi_memcpy8$move</STRONG> (Thumb, 0 bytes, Stack size 8 bytes, memmovea.o(.text), UNUSED)

<P><STRONG><a name="[11e]"></a>__aeabi_memcpy</STRONG> (Thumb, 64 bytes, Stack size 8 bytes, memmovea.o(.text))
<BR><BR>[Stack]<UL><LI>Max Depth = 8<LI>Call Chain = __aeabi_memcpy
</UL>
<BR>[Called By]<UL><LI><a href="#[11f]">&gt;&gt;</a>&nbsp;&nbsp;&nbsp;ENET_SendFrame
<LI><a href="#[11c]">&gt;&gt;</a>&nbsp;&nbsp;&nbsp;ENET_ReadFrame
<LI><a href="#[d0]">&gt;&gt;</a>&nbsp;&nbsp;&nbsp;low_level_output
<LI><a href="#[17c]">&gt;&gt;</a>&nbsp;&nbsp;&nbsp;low_level_input
<LI><a href="#[1b6]">&gt;&gt;</a>&nbsp;&nbsp;&nbsp;tcp_write
<LI><a href="#[1bb]">&gt;&gt;</a>&nbsp;&nbsp;&nbsp;pbuf_copy_partial
<LI><a href="#[172]">&gt;&gt;</a>&nbsp;&nbsp;&nbsp;pbuf_copy
<LI><a href="#[19a]">&gt;&gt;</a>&nbsp;&nbsp;&nbsp;ip_reass_free_complete_datagram
<LI><a href="#[194]">&gt;&gt;</a>&nbsp;&nbsp;&nbsp;ip_reass_enqueue_new_datagram
<LI><a href="#[18d]">&gt;&gt;</a>&nbsp;&nbsp;&nbsp;ip4_reass
<LI><a href="#[188]">&gt;&gt;</a>&nbsp;&nbsp;&nbsp;ip4_frag
<LI><a href="#[17f]">&gt;&gt;</a>&nbsp;&nbsp;&nbsp;icmp_input
<LI><a href="#[17e]">&gt;&gt;</a>&nbsp;&nbsp;&nbsp;icmp_send_response
</UL>

<P><STRONG><a name="[1be]"></a>__aeabi_memcpy4</STRONG> (Thumb, 0 bytes, Stack size 8 bytes, memmovea.o(.text))
<BR><BR>[Stack]<UL><LI>Max Depth = 8<LI>Call Chain = __aeabi_memcpy4
</UL>
<BR>[Called By]<UL><LI><a href="#[1ba]">&gt;&gt;</a>&nbsp;&nbsp;&nbsp;lwiperf_tx_start
</UL>

<P><STRONG><a name="[20c]"></a>__aeabi_memmove</STRONG> (Thumb, 0 bytes, Stack size 8 bytes, memmovea.o(.text), UNUSED)

<P><STRONG><a name="[20d]"></a>__aeabi_memmove4</STRONG> (Thumb, 0 bytes, Stack size 8 bytes, memmovea.o(.text), UNUSED)

<P><STRONG><a name="[20e]"></a>__aeabi_memmove8</STRONG> (Thumb, 0 bytes, Stack size 8 bytes, memmovea.o(.text), UNUSED)

<P><STRONG><a name="[e9]"></a>__aeabi_memset</STRONG> (Thumb, 14 bytes, Stack size 0 bytes, memseta.o(.text), UNUSED)
<BR><BR>[Called By]<UL><LI><a href="#[ea]">&gt;&gt;</a>&nbsp;&nbsp;&nbsp;_memset$wrapper
<LI><a href="#[e8]">&gt;&gt;</a>&nbsp;&nbsp;&nbsp;__aeabi_memclr
</UL>

<P><STRONG><a name="[20f]"></a>__aeabi_memset4</STRONG> (Thumb, 0 bytes, Stack size 0 bytes, memseta.o(.text), UNUSED)

<P><STRONG><a name="[210]"></a>__aeabi_memset8</STRONG> (Thumb, 0 bytes, Stack size 0 bytes, memseta.o(.text), UNUSED)

<P><STRONG><a name="[e8]"></a>__aeabi_memclr</STRONG> (Thumb, 4 bytes, Stack size 0 bytes, memseta.o(.text), UNUSED)
<BR><BR>[Calls]<UL><LI><a href="#[e9]">&gt;&gt;</a>&nbsp;&nbsp;&nbsp;__aeabi_memset
</UL>

<P><STRONG><a name="[10f]"></a>__aeabi_memclr4</STRONG> (Thumb, 0 bytes, Stack size 0 bytes, memseta.o(.text))
<BR><BR>[Called By]<UL><LI><a href="#[10e]">&gt;&gt;</a>&nbsp;&nbsp;&nbsp;DbgConsole_Printf
<LI><a href="#[115]">&gt;&gt;</a>&nbsp;&nbsp;&nbsp;ENET_GetDefaultConfig
<LI><a href="#[11b]">&gt;&gt;</a>&nbsp;&nbsp;&nbsp;ENET_SetHandler
<LI><a href="#[1a6]">&gt;&gt;</a>&nbsp;&nbsp;&nbsp;lwiperf_start_tcp_server
<LI><a href="#[d2]">&gt;&gt;</a>&nbsp;&nbsp;&nbsp;lwiperf_tcp_accept
<LI><a href="#[1d9]">&gt;&gt;</a>&nbsp;&nbsp;&nbsp;tcp_alloc
<LI><a href="#[194]">&gt;&gt;</a>&nbsp;&nbsp;&nbsp;ip_reass_enqueue_new_datagram
</UL>

<P><STRONG><a name="[211]"></a>__aeabi_memclr8</STRONG> (Thumb, 0 bytes, Stack size 0 bytes, memseta.o(.text), UNUSED)

<P><STRONG><a name="[ea]"></a>_memset$wrapper</STRONG> (Thumb, 18 bytes, Stack size 8 bytes, memseta.o(.text), UNUSED)
<BR><BR>[Calls]<UL><LI><a href="#[e9]">&gt;&gt;</a>&nbsp;&nbsp;&nbsp;__aeabi_memset
</UL>

<P><STRONG><a name="[13b]"></a>strlen</STRONG> (Thumb, 14 bytes, Stack size 0 bytes, strlen.o(.text))
<BR><BR>[Called By]<UL><LI><a href="#[110]">&gt;&gt;</a>&nbsp;&nbsp;&nbsp;StrFormatPrintf
</UL>

<P><STRONG><a name="[175]"></a>memcmp</STRONG> (Thumb, 26 bytes, Stack size 12 bytes, memcmp.o(.text))
<BR><BR>[Stack]<UL><LI>Max Depth = 12<LI>Call Chain = memcmp
</UL>
<BR>[Called By]<UL><LI><a href="#[d8]">&gt;&gt;</a>&nbsp;&nbsp;&nbsp;ethernet_input
</UL>

<P><STRONG><a name="[e7]"></a>__aeabi_llsl</STRONG> (Thumb, 30 bytes, Stack size 0 bytes, llshl.o(.text))
<BR><BR>[Called By]<UL><LI><a href="#[e5]">&gt;&gt;</a>&nbsp;&nbsp;&nbsp;__aeabi_uldivmod
</UL>

<P><STRONG><a name="[212]"></a>_ll_shift_l</STRONG> (Thumb, 0 bytes, Stack size 0 bytes, llshl.o(.text), UNUSED)

<P><STRONG><a name="[e6]"></a>__aeabi_llsr</STRONG> (Thumb, 32 bytes, Stack size 0 bytes, llushr.o(.text))
<BR><BR>[Called By]<UL><LI><a href="#[e5]">&gt;&gt;</a>&nbsp;&nbsp;&nbsp;__aeabi_uldivmod
</UL>

<P><STRONG><a name="[213]"></a>_ll_ushift_r</STRONG> (Thumb, 0 bytes, Stack size 0 bytes, llushr.o(.text), UNUSED)

<P><STRONG><a name="[e4]"></a>__scatterload</STRONG> (Thumb, 28 bytes, Stack size 0 bytes, init.o(.text))
<BR><BR>[Calls]<UL><LI><a href="#[eb]">&gt;&gt;</a>&nbsp;&nbsp;&nbsp;__main_after_scatterload
</UL>
<BR>[Called By]<UL><LI><a href="#[e3]">&gt;&gt;</a>&nbsp;&nbsp;&nbsp;_main_scatterload
</UL>

<P><STRONG><a name="[214]"></a>__scatterload_rt2</STRONG> (Thumb, 0 bytes, Stack size 0 bytes, init.o(.text), UNUSED)

<P><STRONG><a name="[ec]"></a>BOARD_BootClockRUN</STRONG> (Thumb, 482 bytes, Stack size 8 bytes, clock_config.o(i.BOARD_BootClockRUN))
<BR><BR>[Stack]<UL><LI>Max Depth = 340<LI>Call Chain = BOARD_BootClockRUN &rArr; CLOCK_SetMux &rArr; __aeabi_assert &rArr; DbgConsole_Printf &rArr; StrFormatPrintf &rArr; ConvertRadixNumToString
</UL>
<BR>[Calls]<UL><LI><a href="#[f0]">&gt;&gt;</a>&nbsp;&nbsp;&nbsp;CLOCK_InitUsb1Pll
<LI><a href="#[f1]">&gt;&gt;</a>&nbsp;&nbsp;&nbsp;CLOCK_InitUsb1Pfd
<LI><a href="#[ee]">&gt;&gt;</a>&nbsp;&nbsp;&nbsp;CLOCK_InitSysPll
<LI><a href="#[ef]">&gt;&gt;</a>&nbsp;&nbsp;&nbsp;CLOCK_InitSysPfd
<LI><a href="#[f2]">&gt;&gt;</a>&nbsp;&nbsp;&nbsp;CLOCK_InitEnetPll
<LI><a href="#[f4]">&gt;&gt;</a>&nbsp;&nbsp;&nbsp;SystemCoreClockUpdate
<LI><a href="#[ed]">&gt;&gt;</a>&nbsp;&nbsp;&nbsp;CLOCK_SetMux
<LI><a href="#[f3]">&gt;&gt;</a>&nbsp;&nbsp;&nbsp;CLOCK_SetDiv
</UL>
<BR>[Called By]<UL><LI><a href="#[99]">&gt;&gt;</a>&nbsp;&nbsp;&nbsp;main
</UL>

<P><STRONG><a name="[f5]"></a>BOARD_ConfigMPU</STRONG> (Thumb, 386 bytes, Stack size 8 bytes, board.o(i.BOARD_ConfigMPU))
<BR><BR>[Stack]<UL><LI>Max Depth = 16<LI>Call Chain = BOARD_ConfigMPU &rArr; SCB_EnableDCache
</UL>
<BR>[Calls]<UL><LI><a href="#[f8]">&gt;&gt;</a>&nbsp;&nbsp;&nbsp;SCB_EnableICache
<LI><a href="#[f7]">&gt;&gt;</a>&nbsp;&nbsp;&nbsp;SCB_EnableDCache
<LI><a href="#[f6]">&gt;&gt;</a>&nbsp;&nbsp;&nbsp;SCB_DisableDCache
</UL>
<BR>[Called By]<UL><LI><a href="#[99]">&gt;&gt;</a>&nbsp;&nbsp;&nbsp;main
</UL>

[...]
<BR><BR>[Stack]<UL><LI>Max Depth = 324<LI>Call Chain = dhcp_option_trailer &rArr; sys_assert &rArr; DbgConsole_Printf &rArr; StrFormatPrintf &rArr; ConvertRadixNumToString
</UL>
<BR>[Calls]<UL><LI><a href="#[142]">&gt;&gt;</a>&nbsp;&nbsp;&nbsp;sys_assert
</UL>
<BR>[Called By]<UL><LI><a href="#[15e]">&gt;&gt;</a>&nbsp;&nbsp;&nbsp;dhcp_renew
<LI><a href="#[149]">&gt;&gt;</a>&nbsp;&nbsp;&nbsp;dhcp_release
<LI><a href="#[15f]">&gt;&gt;</a>&nbsp;&nbsp;&nbsp;dhcp_select
<LI><a href="#[15c]">&gt;&gt;</a>&nbsp;&nbsp;&nbsp;dhcp_reboot
<LI><a href="#[15a]">&gt;&gt;</a>&nbsp;&nbsp;&nbsp;dhcp_rebind
<LI><a href="#[14a]">&gt;&gt;</a>&nbsp;&nbsp;&nbsp;dhcp_discover
<LI><a href="#[143]">&gt;&gt;</a>&nbsp;&nbsp;&nbsp;dhcp_decline
</UL>

<P><STRONG><a name="[15a]"></a>dhcp_rebind</STRONG> (Thumb, 196 bytes, Stack size 32 bytes, dhcp.o(i.dhcp_rebind))
<BR><BR>[Stack]<UL><LI>Max Depth = 708<LI>Call Chain = dhcp_rebind &rArr; udp_sendto_if &rArr; udp_sendto_if_src &rArr; ip4_output_if_src &rArr; ip4_frag &rArr; pbuf_alloc &rArr; pbuf_free &rArr; memp_free &rArr; do_memp_free_pool &rArr; sys_assert &rArr; DbgConsole_Printf &rArr; StrFormatPrintf &rArr; ConvertRadixNumToString
</UL>
<BR>[Calls]<UL><LI><a href="#[154]">&gt;&gt;</a>&nbsp;&nbsp;&nbsp;pbuf_realloc
<LI><a href="#[145]">&gt;&gt;</a>&nbsp;&nbsp;&nbsp;dhcp_set_state
<LI><a href="#[153]">&gt;&gt;</a>&nbsp;&nbsp;&nbsp;dhcp_option_trailer
<LI><a href="#[158]">&gt;&gt;</a>&nbsp;&nbsp;&nbsp;dhcp_option_short
<LI><a href="#[151]">&gt;&gt;</a>&nbsp;&nbsp;&nbsp;dhcp_option_byte
<LI><a href="#[150]">&gt;&gt;</a>&nbsp;&nbsp;&nbsp;dhcp_option
<LI><a href="#[156]">&gt;&gt;</a>&nbsp;&nbsp;&nbsp;dhcp_delete_msg
<LI><a href="#[14d]">&gt;&gt;</a>&nbsp;&nbsp;&nbsp;dhcp_create_msg
<LI><a href="#[15b]">&gt;&gt;</a>&nbsp;&nbsp;&nbsp;udp_sendto_if
</UL>
<BR>[Called By]<UL><LI><a href="#[14b]">&gt;&gt;</a>&nbsp;&nbsp;&nbsp;dhcp_t2_timeout
</UL>

<P><STRONG><a name="[15c]"></a>dhcp_reboot</STRONG> (Thumb, 224 bytes, Stack size 32 bytes, dhcp.o(i.dhcp_reboot))
<BR><BR>[Stack]<UL><LI>Max Depth = 708<LI>Call Chain = dhcp_reboot &rArr; udp_sendto_if &rArr; udp_sendto_if_src &rArr; ip4_output_if_src &rArr; ip4_frag &rArr; pbuf_alloc &rArr; pbuf_free &rArr; memp_free &rArr; do_memp_free_pool &rArr; sys_assert &rArr; DbgConsole_Printf &rArr; StrFormatPrintf &rArr; ConvertRadixNumToString
</UL>
<BR>[Calls]<UL><LI><a href="#[14f]">&gt;&gt;</a>&nbsp;&nbsp;&nbsp;lwip_htonl
<LI><a href="#[154]">&gt;&gt;</a>&nbsp;&nbsp;&nbsp;pbuf_realloc
<LI><a href="#[145]">&gt;&gt;</a>&nbsp;&nbsp;&nbsp;dhcp_set_state
<LI><a href="#[153]">&gt;&gt;</a>&nbsp;&nbsp;&nbsp;dhcp_option_trailer
<LI><a href="#[158]">&gt;&gt;</a>&nbsp;&nbsp;&nbsp;dhcp_option_short
<LI><a href="#[152]">&gt;&gt;</a>&nbsp;&nbsp;&nbsp;dhcp_option_long
<LI><a href="#[151]">&gt;&gt;</a>&nbsp;&nbsp;&nbsp;dhcp_option_byte
<LI><a href="#[150]">&gt;&gt;</a>&nbsp;&nbsp;&nbsp;dhcp_option
<LI><a href="#[156]">&gt;&gt;</a>&nbsp;&nbsp;&nbsp;dhcp_delete_msg
<LI><a href="#[14d]">&gt;&gt;</a>&nbsp;&nbsp;&nbsp;dhcp_create_msg
<LI><a href="#[15b]">&gt;&gt;</a>&nbsp;&nbsp;&nbsp;udp_sendto_if
</UL>
<BR>[Called By]<UL><LI><a href="#[159]">&gt;&gt;</a>&nbsp;&nbsp;&nbsp;dhcp_timeout
</UL>

<P><STRONG><a name="[15f]"></a>dhcp_select</STRONG> (Thumb, 258 bytes, Stack size 40 bytes, dhcp.o(i.dhcp_select))
<BR><BR>[Stack]<UL><LI>Max Depth = 676<LI>Call Chain = dhcp_select &rArr; udp_sendto_if_src &rArr; ip4_output_if_src &rArr; ip4_frag &rArr; pbuf_alloc &rArr; pbuf_free &rArr; memp_free &rArr; do_memp_free_pool &rArr; sys_assert &rArr; DbgConsole_Printf &rArr; StrFormatPrintf &rArr; ConvertRadixNumToString
</UL>
<BR>[Calls]<UL><LI><a href="#[14f]">&gt;&gt;</a>&nbsp;&nbsp;&nbsp;lwip_htonl
<LI><a href="#[154]">&gt;&gt;</a>&nbsp;&nbsp;&nbsp;pbuf_realloc
<LI><a href="#[145]">&gt;&gt;</a>&nbsp;&nbsp;&nbsp;dhcp_set_state
<LI><a href="#[153]">&gt;&gt;</a>&nbsp;&nbsp;&nbsp;dhcp_option_trailer
<LI><a href="#[158]">&gt;&gt;</a>&nbsp;&nbsp;&nbsp;dhcp_option_short
<LI><a href="#[152]">&gt;&gt;</a>&nbsp;&nbsp;&nbsp;dhcp_option_long
<LI><a href="#[151]">&gt;&gt;</a>&nbsp;&nbsp;&nbsp;dhcp_option_byte
<LI><a href="#[150]">&gt;&gt;</a>&nbsp;&nbsp;&nbsp;dhcp_option
<LI><a href="#[156]">&gt;&gt;</a>&nbsp;&nbsp;&nbsp;dhcp_delete_msg
<LI><a href="#[14d]">&gt;&gt;</a>&nbsp;&nbsp;&nbsp;dhcp_create_msg
<LI><a href="#[155]">&gt;&gt;</a>&nbsp;&nbsp;&nbsp;udp_sendto_if_src
</UL>
<BR>[Called By]<UL><LI><a href="#[159]">&gt;&gt;</a>&nbsp;&nbsp;&nbsp;dhcp_timeout
</UL>

<P><STRONG><a name="[145]"></a>dhcp_set_state</STRONG> (Thumb, 16 bytes, Stack size 0 bytes, dhcp.o(i.dhcp_set_state))
<BR><BR>[Called By]<UL><LI><a href="#[15e]">&gt;&gt;</a>&nbsp;&nbsp;&nbsp;dhcp_renew
<LI><a href="#[149]">&gt;&gt;</a>&nbsp;&nbsp;&nbsp;dhcp_release
<LI><a href="#[15f]">&gt;&gt;</a>&nbsp;&nbsp;&nbsp;dhcp_select
<LI><a href="#[15c]">&gt;&gt;</a>&nbsp;&nbsp;&nbsp;dhcp_reboot
<LI><a href="#[15a]">&gt;&gt;</a>&nbsp;&nbsp;&nbsp;dhcp_rebind
<LI><a href="#[14a]">&gt;&gt;</a>&nbsp;&nbsp;&nbsp;dhcp_discover
<LI><a href="#[143]">&gt;&gt;</a>&nbsp;&nbsp;&nbsp;dhcp_decline
<LI><a href="#[147]">&gt;&gt;</a>&nbsp;&nbsp;&nbsp;dhcp_check
<LI><a href="#[144]">&gt;&gt;</a>&nbsp;&nbsp;&nbsp;dhcp_bind
</UL>

<P><STRONG><a name="[14c]"></a>dhcp_t1_timeout</STRONG> (Thumb, 74 bytes, Stack size 16 bytes, dhcp.o(i.dhcp_t1_timeout))
<BR><BR>[Stack]<UL><LI>Max Depth = 724<LI>Call Chain = dhcp_t1_timeout &rArr; dhcp_renew &rArr; udp_sendto_if &rArr; udp_sendto_if_src &rArr; ip4_output_if_src &rArr; ip4_frag &rArr; pbuf_alloc &rArr; pbuf_free &rArr; memp_free &rArr; do_memp_free_pool &rArr; sys_assert &rArr; DbgConsole_Printf &rArr; StrFormatPrintf &rArr; ConvertRadixNumToString
</UL>
<BR>[Calls]<UL><LI><a href="#[15e]">&gt;&gt;</a>&nbsp;&nbsp;&nbsp;dhcp_renew
</UL>
<BR>[Called By]<UL><LI><a href="#[e1]">&gt;&gt;</a>&nbsp;&nbsp;&nbsp;dhcp_coarse_tmr
</UL>

<P><STRONG><a name="[14b]"></a>dhcp_t2_timeout</STRONG> (Thumb, 80 bytes, Stack size 16 bytes, dhcp.o(i.dhcp_t2_timeout))
<BR><BR>[Stack]<UL><LI>Max Depth = 724<LI>Call Chain = dhcp_t2_timeout &rArr; dhcp_rebind &rArr; udp_sendto_if &rArr; udp_sendto_if_src &rArr; ip4_output_if_src &rArr; ip4_frag &rArr; pbuf_alloc &rArr; pbuf_free &rArr; memp_free &rArr; do_memp_free_pool &rArr; sys_assert &rArr; DbgConsole_Printf &rArr; StrFormatPrintf &rArr; ConvertRadixNumToString
</UL>
<BR>[Calls]<UL><LI><a href="#[15a]">&gt;&gt;</a>&nbsp;&nbsp;&nbsp;dhcp_rebind
</UL>
<BR>[Called By]<UL><LI><a href="#[e1]">&gt;&gt;</a>&nbsp;&nbsp;&nbsp;dhcp_coarse_tmr
</UL>

<P><STRONG><a name="[159]"></a>dhcp_timeout</STRONG> (Thumb, 136 bytes, Stack size 16 bytes, dhcp.o(i.dhcp_timeout))
<BR><BR>[Stack]<UL><LI>Max Depth = 924<LI>Call Chain = dhcp_timeout &rArr; dhcp_release &rArr; netif_set_addr &rArr; netif_set_ipaddr &rArr; tcp_netif_ip_addr_changed &rArr; tcp_netif_ip_addr_changed_pcblist &rArr; tcp_abort &rArr; tcp_abandon &rArr; tcp_pcb_remove &rArr; tcp_output &rArr; tcp_output_segment &rArr; ip4_output_if &rArr; ip4_output_if_src &rArr; ip4_frag &rArr; pbuf_alloc &rArr; pbuf_free &rArr; memp_free &rArr; do_memp_free_pool &rArr; sys_assert &rArr; DbgConsole_Printf &rArr; StrFormatPrintf &rArr; ConvertRadixNumToString
</UL>
<BR>[Calls]<UL><LI><a href="#[149]">&gt;&gt;</a>&nbsp;&nbsp;&nbsp;dhcp_release
<LI><a href="#[15f]">&gt;&gt;</a>&nbsp;&nbsp;&nbsp;dhcp_select
<LI><a href="#[15c]">&gt;&gt;</a>&nbsp;&nbsp;&nbsp;dhcp_reboot
<LI><a href="#[14a]">&gt;&gt;</a>&nbsp;&nbsp;&nbsp;dhcp_discover
<LI><a href="#[147]">&gt;&gt;</a>&nbsp;&nbsp;&nbsp;dhcp_check
<LI><a href="#[144]">&gt;&gt;</a>&nbsp;&nbsp;&nbsp;dhcp_bind
</UL>
<BR>[Called By]<UL><LI><a href="#[e2]">&gt;&gt;</a>&nbsp;&nbsp;&nbsp;dhcp_fine_tmr
</UL>

<P><STRONG><a name="[168]"></a>etharp_find_entry</STRONG> (Thumb, 450 bytes, Stack size 48 bytes, etharp.o(i.etharp_find_entry))
<BR><BR>[Stack]<UL><LI>Max Depth = 444<LI>Call Chain = etharp_find_entry &rArr; etharp_free_entry &rArr; pbuf_free &rArr; memp_free &rArr; do_memp_free_pool &rArr; sys_assert &rArr; DbgConsole_Printf &rArr; StrFormatPrintf &rArr; ConvertRadixNumToString
</UL>
<BR>[Calls]<UL><LI><a href="#[142]">&gt;&gt;</a>&nbsp;&nbsp;&nbsp;sys_assert
<LI><a href="#[169]">&gt;&gt;</a>&nbsp;&nbsp;&nbsp;etharp_free_entry
</UL>
<BR>[Called By]<UL><LI><a href="#[16b]">&gt;&gt;</a>&nbsp;&nbsp;&nbsp;etharp_update_arp_entry
<LI><a href="#[148]">&gt;&gt;</a>&nbsp;&nbsp;&nbsp;etharp_query
</UL>

<P><STRONG><a name="[169]"></a>etharp_free_entry</STRONG> (Thumb, 112 bytes, Stack size 8 bytes, etharp.o(i.etharp_free_entry))
<BR><BR>[Stack]<UL><LI>Max Depth = 396<LI>Call Chain = etharp_free_entry &rArr; pbuf_free &rArr; memp_free &rArr; do_memp_free_pool &rArr; sys_assert &rArr; DbgConsole_Printf &rArr; StrFormatPrintf &rArr; ConvertRadixNumToString
</UL>
<BR>[Calls]<UL><LI><a href="#[157]">&gt;&gt;</a>&nbsp;&nbsp;&nbsp;pbuf_free
</UL>
<BR>[Called By]<UL><LI><a href="#[e0]">&gt;&gt;</a>&nbsp;&nbsp;&nbsp;etharp_tmr
<LI><a href="#[168]">&gt;&gt;</a>&nbsp;&nbsp;&nbsp;etharp_find_entry
</UL>

<P><STRONG><a name="[16e]"></a>etharp_output_to_arp_index</STRONG> (Thumb, 200 bytes, Stack size 24 bytes, etharp.o(i.etharp_output_to_arp_index))
<BR><BR>[Stack]<UL><LI>Max Depth = 548<LI>Call Chain = etharp_output_to_arp_index &rArr; etharp_request &rArr; etharp_request_dst &rArr; etharp_raw &rArr; pbuf_alloc &rArr; pbuf_free &rArr; memp_free &rArr; do_memp_free_pool &rArr; sys_assert &rArr; DbgConsole_Printf &rArr; StrFormatPrintf &rArr; ConvertRadixNumToString
</UL>
<BR>[Calls]<UL><LI><a href="#[142]">&gt;&gt;</a>&nbsp;&nbsp;&nbsp;sys_assert
<LI><a href="#[170]">&gt;&gt;</a>&nbsp;&nbsp;&nbsp;etharp_request
<LI><a href="#[16f]">&gt;&gt;</a>&nbsp;&nbsp;&nbsp;ethernet_output
<LI><a href="#[171]">&gt;&gt;</a>&nbsp;&nbsp;&nbsp;etharp_request_dst
</UL>
<BR>[Called By]<UL><LI><a href="#[cf]">&gt;&gt;</a>&nbsp;&nbsp;&nbsp;etharp_output
</UL>

<P><STRONG><a name="[16c]"></a>etharp_raw</STRONG> (Thumb, 194 bytes, Stack size 48 bytes, etharp.o(i.etharp_raw))
<BR><BR>[Stack]<UL><LI>Max Depth = 476<LI>Call Chain = etharp_raw &rArr; pbuf_alloc &rArr; pbuf_free &rArr; memp_free &rArr; do_memp_free_pool &rArr; sys_assert &rArr; DbgConsole_Printf &rArr; StrFormatPrintf &rArr; ConvertRadixNumToString
</UL>
<BR>[Calls]<UL><LI><a href="#[14e]">&gt;&gt;</a>&nbsp;&nbsp;&nbsp;pbuf_alloc
<LI><a href="#[142]">&gt;&gt;</a>&nbsp;&nbsp;&nbsp;sys_assert
<LI><a href="#[157]">&gt;&gt;</a>&nbsp;&nbsp;&nbsp;pbuf_free
<LI><a href="#[174]">&gt;&gt;</a>&nbsp;&nbsp;&nbsp;lwip_htons
<LI><a href="#[16f]">&gt;&gt;</a>&nbsp;&nbsp;&nbsp;ethernet_output
</UL>
<BR>[Called By]<UL><LI><a href="#[16a]">&gt;&gt;</a>&nbsp;&nbsp;&nbsp;etharp_input
<LI><a href="#[171]">&gt;&gt;</a>&nbsp;&nbsp;&nbsp;etharp_request_dst
</UL>

<P><STRONG><a name="[171]"></a>etharp_request_dst</STRONG> (Thumb, 38 bytes, Stack size 32 bytes, etharp.o(i.etharp_request_dst))
<BR><BR>[Stack]<UL><LI>Max Depth = 508<LI>Call Chain = etharp_request_dst &rArr; etharp_raw &rArr; pbuf_alloc &rArr; pbuf_free &rArr; memp_free &rArr; do_memp_free_pool &rArr; sys_assert &rArr; DbgConsole_Printf &rArr; StrFormatPrintf &rArr; ConvertRadixNumToString
</UL>
<BR>[Calls]<UL><LI><a href="#[16c]">&gt;&gt;</a>&nbsp;&nbsp;&nbsp;etharp_raw
</UL>
<BR>[Called By]<UL><LI><a href="#[170]">&gt;&gt;</a>&nbsp;&nbsp;&nbsp;etharp_request
<LI><a href="#[16e]">&gt;&gt;</a>&nbsp;&nbsp;&nbsp;etharp_output_to_arp_index
</UL>

<P><STRONG><a name="[16b]"></a>etharp_update_arp_entry</STRONG> (Thumb, 212 bytes, Stack size 32 bytes, etharp.o(i.etharp_update_arp_entry))
<BR><BR>[Stack]<UL><LI>Max Depth = 476<LI>Call Chain = etharp_update_arp_entry &rArr; etharp_find_entry &rArr; etharp_free_entry &rArr; pbuf_free &rArr; memp_free &rArr; do_memp_free_pool &rArr; sys_assert &rArr; DbgConsole_Printf &rArr; StrFormatPrintf &rArr; ConvertRadixNumToString
</UL>
<BR>[Calls]<UL><LI><a href="#[142]">&gt;&gt;</a>&nbsp;&nbsp;&nbsp;sys_assert
<LI><a href="#[157]">&gt;&gt;</a>&nbsp;&nbsp;&nbsp;pbuf_free
<LI><a href="#[16d]">&gt;&gt;</a>&nbsp;&nbsp;&nbsp;ip4_addr_isbroadcast_u32
<LI><a href="#[16f]">&gt;&gt;</a>&nbsp;&nbsp;&nbsp;ethernet_output
<LI><a href="#[168]">&gt;&gt;</a>&nbsp;&nbsp;&nbsp;etharp_find_entry
</UL>
<BR>[Called By]<UL><LI><a href="#[16a]">&gt;&gt;</a>&nbsp;&nbsp;&nbsp;etharp_input
</UL>

<P><STRONG><a name="[17e]"></a>icmp_send_response</STRONG> (Thumb, 142 bytes, Stack size 48 bytes, icmp.o(i.icmp_send_response))
<BR><BR>[Stack]<UL><LI>Max Depth = 676<LI>Call Chain = icmp_send_response &rArr; ip4_output_if &rArr; ip4_output_if_src &rArr; ip4_frag &rArr; pbuf_alloc &rArr; pbuf_free &rArr; memp_free &rArr; do_memp_free_pool &rArr; sys_assert &rArr; DbgConsole_Printf &rArr; StrFormatPrintf &rArr; ConvertRadixNumToString
</UL>
<BR>[Calls]<UL><LI><a href="#[14e]">&gt;&gt;</a>&nbsp;&nbsp;&nbsp;pbuf_alloc
<LI><a href="#[142]">&gt;&gt;</a>&nbsp;&nbsp;&nbsp;sys_assert
<LI><a href="#[157]">&gt;&gt;</a>&nbsp;&nbsp;&nbsp;pbuf_free
<LI><a href="#[181]">&gt;&gt;</a>&nbsp;&nbsp;&nbsp;inet_chksum
<LI><a href="#[182]">&gt;&gt;</a>&nbsp;&nbsp;&nbsp;ip4_output_if
<LI><a href="#[183]">&gt;&gt;</a>&nbsp;&nbsp;&nbsp;ip4_route
<LI><a href="#[11e]">&gt;&gt;</a>&nbsp;&nbsp;&nbsp;__aeabi_memcpy
</UL>
<BR>[Called By]<UL><LI><a href="#[184]">&gt;&gt;</a>&nbsp;&nbsp;&nbsp;icmp_time_exceeded
<LI><a href="#[17d]">&gt;&gt;</a>&nbsp;&nbsp;&nbsp;icmp_dest_unreach
</UL>

<P><STRONG><a name="[189]"></a>ip_frag_alloc_pbuf_custom_ref</STRONG> (Thumb, 10 bytes, Stack size 8 bytes, ip4_frag.o(i.ip_frag_alloc_pbuf_custom_ref))
<BR><BR>[Stack]<UL><LI>Max Depth = 356<LI>Call Chain = ip_frag_alloc_pbuf_custom_ref &rArr; memp_malloc &rArr; do_memp_malloc_pool &rArr; sys_assert &rArr; DbgConsole_Printf &rArr; StrFormatPrintf &rArr; ConvertRadixNumToString
</UL>
<BR>[Calls]<UL><LI><a href="#[198]">&gt;&gt;</a>&nbsp;&nbsp;&nbsp;memp_malloc
</UL>
<BR>[Called By]<UL><LI><a href="#[188]">&gt;&gt;</a>&nbsp;&nbsp;&nbsp;ip4_frag
</UL>

<P><STRONG><a name="[18b]"></a>ip_frag_free_pbuf_custom_ref</STRONG> (Thumb, 26 bytes, Stack size 8 bytes, ip4_frag.o(i.ip_frag_free_pbuf_custom_ref))
<BR><BR>[Stack]<UL><LI>Max Depth = 364<LI>Call Chain = ip_frag_free_pbuf_custom_ref &rArr; memp_free &rArr; do_memp_free_pool &rArr; sys_assert &rArr; DbgConsole_Printf &rArr; StrFormatPrintf &rArr; ConvertRadixNumToString
</UL>
<BR>[Calls]<UL><LI><a href="#[142]">&gt;&gt;</a>&nbsp;&nbsp;&nbsp;sys_assert
<LI><a href="#[199]">&gt;&gt;</a>&nbsp;&nbsp;&nbsp;memp_free
</UL>
<BR>[Called By]<UL><LI><a href="#[d1]">&gt;&gt;</a>&nbsp;&nbsp;&nbsp;ipfrag_free_pbuf_custom
<LI><a href="#[188]">&gt;&gt;</a>&nbsp;&nbsp;&nbsp;ip4_frag
</UL>

<P><STRONG><a name="[195]"></a>ip_reass_chain_frag_into_datagram_and_validate</STRONG> (Thumb, 456 bytes, Stack size 56 bytes, ip4_frag.o(i.ip_reass_chain_frag_into_datagram_and_validate))
<BR><BR>[Stack]<UL><LI>Max Depth = 444<LI>Call Chain = ip_reass_chain_frag_into_datagram_and_validate &rArr; pbuf_free &rArr; memp_free &rArr; do_memp_free_pool &rArr; sys_assert &rArr; DbgConsole_Printf &rArr; StrFormatPrintf &rArr; ConvertRadixNumToString
</UL>
<BR>[Calls]<UL><LI><a href="#[142]">&gt;&gt;</a>&nbsp;&nbsp;&nbsp;sys_assert
<LI><a href="#[157]">&gt;&gt;</a>&nbsp;&nbsp;&nbsp;pbuf_free
<LI><a href="#[174]">&gt;&gt;</a>&nbsp;&nbsp;&nbsp;lwip_htons
<LI><a href="#[192]">&gt;&gt;</a>&nbsp;&nbsp;&nbsp;pbuf_clen
</UL>
<BR>[Called By]<UL><LI><a href="#[18d]">&gt;&gt;</a>&nbsp;&nbsp;&nbsp;ip4_reass
</UL>

<P><STRONG><a name="[196]"></a>ip_reass_dequeue_datagram</STRONG> (Thumb, 48 bytes, Stack size 16 bytes, ip4_frag.o(i.ip_reass_dequeue_datagram))
<BR><BR>[Stack]<UL><LI>Max Depth = 372<LI>Call Chain = ip_reass_dequeue_datagram &rArr; memp_free &rArr; do_memp_free_pool &rArr; sys_assert &rArr; DbgConsole_Printf &rArr; StrFormatPrintf &rArr; ConvertRadixNumToString
</UL>
<BR>[Calls]<UL><LI><a href="#[142]">&gt;&gt;</a>&nbsp;&nbsp;&nbsp;sys_assert
<LI><a href="#[199]">&gt;&gt;</a>&nbsp;&nbsp;&nbsp;memp_free
</UL>
<BR>[Called By]<UL><LI><a href="#[19a]">&gt;&gt;</a>&nbsp;&nbsp;&nbsp;ip_reass_free_complete_datagram
<LI><a href="#[18d]">&gt;&gt;</a>&nbsp;&nbsp;&nbsp;ip4_reass
</UL>

<P><STRONG><a name="[194]"></a>ip_reass_enqueue_new_datagram</STRONG> (Thumb, 84 bytes, Stack size 16 bytes, ip4_frag.o(i.ip_reass_enqueue_new_datagram))
<BR><BR>[Stack]<UL><LI>Max Depth = 780<LI>Call Chain = ip_reass_enqueue_new_datagram &rArr; ip_reass_remove_oldest_datagram &rArr; ip_reass_free_complete_datagram &rArr; icmp_time_exceeded &rArr; icmp_send_response &rArr; ip4_output_if &rArr; ip4_output_if_src &rArr; ip4_frag &rArr; pbuf_alloc &rArr; pbuf_free &rArr; memp_free &rArr; do_memp_free_pool &rArr; sys_assert &rArr; DbgConsole_Printf &rArr; StrFormatPrintf &rArr; ConvertRadixNumToString
</UL>
<BR>[Calls]<UL><LI><a href="#[198]">&gt;&gt;</a>&nbsp;&nbsp;&nbsp;memp_malloc
<LI><a href="#[193]">&gt;&gt;</a>&nbsp;&nbsp;&nbsp;ip_reass_remove_oldest_datagram
<LI><a href="#[10f]">&gt;&gt;</a>&nbsp;&nbsp;&nbsp;__aeabi_memclr4
<LI><a href="#[11e]">&gt;&gt;</a>&nbsp;&nbsp;&nbsp;__aeabi_memcpy
</UL>
<BR>[Called By]<UL><LI><a href="#[18d]">&gt;&gt;</a>&nbsp;&nbsp;&nbsp;ip4_reass
</UL>

<P><STRONG><a name="[19a]"></a>ip_reass_free_complete_datagram</STRONG> (Thumb, 222 bytes, Stack size 32 bytes, ip4_frag.o(i.ip_reass_free_complete_datagram))
<BR><BR>[Stack]<UL><LI>Max Depth = 724<LI>Call Chain = ip_reass_free_complete_datagram &rArr; icmp_time_exceeded &rArr; icmp_send_response &rArr; ip4_output_if &rArr; ip4_output_if_src &rArr; ip4_frag &rArr; pbuf_alloc &rArr; pbuf_free &rArr; memp_free &rArr; do_memp_free_pool &rArr; sys_assert &rArr; DbgConsole_Printf &rArr; StrFormatPrintf &rArr; ConvertRadixNumToString
</UL>
<BR>[Calls]<UL><LI><a href="#[142]">&gt;&gt;</a>&nbsp;&nbsp;&nbsp;sys_assert
<LI><a href="#[157]">&gt;&gt;</a>&nbsp;&nbsp;&nbsp;pbuf_free
<LI><a href="#[192]">&gt;&gt;</a>&nbsp;&nbsp;&nbsp;pbuf_clen
<LI><a href="#[196]">&gt;&gt;</a>&nbsp;&nbsp;&nbsp;ip_reass_dequeue_datagram
<LI><a href="#[184]">&gt;&gt;</a>&nbsp;&nbsp;&nbsp;icmp_time_exceeded
<LI><a href="#[11e]">&gt;&gt;</a>&nbsp;&nbsp;&nbsp;__aeabi_memcpy
</UL>
<BR>[Called By]<UL><LI><a href="#[df]">&gt;&gt;</a>&nbsp;&nbsp;&nbsp;ip_reass_tmr
<LI><a href="#[193]">&gt;&gt;</a>&nbsp;&nbsp;&nbsp;ip_reass_remove_oldest_datagram
</UL>

<P><STRONG><a name="[193]"></a>ip_reass_remove_oldest_datagram</STRONG> (Thumb, 130 bytes, Stack size 40 bytes, ip4_frag.o(i.ip_reass_remove_oldest_datagram))
<BR><BR>[Stack]<UL><LI>Max Depth = 764<LI>Call Chain = ip_reass_remove_oldest_datagram &rArr; ip_reass_free_complete_datagram &rArr; icmp_time_exceeded &rArr; icmp_send_response &rArr; ip4_output_if &rArr; ip4_output_if_src &rArr; ip4_frag &rArr; pbuf_alloc &rArr; pbuf_free &rArr; memp_free &rArr; do_memp_free_pool &rArr; sys_assert &rArr; DbgConsole_Printf &rArr; StrFormatPrintf &rArr; ConvertRadixNumToString
</UL>
<BR>[Calls]<UL><LI><a href="#[19a]">&gt;&gt;</a>&nbsp;&nbsp;&nbsp;ip_reass_free_complete_datagram
</UL>
<BR>[Called By]<UL><LI><a href="#[194]">&gt;&gt;</a>&nbsp;&nbsp;&nbsp;ip_reass_enqueue_new_datagram
<LI><a href="#[18d]">&gt;&gt;</a>&nbsp;&nbsp;&nbsp;ip4_reass
</UL>

<P><STRONG><a name="[d1]"></a>ipfrag_free_pbuf_custom</STRONG> (Thumb, 50 bytes, Stack size 16 bytes, ip4_frag.o(i.ipfrag_free_pbuf_custom))
<BR><BR>[Stack]<UL><LI>Max Depth = 404<LI>Call Chain = ipfrag_free_pbuf_custom &rArr; pbuf_free &rArr; memp_free &rArr; do_memp_free_pool &rArr; sys_assert &rArr; DbgConsole_Printf &rArr; StrFormatPrintf &rArr; ConvertRadixNumToString
</UL>
<BR>[Calls]<UL><LI><a href="#[142]">&gt;&gt;</a>&nbsp;&nbsp;&nbsp;sys_assert
<LI><a href="#[157]">&gt;&gt;</a>&nbsp;&nbsp;&nbsp;pbuf_free
<LI><a href="#[18b]">&gt;&gt;</a>&nbsp;&nbsp;&nbsp;ip_frag_free_pbuf_custom_ref
</UL>
<BR>[Address Reference Count : 1]<UL><LI> ip4_frag.o(i.ip4_frag)
</UL><P>
<H3>
Undefined Global Symbols
</H3><HR></body></html>
