<html>
<body>
<pre>
<h1>µVision Build Log</h1>
<h2>Tool Versions:</h2>
IDE-Version: ¶ÃVision V5.23.0.0
Copyright (C) 2017 ARM Ltd and ARM Germany GmbH. All rights reserved.
License Information: z Microsoft, Microsoft, LIC=EXJFW-QU708-U4KS7-EU0FZ-ADNAN-64KA6
 
Tool Versions:
Toolchain:       MDK-ARM Plus  Version: 5.26.2.0
Toolchain Path:  C:\Keil_v5\ARM\ARMCC\Bin
C Compiler:      Armcc.exe V5.06 update 4 (build 422)
Assembler:       Armasm.exe V5.06 update 4 (build 422)
Linker/Locator:  ArmLink.exe V5.06 update 4 (build 422)
Library Manager: ArmAr.exe V5.06 update 4 (build 422)
Hex Converter:   FromElf.exe V5.06 update 4 (build 422)
CPU DLL:         SARMCM3.DLL V5.26.2.0
Dialog DLL:      DCM.DLL V1.15.0.0
Target DLL:      Segger\JL2CM3.dll V2.99.31.0
Dialog DLL:      TCM.DLL V1.27.0.0
 
<h2>Project:</h2>
E:\NXP\RT1021\πÃº˛ø‚¿˝≥Ã\RT1021_¥•√˛ª≠∞Â\project\mdk\YH-RT1021.uvprojx
Project File Date:  11/26/2018

<h2>Output:</h2>
*** Using Compiler 'V5.06 update 4 (build 422)', folder: 'C:\Keil_v5\ARM\ARMCC\Bin'
Build target 'nor_txt_ram'
compiling main.c...
..\..\user\main.c(94): warning:  #167-D: argument of type "uint8_t *" is incompatible with parameter of type "char *"
  		ILI9341_DispString_EN_CH( 150,display_y_axis,(uint8_t*)"SDRAM≤‚ ‘...");	
..\..\user\main.c(95): warning:  #223-D: function "SEMC_SDRAMReadWriteTest" declared implicitly
  		if(SEMC_SDRAMReadWriteTest() && SDRAM_FullChipTest())
..\..\user\main.c(95): warning:  #223-D: function "SDRAM_FullChipTest" declared implicitly
  		if(SEMC_SDRAMReadWriteTest() && SDRAM_FullChipTest())
..\..\user\main.c(98): warning:  #167-D: argument of type "uint8_t *" is incompatible with parameter of type "char *"
  			ILI9341_DispString_EN_CH( 150,display_y_axis,(uint8_t*)"SDRAM≤‚ ‘≥…π¶");	 
..\..\user\main.c(103): warning:  #167-D: argument of type "uint8_t *" is incompatible with parameter of type "char *"
  			ILI9341_DispString_EN_CH( 150,display_y_axis,(uint8_t*)"SDRAM≤‚ ‘ ß∞‹ ");			
..\..\user\main.c(42): warning:  #177-D: variable "fps"  was declared but never referenced
  		double fps;
..\..\user\main.c(43): warning:  #550-D: variable "width"  was set but never used
  		uint16_t width, height;
..\..\user\main.c(43): warning:  #550-D: variable "height"  was set but never used
  		uint16_t width, height;
..\..\user\main.c(44): warning:  #550-D: variable "pic"  was set but never used
  		uint16_t * pic;
..\..\user\main.c: 9 warnings, 0 errors
linking...
.\MIMXRT1021xxxxx_nor_txt_ram.scf(113): warning: L6329W: Pattern *(NonCacheable) only matches removed unused sections.
Program Size: Code=35520 RO-data=279960 RW-data=300 ZI-data=35428  
Finished: 0 information, 1 warning and 0 error messages.
FromELF: creating hex file...
".\nor_txt_ram\Objects\YH-RT1021.axf" - 0 Error(s), 10 Warning(s).

<h2>Collection of Component include folders:</h2>
  .\RTE\_nor_txt_ram
  C:\Keil_v5\ARM\PACK\NXP\MIMXRT1021_DFP\10.0.0

<h2>Collection of Component Files used:</h2>
Build Time Elapsed:  00:00:01
</pre>
</body>
</html>
