<html>
<body>
<pre>
<h1>µVision Build Log</h1>
<h2>Tool Versions:</h2>
IDE-Version: ¦ÌVision V5.23.0.0
Copyright (C) 2017 ARM Ltd and ARM Germany GmbH. All rights reserved.
License Information: z Microsoft, Microsoft, LIC=EXJFW-QU708-U4KS7-EU0FZ-ADNAN-64KA6
 
Tool Versions:
Toolchain:       MDK-ARM Plus  Version: 5.26.2.0
Toolchain Path:  C:\Keil_v5\ARM\ARMCC\Bin
C Compiler:      Armcc.exe V5.06 update 4 (build 422)
Assembler:       Armasm.exe V5.06 update 4 (build 422)
Linker/Locator:  ArmLink.exe V5.06 update 4 (build 422)
Library Manager: ArmAr.exe V5.06 update 4 (build 422)
Hex Converter:   FromElf.exe V5.06 update 4 (build 422)
CPU DLL:         SARMCM3.DLL V5.26.2.0
Dialog DLL:      DCM.DLL V1.15.0.0
Target DLL:      CMSIS_AGDI.dll V1.27.5.0
Dialog DLL:      TCM.DLL V1.27.0.0
 
<h2>Project:</h2>
E:\NXP\RT1021\¹Ì¼þ¿âÀý³Ì\ÒÔÌ«Íø\project\mdk\YH-RT1021.uvprojx
Project File Date:  10/25/2018

<h2>Output:</h2>
*** Using Compiler 'V5.06 update 4 (build 422)', folder: 'C:\Keil_v5\ARM\ARMCC\Bin'
Build target 'nor_flash'
assembling startup_MIMXRT1021.s...
compiling fsl_assert.c...
compiling system_MIMXRT1021.c...
compiling fsl_common.c...
compiling fsl_gpio.c...
compiling fsl_lpuart.c...
compiling fsl_sbrk.c...
compiling fsl_enet.c...
compiling fsl_clock.c...
compiling fsl_notifier.c...
compiling fsl_shell.c...
compiling fsl_io.c...
compiling fsl_debug_console.c...
compiling board.c...
compiling fsl_log.c...
compiling pin_mux.c...
compiling fsl_str.c...
compiling fire_imxrt1021_sdram_ini_dcd.c...
compiling fsl_phy.c...
compiling clock_config.c...
compiling fsl_flexspi_nor_boot.c...
compiling fire_imxrt1021_spiflash_config.c...
compiling main.c...
compiling lwiperf.c...
compiling ethernetif.c...
compiling sys_arch.c...
compiling api_lib.c...
compiling api_msg.c...
compiling netbuf.c...
compiling err.c...
compiling netifapi.c...
compiling sockets.c...
compiling netdb.c...
compiling def.c...
compiling tcpip.c...
compiling dns.c...
compiling inet_chksum.c...
compiling init.c...
compiling mem.c...
compiling netif.c...
compiling raw.c...
compiling ip.c...
compiling stats.c...
compiling memp.c...
compiling pbuf.c...
compiling sys.c...
compiling tcp.c...
compiling tcp_in.c...
compiling tcp_out.c...
compiling autoip.c...
compiling udp.c...
compiling timeouts.c...
compiling dhcp.c...
compiling igmp.c...
compiling icmp.c...
compiling etharp.c...
compiling ip4_addr.c...
compiling dhcp6.c...
compiling ethip6.c...
compiling ip4_frag.c...
compiling ip4.c...
compiling inet6.c...
compiling ip6.c...
compiling ip6_addr.c...
compiling ip6_frag.c...
compiling icmp6.c...
compiling mld6.c...
compiling nd6.c...
compiling ethernet.c...
compiling slipif.c...
compiling auth.c...
compiling lowpan6.c...
compiling ccp.c...
compiling chap_ms.c...
compiling chap-md5.c...
compiling demand.c...
compiling chap-new.c...
compiling eap.c...
compiling ipcp.c...
compiling eui64.c...
compiling fsm.c...
compiling ipv6cp.c...
compiling lwip_ecp.c...
compiling lcp.c...
compiling magic.c...
compiling mppe.c...
compiling ppp.c...
compiling pppapi.c...
compiling multilink.c...
compiling pppoe.c...
compiling pppcrypt.c...
compiling upap.c...
compiling utils.c...
compiling pppos.c...
compiling pppol2tp.c...
compiling vj.c...
linking...
Program Size: Code=61164 RO-data=5744 RW-data=292 ZI-data=55988  
FromELF: creating hex file...
".\nor_flash\Objects\YH-RT1021.axf" - 0 Error(s), 0 Warning(s).

<h2>Collection of Component include folders:</h2>
  .\RTE\_nor_flash
  C:\Keil_v5\ARM\PACK\NXP\MIMXRT1021_DFP\10.0.0

<h2>Collection of Component Files used:</h2>
Build Time Elapsed:  00:00:07
</pre>
</body>
</html>
