<html>
<body>
<pre>
<h1>µVision Build Log</h1>
<h2>Tool Versions:</h2>
IDE-Version: ¦ÌVision V5.23.0.0
Copyright (C) 2017 ARM Ltd and ARM Germany GmbH. All rights reserved.
License Information: z Microsoft, Microsoft, LIC=EXJFW-QU708-U4KS7-EU0FZ-ADNAN-64KA6
 
Tool Versions:
Toolchain:       MDK-ARM Plus  Version: 5.26.2.0
Toolchain Path:  C:\Keil_v5\ARM\ARMCC\Bin
C Compiler:      Armcc.exe V5.06 update 4 (build 422)
Assembler:       Armasm.exe V5.06 update 4 (build 422)
Linker/Locator:  ArmLink.exe V5.06 update 4 (build 422)
Library Manager: ArmAr.exe V5.06 update 4 (build 422)
Hex Converter:   FromElf.exe V5.06 update 4 (build 422)
CPU DLL:         SARMCM3.DLL V5.26.2.0
Dialog DLL:      DCM.DLL V1.15.0.0
Target DLL:      CMSIS_AGDI.dll V1.27.5.0
Dialog DLL:      TCM.DLL V1.27.0.0
 
<h2>Project:</h2>
E:\NXP\RT1021\¹Ì¼þ¿âÀý³Ì\LPI2C-¶ÁÐ´EEPROM\project\mdk\YH-RT1021.uvprojx
Project File Date:  10/25/2018

<h2>Output:</h2>
*** Using Compiler 'V5.06 update 4 (build 422)', folder: 'C:\Keil_v5\ARM\ARMCC\Bin'
Build target 'nor_flash'
assembling startup_MIMXRT1021.s...
compiling system_MIMXRT1021.c...
compiling fsl_notifier.c...
compiling fsl_common.c...
compiling fsl_assert.c...
compiling fsl_clock.c...
compiling fsl_gpio.c...
compiling fsl_sbrk.c...
compiling fsl_lpi2c.c...
compiling fsl_lpuart.c...
compiling fsl_debug_console.c...
compiling fsl_shell.c...
compiling fsl_log.c...
compiling board.c...
compiling fsl_io.c...
compiling pin_mux.c...
compiling clock_config.c...
compiling fire_imxrt1021_sdram_ini_dcd.c...
compiling fsl_str.c...
compiling main.c...
compiling bsp_led.c...
compiling core_delay.c...
compiling fire_imxrt1021_spiflash_config.c...
compiling eeprom_test.c...
compiling bsp_i2c_eeprom.c...
compiling fsl_flexspi_nor_boot.c...
linking...
Program Size: Code=18772 RO-data=2980 RW-data=36 ZI-data=2636  
FromELF: creating hex file...
".\nor_flash\Objects\YH-RT1021.axf" - 0 Error(s), 0 Warning(s).

<h2>Collection of Component include folders:</h2>
  .\RTE\_nor_flash
  C:\Keil_v5\ARM\PACK\NXP\MIMXRT1021_DFP\10.0.0

<h2>Collection of Component Files used:</h2>
Build Time Elapsed:  00:00:02
</pre>
</body>
</html>
