<!doctype html public "-//w3c//dtd html 4.0 transitional//en">
<html><head>
<title>Static Call Graph - [.\sdram_txt_ram\Objects\YH-RT1052.axf]</title></head>
<body><HR>
<H1>Static Call Graph for image .\sdram_txt_ram\Objects\YH-RT1052.axf</H1><HR>
<BR><P>#&#060CALLGRAPH&#062# ARM Linker, 5060750: Last Updated: Sun Oct 28 20:34:26 2018
<BR><P>
<H3>Maximum Stack Usage =       1056 bytes + Unknown(Cycles, Untraceable Function Pointers)</H3><H3>
Call chain for Maximum Stack Depth:</H3>
main &rArr; Calibrate_or_Get_TouchParaWithFlash &rArr; XPT2046_Touch_Calibrate &rArr; XPT2046_ReadAdc_Smooth_XY &rArr; XPT2046_ReadAdc_XY &rArr; XPT2046_ReadAdc &rArr; XPT2046_WriteCMD &rArr; GPIO_PinWrite &rArr; __aeabi_assert &rArr; DbgConsole_Printf &rArr; StrFormatPrintf &rArr; ConvertFloatRadixNumToString &rArr; __hardfp_pow &rArr; sqrt
<P>
<H3>
Mutually Recursive functions
</H3> <LI><a href="#[1]">NMI_Handler</a>&nbsp;&nbsp;&nbsp;&rArr;&nbsp;&nbsp;&nbsp;<a href="#[1]">NMI_Handler</a><BR>
 <LI><a href="#[2]">HardFault_Handler</a>&nbsp;&nbsp;&nbsp;&rArr;&nbsp;&nbsp;&nbsp;<a href="#[2]">HardFault_Handler</a><BR>
 <LI><a href="#[3]">MemManage_Handler</a>&nbsp;&nbsp;&nbsp;&rArr;&nbsp;&nbsp;&nbsp;<a href="#[3]">MemManage_Handler</a><BR>
 <LI><a href="#[4]">BusFault_Handler</a>&nbsp;&nbsp;&nbsp;&rArr;&nbsp;&nbsp;&nbsp;<a href="#[4]">BusFault_Handler</a><BR>
 <LI><a href="#[5]">UsageFault_Handler</a>&nbsp;&nbsp;&nbsp;&rArr;&nbsp;&nbsp;&nbsp;<a href="#[5]">UsageFault_Handler</a><BR>
 <LI><a href="#[6]">SVC_Handler</a>&nbsp;&nbsp;&nbsp;&rArr;&nbsp;&nbsp;&nbsp;<a href="#[6]">SVC_Handler</a><BR>
 <LI><a href="#[7]">DebugMon_Handler</a>&nbsp;&nbsp;&nbsp;&rArr;&nbsp;&nbsp;&nbsp;<a href="#[7]">DebugMon_Handler</a><BR>
 <LI><a href="#[8]">PendSV_Handler</a>&nbsp;&nbsp;&nbsp;&rArr;&nbsp;&nbsp;&nbsp;<a href="#[8]">PendSV_Handler</a><BR>
 <LI><a href="#[9]">SysTick_Handler</a>&nbsp;&nbsp;&nbsp;&rArr;&nbsp;&nbsp;&nbsp;<a href="#[9]">SysTick_Handler</a><BR>
 <LI><a href="#[11e]">LOG_Push</a>&nbsp;&nbsp;&nbsp;&rArr;&nbsp;&nbsp;&nbsp;<a href="#[f6]">__aeabi_assert</a><BR>
 <LI><a href="#[151]">LPUART_WriteBlocking</a>&nbsp;&nbsp;&nbsp;&rArr;&nbsp;&nbsp;&nbsp;<a href="#[f6]">__aeabi_assert</a><BR>
 <LI><a href="#[152]">LPUART_ReadBlocking</a>&nbsp;&nbsp;&nbsp;&rArr;&nbsp;&nbsp;&nbsp;<a href="#[f6]">__aeabi_assert</a><BR>
</UL>
<P>
<H3>
Function Pointers
</H3><UL>
 <LI><a href="#[85]">ACMP1_IRQHandler</a> from startup_mimxrt1021.o(.text) referenced from startup_mimxrt1021.o(RESET)
 <LI><a href="#[86]">ACMP2_IRQHandler</a> from startup_mimxrt1021.o(.text) referenced from startup_mimxrt1021.o(RESET)
 <LI><a href="#[87]">ACMP3_IRQHandler</a> from startup_mimxrt1021.o(.text) referenced from startup_mimxrt1021.o(RESET)
 <LI><a href="#[88]">ACMP4_IRQHandler</a> from startup_mimxrt1021.o(.text) referenced from startup_mimxrt1021.o(RESET)
 <LI><a href="#[4d]">ADC1_IRQHandler</a> from startup_mimxrt1021.o(.text) referenced from startup_mimxrt1021.o(RESET)
 <LI><a href="#[4e]">ADC2_IRQHandler</a> from startup_mimxrt1021.o(.text) referenced from startup_mimxrt1021.o(RESET)
 <LI><a href="#[83]">ADC_ETC_ERROR_IRQ_IRQHandler</a> from startup_mimxrt1021.o(.text) referenced from startup_mimxrt1021.o(RESET)
 <LI><a href="#[80]">ADC_ETC_IRQ0_IRQHandler</a> from startup_mimxrt1021.o(.text) referenced from startup_mimxrt1021.o(RESET)
 <LI><a href="#[81]">ADC_ETC_IRQ1_IRQHandler</a> from startup_mimxrt1021.o(.text) referenced from startup_mimxrt1021.o(RESET)
 <LI><a href="#[82]">ADC_ETC_IRQ2_IRQHandler</a> from startup_mimxrt1021.o(.text) referenced from startup_mimxrt1021.o(RESET)
 <LI><a href="#[41]">BEE_IRQHandler</a> from startup_mimxrt1021.o(.text) referenced from startup_mimxrt1021.o(RESET)
 <LI><a href="#[4]">BusFault_Handler</a> from startup_mimxrt1021.o(.text) referenced from startup_mimxrt1021.o(RESET)
 <LI><a href="#[bd]">CAN1_DriverIRQHandler</a> from startup_mimxrt1021.o(.text) referenced from startup_mimxrt1021.o(.text)
 <LI><a href="#[2e]">CAN1_IRQHandler</a> from startup_mimxrt1021.o(.text) referenced from startup_mimxrt1021.o(RESET)
 <LI><a href="#[be]">CAN2_DriverIRQHandler</a> from startup_mimxrt1021.o(.text) referenced from startup_mimxrt1021.o(.text)
 <LI><a href="#[2f]">CAN2_IRQHandler</a> from startup_mimxrt1021.o(.text) referenced from startup_mimxrt1021.o(RESET)
 <LI><a href="#[69]">CCM_1_IRQHandler</a> from startup_mimxrt1021.o(.text) referenced from startup_mimxrt1021.o(RESET)
 <LI><a href="#[6a]">CCM_2_IRQHandler</a> from startup_mimxrt1021.o(.text) referenced from startup_mimxrt1021.o(RESET)
 <LI><a href="#[1d]">CORE_IRQHandler</a> from startup_mimxrt1021.o(.text) referenced from startup_mimxrt1021.o(RESET)
 <LI><a href="#[3b]">CSU_IRQHandler</a> from startup_mimxrt1021.o(.text) referenced from startup_mimxrt1021.o(RESET)
 <LI><a href="#[1b]">CTI0_ERROR_IRQHandler</a> from startup_mimxrt1021.o(.text) referenced from startup_mimxrt1021.o(RESET)
 <LI><a href="#[1c]">CTI1_ERROR_IRQHandler</a> from startup_mimxrt1021.o(.text) referenced from startup_mimxrt1021.o(RESET)
 <LI><a href="#[cf]">Command_Clear_Palette</a> from palette.o(i.Command_Clear_Palette) referenced from palette.o(i.Touch_Button_Init)
 <LI><a href="#[d1]">Command_Select_Brush</a> from palette.o(i.Command_Select_Brush) referenced from palette.o(i.Touch_Button_Init)
 <LI><a href="#[cd]">Command_Select_Color</a> from palette.o(i.Command_Select_Color) referenced from palette.o(i.Touch_Button_Init)
 <LI><a href="#[4f]">DCDC_IRQHandler</a> from startup_mimxrt1021.o(.text) referenced from startup_mimxrt1021.o(RESET)
 <LI><a href="#[3c]">DCP_IRQHandler</a> from startup_mimxrt1021.o(.text) referenced from startup_mimxrt1021.o(RESET)
 <LI><a href="#[3d]">DCP_VMI_IRQHandler</a> from startup_mimxrt1021.o(.text) referenced from startup_mimxrt1021.o(RESET)
 <LI><a href="#[9c]">DMA0_DMA16_DriverIRQHandler</a> from fsl_edma.o(i.DMA0_DMA16_DriverIRQHandler) referenced from startup_mimxrt1021.o(.text)
 <LI><a href="#[a]">DMA0_DMA16_IRQHandler</a> from startup_mimxrt1021.o(.text) referenced from startup_mimxrt1021.o(RESET)
 <LI><a href="#[a6]">DMA10_DMA26_DriverIRQHandler</a> from fsl_edma.o(i.DMA10_DMA26_DriverIRQHandler) referenced from startup_mimxrt1021.o(.text)
 <LI><a href="#[14]">DMA10_DMA26_IRQHandler</a> from startup_mimxrt1021.o(.text) referenced from startup_mimxrt1021.o(RESET)
 <LI><a href="#[a7]">DMA11_DMA27_DriverIRQHandler</a> from fsl_edma.o(i.DMA11_DMA27_DriverIRQHandler) referenced from startup_mimxrt1021.o(.text)
 <LI><a href="#[15]">DMA11_DMA27_IRQHandler</a> from startup_mimxrt1021.o(.text) referenced from startup_mimxrt1021.o(RESET)
 <LI><a href="#[a8]">DMA12_DMA28_DriverIRQHandler</a> from fsl_edma.o(i.DMA12_DMA28_DriverIRQHandler) referenced from startup_mimxrt1021.o(.text)
 <LI><a href="#[16]">DMA12_DMA28_IRQHandler</a> from startup_mimxrt1021.o(.text) referenced from startup_mimxrt1021.o(RESET)
 <LI><a href="#[a9]">DMA13_DMA29_DriverIRQHandler</a> from fsl_edma.o(i.DMA13_DMA29_DriverIRQHandler) referenced from startup_mimxrt1021.o(.text)
 <LI><a href="#[17]">DMA13_DMA29_IRQHandler</a> from startup_mimxrt1021.o(.text) referenced from startup_mimxrt1021.o(RESET)
 <LI><a href="#[aa]">DMA14_DMA30_DriverIRQHandler</a> from fsl_edma.o(i.DMA14_DMA30_DriverIRQHandler) referenced from startup_mimxrt1021.o(.text)
 <LI><a href="#[18]">DMA14_DMA30_IRQHandler</a> from startup_mimxrt1021.o(.text) referenced from startup_mimxrt1021.o(RESET)
 <LI><a href="#[ab]">DMA15_DMA31_DriverIRQHandler</a> from fsl_edma.o(i.DMA15_DMA31_DriverIRQHandler) referenced from startup_mimxrt1021.o(.text)
 <LI><a href="#[19]">DMA15_DMA31_IRQHandler</a> from startup_mimxrt1021.o(.text) referenced from startup_mimxrt1021.o(RESET)
 <LI><a href="#[9d]">DMA1_DMA17_DriverIRQHandler</a> from fsl_edma.o(i.DMA1_DMA17_DriverIRQHandler) referenced from startup_mimxrt1021.o(.text)
 <LI><a href="#[b]">DMA1_DMA17_IRQHandler</a> from startup_mimxrt1021.o(.text) referenced from startup_mimxrt1021.o(RESET)
 <LI><a href="#[9e]">DMA2_DMA18_DriverIRQHandler</a> from fsl_edma.o(i.DMA2_DMA18_DriverIRQHandler) referenced from startup_mimxrt1021.o(.text)
 <LI><a href="#[c]">DMA2_DMA18_IRQHandler</a> from startup_mimxrt1021.o(.text) referenced from startup_mimxrt1021.o(RESET)
 <LI><a href="#[9f]">DMA3_DMA19_DriverIRQHandler</a> from fsl_edma.o(i.DMA3_DMA19_DriverIRQHandler) referenced from startup_mimxrt1021.o(.text)
 <LI><a href="#[d]">DMA3_DMA19_IRQHandler</a> from startup_mimxrt1021.o(.text) referenced from startup_mimxrt1021.o(RESET)
 <LI><a href="#[a0]">DMA4_DMA20_DriverIRQHandler</a> from fsl_edma.o(i.DMA4_DMA20_DriverIRQHandler) referenced from startup_mimxrt1021.o(.text)
 <LI><a href="#[e]">DMA4_DMA20_IRQHandler</a> from startup_mimxrt1021.o(.text) referenced from startup_mimxrt1021.o(RESET)
 <LI><a href="#[a1]">DMA5_DMA21_DriverIRQHandler</a> from fsl_edma.o(i.DMA5_DMA21_DriverIRQHandler) referenced from startup_mimxrt1021.o(.text)
 <LI><a href="#[f]">DMA5_DMA21_IRQHandler</a> from startup_mimxrt1021.o(.text) referenced from startup_mimxrt1021.o(RESET)
 <LI><a href="#[a2]">DMA6_DMA22_DriverIRQHandler</a> from fsl_edma.o(i.DMA6_DMA22_DriverIRQHandler) referenced from startup_mimxrt1021.o(.text)
 <LI><a href="#[10]">DMA6_DMA22_IRQHandler</a> from startup_mimxrt1021.o(.text) referenced from startup_mimxrt1021.o(RESET)
 <LI><a href="#[a3]">DMA7_DMA23_DriverIRQHandler</a> from fsl_edma.o(i.DMA7_DMA23_DriverIRQHandler) referenced from startup_mimxrt1021.o(.text)
 <LI><a href="#[11]">DMA7_DMA23_IRQHandler</a> from startup_mimxrt1021.o(.text) referenced from startup_mimxrt1021.o(RESET)
 <LI><a href="#[a4]">DMA8_DMA24_DriverIRQHandler</a> from fsl_edma.o(i.DMA8_DMA24_DriverIRQHandler) referenced from startup_mimxrt1021.o(.text)
 <LI><a href="#[12]">DMA8_DMA24_IRQHandler</a> from startup_mimxrt1021.o(.text) referenced from startup_mimxrt1021.o(RESET)
 <LI><a href="#[a5]">DMA9_DMA25_DriverIRQHandler</a> from fsl_edma.o(i.DMA9_DMA25_DriverIRQHandler) referenced from startup_mimxrt1021.o(.text)
 <LI><a href="#[13]">DMA9_DMA25_IRQHandler</a> from startup_mimxrt1021.o(.text) referenced from startup_mimxrt1021.o(RESET)
 <LI><a href="#[ac]">DMA_ERROR_DriverIRQHandler</a> from startup_mimxrt1021.o(.text) referenced from startup_mimxrt1021.o(.text)
 <LI><a href="#[1a]">DMA_ERROR_IRQHandler</a> from startup_mimxrt1021.o(.text) referenced from startup_mimxrt1021.o(RESET)
 <LI><a href="#[cb]">DbgConsole_RelocateLog</a> from fsl_debug_console.o(i.DbgConsole_RelocateLog) referenced from fsl_debug_console.o(i.DbgConsole_Printf)
 <LI><a href="#[7]">DebugMon_Handler</a> from startup_mimxrt1021.o(.text) referenced from startup_mimxrt1021.o(RESET)
 <LI><a href="#[98]">DefaultISR</a> from startup_mimxrt1021.o(.text) referenced from startup_mimxrt1021.o(.text)
 <LI><a href="#[98]">DefaultISR</a> from startup_mimxrt1021.o(.text) referenced 97 times from startup_mimxrt1021.o(RESET)
 <LI><a href="#[ce]">Draw_Clear_Button</a> from palette.o(i.Draw_Clear_Button) referenced from palette.o(i.Touch_Button_Init)
 <LI><a href="#[cc]">Draw_Color_Button</a> from palette.o(i.Draw_Color_Button) referenced from palette.o(i.Touch_Button_Init)
 <LI><a href="#[d0]">Draw_Shape_Button</a> from palette.o(i.Draw_Shape_Button) referenced from palette.o(i.Touch_Button_Init)
 <LI><a href="#[ca]">EDMA_Callback</a> from semc_8080_lcd.o(i.EDMA_Callback) referenced from semc_8080_lcd.o(i.ConfigDma)
 <LI><a href="#[8b]">ENC1_IRQHandler</a> from startup_mimxrt1021.o(.text) referenced from startup_mimxrt1021.o(RESET)
 <LI><a href="#[8c]">ENC2_IRQHandler</a> from startup_mimxrt1021.o(.text) referenced from startup_mimxrt1021.o(RESET)
 <LI><a href="#[c9]">ENET_1588_Timer_DriverIRQHandler</a> from startup_mimxrt1021.o(.text) referenced from startup_mimxrt1021.o(.text)
 <LI><a href="#[7d]">ENET_1588_Timer_IRQHandler</a> from startup_mimxrt1021.o(.text) referenced from startup_mimxrt1021.o(RESET)
 <LI><a href="#[c8]">ENET_DriverIRQHandler</a> from startup_mimxrt1021.o(.text) referenced from startup_mimxrt1021.o(.text)
 <LI><a href="#[7c]">ENET_IRQHandler</a> from startup_mimxrt1021.o(.text) referenced from startup_mimxrt1021.o(RESET)
 <LI><a href="#[68]">EWM_IRQHandler</a> from startup_mimxrt1021.o(.text) referenced from startup_mimxrt1021.o(RESET)
 <LI><a href="#[c4]">FLEXIO1_DriverIRQHandler</a> from startup_mimxrt1021.o(.text) referenced from startup_mimxrt1021.o(.text)
 <LI><a href="#[64]">FLEXIO1_IRQHandler</a> from startup_mimxrt1021.o(.text) referenced from startup_mimxrt1021.o(RESET)
 <LI><a href="#[30]">FLEXRAM_IRQHandler</a> from startup_mimxrt1021.o(.text) referenced from startup_mimxrt1021.o(RESET)
 <LI><a href="#[c5]">FLEXSPI_DriverIRQHandler</a> from startup_mimxrt1021.o(.text) referenced from startup_mimxrt1021.o(.text)
 <LI><a href="#[76]">FLEXSPI_IRQHandler</a> from startup_mimxrt1021.o(.text) referenced from startup_mimxrt1021.o(RESET)
 <LI><a href="#[6b]">GPC_IRQHandler</a> from startup_mimxrt1021.o(.text) referenced from startup_mimxrt1021.o(RESET)
 <LI><a href="#[5a]">GPIO1_Combined_0_15_IRQHandler</a> from startup_mimxrt1021.o(.text) referenced from startup_mimxrt1021.o(RESET)
 <LI><a href="#[5b]">GPIO1_Combined_16_31_IRQHandler</a> from startup_mimxrt1021.o(.text) referenced from startup_mimxrt1021.o(RESET)
 <LI><a href="#[52]">GPIO1_INT0_IRQHandler</a> from startup_mimxrt1021.o(.text) referenced from startup_mimxrt1021.o(RESET)
 <LI><a href="#[53]">GPIO1_INT1_IRQHandler</a> from startup_mimxrt1021.o(.text) referenced from startup_mimxrt1021.o(RESET)
 <LI><a href="#[54]">GPIO1_INT2_IRQHandler</a> from startup_mimxrt1021.o(.text) referenced from startup_mimxrt1021.o(RESET)
 <LI><a href="#[55]">GPIO1_INT3_IRQHandler</a> from startup_mimxrt1021.o(.text) referenced from startup_mimxrt1021.o(RESET)
 <LI><a href="#[56]">GPIO1_INT4_IRQHandler</a> from startup_mimxrt1021.o(.text) referenced from startup_mimxrt1021.o(RESET)
 <LI><a href="#[57]">GPIO1_INT5_IRQHandler</a> from startup_mimxrt1021.o(.text) referenced from startup_mimxrt1021.o(RESET)
 <LI><a href="#[58]">GPIO1_INT6_IRQHandler</a> from startup_mimxrt1021.o(.text) referenced from startup_mimxrt1021.o(RESET)
 <LI><a href="#[59]">GPIO1_INT7_IRQHandler</a> from startup_mimxrt1021.o(.text) referenced from startup_mimxrt1021.o(RESET)
 <LI><a href="#[5c]">GPIO2_Combined_0_15_IRQHandler</a> from startup_mimxrt1021.o(.text) referenced from startup_mimxrt1021.o(RESET)
 <LI><a href="#[5d]">GPIO2_Combined_16_31_IRQHandler</a> from startup_mimxrt1021.o(.text) referenced from startup_mimxrt1021.o(RESET)
 <LI><a href="#[5e]">GPIO3_Combined_0_15_IRQHandler</a> from startup_mimxrt1021.o(.text) referenced from startup_mimxrt1021.o(RESET)
 <LI><a href="#[5f]">GPIO3_Combined_16_31_IRQHandler</a> from startup_mimxrt1021.o(.text) referenced from startup_mimxrt1021.o(RESET)
 <LI><a href="#[62]">GPIO5_Combined_0_15_IRQHandler</a> from startup_mimxrt1021.o(.text) referenced from startup_mimxrt1021.o(RESET)
 <LI><a href="#[63]">GPIO5_Combined_16_31_IRQHandler</a> from startup_mimxrt1021.o(.text) referenced from startup_mimxrt1021.o(RESET)
 <LI><a href="#[33]">GPR_IRQ_IRQHandler</a> from startup_mimxrt1021.o(.text) referenced from startup_mimxrt1021.o(RESET)
 <LI><a href="#[6e]">GPT1_IRQHandler</a> from startup_mimxrt1021.o(.text) referenced from startup_mimxrt1021.o(RESET)
 <LI><a href="#[6f]">GPT2_IRQHandler</a> from startup_mimxrt1021.o(.text) referenced from startup_mimxrt1021.o(RESET)
 <LI><a href="#[2]">HardFault_Handler</a> from startup_mimxrt1021.o(.text) referenced from startup_mimxrt1021.o(RESET)
 <LI><a href="#[31]">KPP_IRQHandler</a> from startup_mimxrt1021.o(.text) referenced from startup_mimxrt1021.o(RESET)
 <LI><a href="#[b5]">LPI2C1_DriverIRQHandler</a> from fsl_lpi2c.o(i.LPI2C1_DriverIRQHandler) referenced from startup_mimxrt1021.o(.text)
 <LI><a href="#[26]">LPI2C1_IRQHandler</a> from startup_mimxrt1021.o(.text) referenced from startup_mimxrt1021.o(RESET)
 <LI><a href="#[b6]">LPI2C2_DriverIRQHandler</a> from fsl_lpi2c.o(i.LPI2C2_DriverIRQHandler) referenced from startup_mimxrt1021.o(.text)
 <LI><a href="#[27]">LPI2C2_IRQHandler</a> from startup_mimxrt1021.o(.text) referenced from startup_mimxrt1021.o(RESET)
 <LI><a href="#[b7]">LPI2C3_DriverIRQHandler</a> from fsl_lpi2c.o(i.LPI2C3_DriverIRQHandler) referenced from startup_mimxrt1021.o(.text)
 <LI><a href="#[28]">LPI2C3_IRQHandler</a> from startup_mimxrt1021.o(.text) referenced from startup_mimxrt1021.o(RESET)
 <LI><a href="#[b8]">LPI2C4_DriverIRQHandler</a> from fsl_lpi2c.o(i.LPI2C4_DriverIRQHandler) referenced from startup_mimxrt1021.o(.text)
 <LI><a href="#[29]">LPI2C4_IRQHandler</a> from startup_mimxrt1021.o(.text) referenced from startup_mimxrt1021.o(RESET)
 <LI><a href="#[b9]">LPSPI1_DriverIRQHandler</a> from startup_mimxrt1021.o(.text) referenced from startup_mimxrt1021.o(.text)
 <LI><a href="#[2a]">LPSPI1_IRQHandler</a> from startup_mimxrt1021.o(.text) referenced from startup_mimxrt1021.o(RESET)
 <LI><a href="#[ba]">LPSPI2_DriverIRQHandler</a> from startup_mimxrt1021.o(.text) referenced from startup_mimxrt1021.o(.text)
 <LI><a href="#[2b]">LPSPI2_IRQHandler</a> from startup_mimxrt1021.o(.text) referenced from startup_mimxrt1021.o(RESET)
 <LI><a href="#[bb]">LPSPI3_DriverIRQHandler</a> from startup_mimxrt1021.o(.text) referenced from startup_mimxrt1021.o(.text)
 <LI><a href="#[2c]">LPSPI3_IRQHandler</a> from startup_mimxrt1021.o(.text) referenced from startup_mimxrt1021.o(RESET)
 <LI><a href="#[bc]">LPSPI4_DriverIRQHandler</a> from startup_mimxrt1021.o(.text) referenced from startup_mimxrt1021.o(.text)
 <LI><a href="#[2d]">LPSPI4_IRQHandler</a> from startup_mimxrt1021.o(.text) referenced from startup_mimxrt1021.o(RESET)
 <LI><a href="#[ad]">LPUART1_DriverIRQHandler</a> from fsl_lpuart.o(i.LPUART1_DriverIRQHandler) referenced from startup_mimxrt1021.o(.text)
 <LI><a href="#[1e]">LPUART1_IRQHandler</a> from startup_mimxrt1021.o(.text) referenced from startup_mimxrt1021.o(RESET)
 <LI><a href="#[ae]">LPUART2_DriverIRQHandler</a> from fsl_lpuart.o(i.LPUART2_DriverIRQHandler) referenced from startup_mimxrt1021.o(.text)
 <LI><a href="#[1f]">LPUART2_IRQHandler</a> from startup_mimxrt1021.o(.text) referenced from startup_mimxrt1021.o(RESET)
 <LI><a href="#[af]">LPUART3_DriverIRQHandler</a> from fsl_lpuart.o(i.LPUART3_DriverIRQHandler) referenced from startup_mimxrt1021.o(.text)
 <LI><a href="#[20]">LPUART3_IRQHandler</a> from startup_mimxrt1021.o(.text) referenced from startup_mimxrt1021.o(RESET)
 <LI><a href="#[b0]">LPUART4_DriverIRQHandler</a> from fsl_lpuart.o(i.LPUART4_DriverIRQHandler) referenced from startup_mimxrt1021.o(.text)
 <LI><a href="#[21]">LPUART4_IRQHandler</a> from startup_mimxrt1021.o(.text) referenced from startup_mimxrt1021.o(RESET)
 <LI><a href="#[b1]">LPUART5_DriverIRQHandler</a> from fsl_lpuart.o(i.LPUART5_DriverIRQHandler) referenced from startup_mimxrt1021.o(.text)
 <LI><a href="#[22]">LPUART5_IRQHandler</a> from startup_mimxrt1021.o(.text) referenced from startup_mimxrt1021.o(RESET)
 <LI><a href="#[b2]">LPUART6_DriverIRQHandler</a> from fsl_lpuart.o(i.LPUART6_DriverIRQHandler) referenced from startup_mimxrt1021.o(.text)
 <LI><a href="#[23]">LPUART6_IRQHandler</a> from startup_mimxrt1021.o(.text) referenced from startup_mimxrt1021.o(RESET)
 <LI><a href="#[b3]">LPUART7_DriverIRQHandler</a> from fsl_lpuart.o(i.LPUART7_DriverIRQHandler) referenced from startup_mimxrt1021.o(.text)
 <LI><a href="#[24]">LPUART7_IRQHandler</a> from startup_mimxrt1021.o(.text) referenced from startup_mimxrt1021.o(RESET)
 <LI><a href="#[b4]">LPUART8_DriverIRQHandler</a> from fsl_lpuart.o(i.LPUART8_DriverIRQHandler) referenced from startup_mimxrt1021.o(.text)
 <LI><a href="#[25]">LPUART8_IRQHandler</a> from startup_mimxrt1021.o(.text) referenced from startup_mimxrt1021.o(RESET)
 <LI><a href="#[3]">MemManage_Handler</a> from startup_mimxrt1021.o(.text) referenced from startup_mimxrt1021.o(RESET)
 <LI><a href="#[1]">NMI_Handler</a> from startup_mimxrt1021.o(.text) referenced from startup_mimxrt1021.o(RESET)
 <LI><a href="#[84]">PIT_IRQHandler</a> from startup_mimxrt1021.o(.text) referenced from startup_mimxrt1021.o(RESET)
 <LI><a href="#[47]">PMU_IRQHandler</a> from startup_mimxrt1021.o(.text) referenced from startup_mimxrt1021.o(RESET)
 <LI><a href="#[70]">PWM1_0_IRQHandler</a> from startup_mimxrt1021.o(.text) referenced from startup_mimxrt1021.o(RESET)
 <LI><a href="#[71]">PWM1_1_IRQHandler</a> from startup_mimxrt1021.o(.text) referenced from startup_mimxrt1021.o(RESET)
 <LI><a href="#[72]">PWM1_2_IRQHandler</a> from startup_mimxrt1021.o(.text) referenced from startup_mimxrt1021.o(RESET)
 <LI><a href="#[73]">PWM1_3_IRQHandler</a> from startup_mimxrt1021.o(.text) referenced from startup_mimxrt1021.o(RESET)
 <LI><a href="#[74]">PWM1_FAULT_IRQHandler</a> from startup_mimxrt1021.o(.text) referenced from startup_mimxrt1021.o(RESET)
 <LI><a href="#[93]">PWM2_0_IRQHandler</a> from startup_mimxrt1021.o(.text) referenced from startup_mimxrt1021.o(RESET)
 <LI><a href="#[94]">PWM2_1_IRQHandler</a> from startup_mimxrt1021.o(.text) referenced from startup_mimxrt1021.o(RESET)
 <LI><a href="#[95]">PWM2_2_IRQHandler</a> from startup_mimxrt1021.o(.text) referenced from startup_mimxrt1021.o(RESET)
 <LI><a href="#[96]">PWM2_3_IRQHandler</a> from startup_mimxrt1021.o(.text) referenced from startup_mimxrt1021.o(RESET)
 <LI><a href="#[97]">PWM2_FAULT_IRQHandler</a> from startup_mimxrt1021.o(.text) referenced from startup_mimxrt1021.o(RESET)
 <LI><a href="#[8]">PendSV_Handler</a> from startup_mimxrt1021.o(.text) referenced from startup_mimxrt1021.o(RESET)
 <LI><a href="#[67]">RTWDOG_IRQHandler</a> from startup_mimxrt1021.o(.text) referenced from startup_mimxrt1021.o(RESET)
 <LI><a href="#[60]">Reserved102_IRQHandler</a> from startup_mimxrt1021.o(.text) referenced from startup_mimxrt1021.o(RESET)
 <LI><a href="#[61]">Reserved103_IRQHandler</a> from startup_mimxrt1021.o(.text) referenced from startup_mimxrt1021.o(RESET)
 <LI><a href="#[65]">Reserved107_IRQHandler</a> from startup_mimxrt1021.o(.text) referenced from startup_mimxrt1021.o(RESET)
 <LI><a href="#[6d]">Reserved115_IRQHandler</a> from startup_mimxrt1021.o(.text) referenced from startup_mimxrt1021.o(RESET)
 <LI><a href="#[75]">Reserved123_IRQHandler</a> from startup_mimxrt1021.o(.text) referenced from startup_mimxrt1021.o(RESET)
 <LI><a href="#[7a]">Reserved128_IRQHandler</a> from startup_mimxrt1021.o(.text) referenced from startup_mimxrt1021.o(RESET)
 <LI><a href="#[89]">Reserved143_IRQHandler</a> from startup_mimxrt1021.o(.text) referenced from startup_mimxrt1021.o(RESET)
 <LI><a href="#[8a]">Reserved144_IRQHandler</a> from startup_mimxrt1021.o(.text) referenced from startup_mimxrt1021.o(RESET)
 <LI><a href="#[8d]">Reserved147_IRQHandler</a> from startup_mimxrt1021.o(.text) referenced from startup_mimxrt1021.o(RESET)
 <LI><a href="#[8e]">Reserved148_IRQHandler</a> from startup_mimxrt1021.o(.text) referenced from startup_mimxrt1021.o(RESET)
 <LI><a href="#[91]">Reserved151_IRQHandler</a> from startup_mimxrt1021.o(.text) referenced from startup_mimxrt1021.o(RESET)
 <LI><a href="#[92]">Reserved152_IRQHandler</a> from startup_mimxrt1021.o(.text) referenced from startup_mimxrt1021.o(RESET)
 <LI><a href="#[32]">Reserved56_IRQHandler</a> from startup_mimxrt1021.o(.text) referenced from startup_mimxrt1021.o(RESET)
 <LI><a href="#[34]">Reserved58_IRQHandler</a> from startup_mimxrt1021.o(.text) referenced from startup_mimxrt1021.o(RESET)
 <LI><a href="#[35]">Reserved59_IRQHandler</a> from startup_mimxrt1021.o(.text) referenced from startup_mimxrt1021.o(RESET)
 <LI><a href="#[36]">Reserved60_IRQHandler</a> from startup_mimxrt1021.o(.text) referenced from startup_mimxrt1021.o(RESET)
 <LI><a href="#[3e]">Reserved68_IRQHandler</a> from startup_mimxrt1021.o(.text) referenced from startup_mimxrt1021.o(RESET)
 <LI><a href="#[40]">Reserved70_IRQHandler</a> from startup_mimxrt1021.o(.text) referenced from startup_mimxrt1021.o(RESET)
 <LI><a href="#[48]">Reserved78_IRQHandler</a> from startup_mimxrt1021.o(.text) referenced from startup_mimxrt1021.o(RESET)
 <LI><a href="#[4c]">Reserved82_IRQHandler</a> from startup_mimxrt1021.o(.text) referenced from startup_mimxrt1021.o(RESET)
 <LI><a href="#[50]">Reserved86_IRQHandler</a> from startup_mimxrt1021.o(.text) referenced from startup_mimxrt1021.o(RESET)
 <LI><a href="#[51]">Reserved87_IRQHandler</a> from startup_mimxrt1021.o(.text) referenced from startup_mimxrt1021.o(RESET)
 <LI><a href="#[0]">Reset_Handler</a> from startup_mimxrt1021.o(.text) referenced from startup_mimxrt1021.o(RESET)
 <LI><a href="#[bf]">SAI1_DriverIRQHandler</a> from startup_mimxrt1021.o(.text) referenced from startup_mimxrt1021.o(.text)
 <LI><a href="#[42]">SAI1_IRQHandler</a> from startup_mimxrt1021.o(.text) referenced from startup_mimxrt1021.o(RESET)
 <LI><a href="#[c0]">SAI2_DriverIRQHandler</a> from startup_mimxrt1021.o(.text) referenced from startup_mimxrt1021.o(.text)
 <LI><a href="#[43]">SAI2_IRQHandler</a> from startup_mimxrt1021.o(.text) referenced from startup_mimxrt1021.o(RESET)
 <LI><a href="#[c1]">SAI3_RX_DriverIRQHandler</a> from startup_mimxrt1021.o(.text) referenced from startup_mimxrt1021.o(.text)
 <LI><a href="#[44]">SAI3_RX_IRQHandler</a> from startup_mimxrt1021.o(.text) referenced from startup_mimxrt1021.o(RESET)
 <LI><a href="#[c2]">SAI3_TX_DriverIRQHandler</a> from startup_mimxrt1021.o(.text) referenced from startup_mimxrt1021.o(.text)
 <LI><a href="#[45]">SAI3_TX_IRQHandler</a> from startup_mimxrt1021.o(.text) referenced from startup_mimxrt1021.o(RESET)
 <LI><a href="#[77]">SEMC_IRQHandler</a> from startup_mimxrt1021.o(.text) referenced from startup_mimxrt1021.o(RESET)
 <LI><a href="#[38]">SNVS_HP_WRAPPER_IRQHandler</a> from startup_mimxrt1021.o(.text) referenced from startup_mimxrt1021.o(RESET)
 <LI><a href="#[39]">SNVS_HP_WRAPPER_TZ_IRQHandler</a> from startup_mimxrt1021.o(.text) referenced from startup_mimxrt1021.o(RESET)
 <LI><a href="#[3a]">SNVS_LP_WRAPPER_IRQHandler</a> from startup_mimxrt1021.o(.text) referenced from startup_mimxrt1021.o(RESET)
 <LI><a href="#[c3]">SPDIF_DriverIRQHandler</a> from startup_mimxrt1021.o(.text) referenced from startup_mimxrt1021.o(.text)
 <LI><a href="#[46]">SPDIF_IRQHandler</a> from startup_mimxrt1021.o(.text) referenced from startup_mimxrt1021.o(RESET)
 <LI><a href="#[6c]">SRC_IRQHandler</a> from startup_mimxrt1021.o(.text) referenced from startup_mimxrt1021.o(RESET)
 <LI><a href="#[6]">SVC_Handler</a> from startup_mimxrt1021.o(.text) referenced from startup_mimxrt1021.o(RESET)
 <LI><a href="#[9]">SysTick_Handler</a> from startup_mimxrt1021.o(.text) referenced from startup_mimxrt1021.o(RESET)
 <LI><a href="#[9a]">SystemInit</a> from system_mimxrt1021.o(i.SystemInit) referenced from startup_mimxrt1021.o(.text)
 <LI><a href="#[49]">TEMP_LOW_HIGH_IRQHandler</a> from startup_mimxrt1021.o(.text) referenced from startup_mimxrt1021.o(RESET)
 <LI><a href="#[4a]">TEMP_PANIC_IRQHandler</a> from startup_mimxrt1021.o(.text) referenced from startup_mimxrt1021.o(RESET)
 <LI><a href="#[8f]">TMR1_IRQHandler</a> from startup_mimxrt1021.o(.text) referenced from startup_mimxrt1021.o(RESET)
 <LI><a href="#[90]">TMR2_IRQHandler</a> from startup_mimxrt1021.o(.text) referenced from startup_mimxrt1021.o(RESET)
 <LI><a href="#[3f]">TRNG_IRQHandler</a> from startup_mimxrt1021.o(.text) referenced from startup_mimxrt1021.o(RESET)
 <LI><a href="#[7b]">USB_OTG1_IRQHandler</a> from startup_mimxrt1021.o(.text) referenced from startup_mimxrt1021.o(RESET)
 <LI><a href="#[4b]">USB_PHY_IRQHandler</a> from startup_mimxrt1021.o(.text) referenced from startup_mimxrt1021.o(RESET)
 <LI><a href="#[c6]">USDHC1_DriverIRQHandler</a> from startup_mimxrt1021.o(.text) referenced from startup_mimxrt1021.o(.text)
 <LI><a href="#[78]">USDHC1_IRQHandler</a> from startup_mimxrt1021.o(.text) referenced from startup_mimxrt1021.o(RESET)
 <LI><a href="#[c7]">USDHC2_DriverIRQHandler</a> from startup_mimxrt1021.o(.text) referenced from startup_mimxrt1021.o(.text)
 <LI><a href="#[79]">USDHC2_IRQHandler</a> from startup_mimxrt1021.o(.text) referenced from startup_mimxrt1021.o(RESET)
 <LI><a href="#[5]">UsageFault_Handler</a> from startup_mimxrt1021.o(.text) referenced from startup_mimxrt1021.o(RESET)
 <LI><a href="#[66]">WDOG1_IRQHandler</a> from startup_mimxrt1021.o(.text) referenced from startup_mimxrt1021.o(RESET)
 <LI><a href="#[37]">WDOG2_IRQHandler</a> from startup_mimxrt1021.o(.text) referenced from startup_mimxrt1021.o(RESET)
 <LI><a href="#[7e]">XBAR1_IRQ_0_1_IRQHandler</a> from startup_mimxrt1021.o(.text) referenced from startup_mimxrt1021.o(RESET)
 <LI><a href="#[7f]">XBAR1_IRQ_2_3_IRQHandler</a> from startup_mimxrt1021.o(.text) referenced from startup_mimxrt1021.o(RESET)
 <LI><a href="#[9b]">__main</a> from entry.o(.ARM.Collect$$$$00000000) referenced from startup_mimxrt1021.o(.text)
 <LI><a href="#[d2]">_sputc</a> from printf6.o(i._sputc) referenced from printf6.o(i.__0sprintf$6)
 <LI><a href="#[99]">main</a> from main.o(i.main) referenced from entry9a.o(.ARM.Collect$$$$0000000B)
</UL>
<P>
<H3>
Global Symbols
</H3>
<P><STRONG><a name="[9b]"></a>__main</STRONG> (Thumb, 0 bytes, Stack size unknown bytes, entry.o(.ARM.Collect$$$$00000000))
<BR>[Address Reference Count : 1]<UL><LI> startup_mimxrt1021.o(.text)
</UL>
<P><STRONG><a name="[193]"></a>_main_stk</STRONG> (Thumb, 0 bytes, Stack size unknown bytes, entry4.o(.ARM.Collect$$$$00000003))

<P><STRONG><a name="[d3]"></a>_main_scatterload</STRONG> (Thumb, 0 bytes, Stack size unknown bytes, entry5.o(.ARM.Collect$$$$00000004))
<BR><BR>[Calls]<UL><LI><a href="#[d4]">&gt;&gt;</a>&nbsp;&nbsp;&nbsp;__scatterload
</UL>

<P><STRONG><a name="[e0]"></a>__main_after_scatterload</STRONG> (Thumb, 0 bytes, Stack size unknown bytes, entry5.o(.ARM.Collect$$$$00000004))
<BR><BR>[Called By]<UL><LI><a href="#[d4]">&gt;&gt;</a>&nbsp;&nbsp;&nbsp;__scatterload
</UL>

<P><STRONG><a name="[194]"></a>_main_clock</STRONG> (Thumb, 0 bytes, Stack size unknown bytes, entry7b.o(.ARM.Collect$$$$00000008))

<P><STRONG><a name="[195]"></a>_main_cpp_init</STRONG> (Thumb, 0 bytes, Stack size unknown bytes, entry8b.o(.ARM.Collect$$$$0000000A))

<P><STRONG><a name="[196]"></a>_main_init</STRONG> (Thumb, 0 bytes, Stack size unknown bytes, entry9a.o(.ARM.Collect$$$$0000000B))

<P><STRONG><a name="[197]"></a>__rt_final_cpp</STRONG> (Thumb, 0 bytes, Stack size unknown bytes, entry10a.o(.ARM.Collect$$$$0000000D))

<P><STRONG><a name="[198]"></a>__rt_final_exit</STRONG> (Thumb, 0 bytes, Stack size unknown bytes, entry11a.o(.ARM.Collect$$$$0000000F))

<P><STRONG><a name="[0]"></a>Reset_Handler</STRONG> (Thumb, 24 bytes, Stack size 0 bytes, startup_mimxrt1021.o(.text))
<BR>[Address Reference Count : 1]<UL><LI> startup_mimxrt1021.o(RESET)
</UL>
<P><STRONG><a name="[1]"></a>NMI_Handler</STRONG> (Thumb, 2 bytes, Stack size 0 bytes, startup_mimxrt1021.o(.text))
<BR><BR>[Calls]<UL><LI><a href="#[1]">&gt;&gt;</a>&nbsp;&nbsp;&nbsp;NMI_Handler
</UL>
<BR>[Called By]<UL><LI><a href="#[1]">&gt;&gt;</a>&nbsp;&nbsp;&nbsp;NMI_Handler
</UL>
<BR>[Address Reference Count : 1]<UL><LI> startup_mimxrt1021.o(RESET)
</UL>
<P><STRONG><a name="[2]"></a>HardFault_Handler</STRONG> (Thumb, 2 bytes, Stack size 0 bytes, startup_mimxrt1021.o(.text))
<BR><BR>[Calls]<UL><LI><a href="#[2]">&gt;&gt;</a>&nbsp;&nbsp;&nbsp;HardFault_Handler
</UL>
<BR>[Called By]<UL><LI><a href="#[2]">&gt;&gt;</a>&nbsp;&nbsp;&nbsp;HardFault_Handler
</UL>
<BR>[Address Reference Count : 1]<UL><LI> startup_mimxrt1021.o(RESET)
</UL>
<P><STRONG><a name="[3]"></a>MemManage_Handler</STRONG> (Thumb, 2 bytes, Stack size 0 bytes, startup_mimxrt1021.o(.text))
<BR><BR>[Calls]<UL><LI><a href="#[3]">&gt;&gt;</a>&nbsp;&nbsp;&nbsp;MemManage_Handler
</UL>
<BR>[Called By]<UL><LI><a href="#[3]">&gt;&gt;</a>&nbsp;&nbsp;&nbsp;MemManage_Handler
</UL>
<BR>[Address Reference Count : 1]<UL><LI> startup_mimxrt1021.o(RESET)
</UL>
<P><STRONG><a name="[4]"></a>BusFault_Handler</STRONG> (Thumb, 2 bytes, Stack size 0 bytes, startup_mimxrt1021.o(.text))
<BR><BR>[Calls]<UL><LI><a href="#[4]">&gt;&gt;</a>&nbsp;&nbsp;&nbsp;BusFault_Handler
</UL>
<BR>[Called By]<UL><LI><a href="#[4]">&gt;&gt;</a>&nbsp;&nbsp;&nbsp;BusFault_Handler
</UL>
<BR>[Address Reference Count : 1]<UL><LI> startup_mimxrt1021.o(RESET)
</UL>
<P><STRONG><a name="[5]"></a>UsageFault_Handler</STRONG> (Thumb, 2 bytes, Stack size 0 bytes, startup_mimxrt1021.o(.text))
<BR><BR>[Calls]<UL><LI><a href="#[5]">&gt;&gt;</a>&nbsp;&nbsp;&nbsp;UsageFault_Handler
</UL>
<BR>[Called By]<UL><LI><a href="#[5]">&gt;&gt;</a>&nbsp;&nbsp;&nbsp;UsageFault_Handler
</UL>
<BR>[Address Reference Count : 1]<UL><LI> startup_mimxrt1021.o(RESET)
</UL>
<P><STRONG><a name="[6]"></a>SVC_Handler</STRONG> (Thumb, 2 bytes, Stack size 0 bytes, startup_mimxrt1021.o(.text))
<BR><BR>[Calls]<UL><LI><a href="#[6]">&gt;&gt;</a>&nbsp;&nbsp;&nbsp;SVC_Handler
</UL>
<BR>[Called By]<UL><LI><a href="#[6]">&gt;&gt;</a>&nbsp;&nbsp;&nbsp;SVC_Handler
</UL>
<BR>[Address Reference Count : 1]<UL><LI> startup_mimxrt1021.o(RESET)
</UL>
<P><STRONG><a name="[7]"></a>DebugMon_Handler</STRONG> (Thumb, 2 bytes, Stack size 0 bytes, startup_mimxrt1021.o(.text))
<BR><BR>[Calls]<UL><LI><a href="#[7]">&gt;&gt;</a>&nbsp;&nbsp;&nbsp;DebugMon_Handler
</UL>
<BR>[Called By]<UL><LI><a href="#[7]">&gt;&gt;</a>&nbsp;&nbsp;&nbsp;DebugMon_Handler
</UL>
<BR>[Address Reference Count : 1]<UL><LI> startup_mimxrt1021.o(RESET)
</UL>
<P><STRONG><a name="[8]"></a>PendSV_Handler</STRONG> (Thumb, 2 bytes, Stack size 0 bytes, startup_mimxrt1021.o(.text))
<BR><BR>[Calls]<UL><LI><a href="#[8]">&gt;&gt;</a>&nbsp;&nbsp;&nbsp;PendSV_Handler
</UL>
<BR>[Called By]<UL><LI><a href="#[8]">&gt;&gt;</a>&nbsp;&nbsp;&nbsp;PendSV_Handler
</UL>
<BR>[Address Reference Count : 1]<UL><LI> startup_mimxrt1021.o(RESET)
</UL>
<P><STRONG><a name="[9]"></a>SysTick_Handler</STRONG> (Thumb, 2 bytes, Stack size 0 bytes, startup_mimxrt1021.o(.text))
<BR><BR>[Calls]<UL><LI><a href="#[9]">&gt;&gt;</a>&nbsp;&nbsp;&nbsp;SysTick_Handler
</UL>
<BR>[Called By]<UL><LI><a href="#[9]">&gt;&gt;</a>&nbsp;&nbsp;&nbsp;SysTick_Handler
</UL>
<BR>[Address Reference Count : 1]<UL><LI> startup_mimxrt1021.o(RESET)
</UL>
<P><STRONG><a name="[a]"></a>DMA0_DMA16_IRQHandler</STRONG> (Thumb, 4 bytes, Stack size 0 bytes, startup_mimxrt1021.o(.text))
<BR>[Address Reference Count : 1]<UL><LI> startup_mimxrt1021.o(RESET)
</UL>
<P><STRONG><a name="[b]"></a>DMA1_DMA17_IRQHandler</STRONG> (Thumb, 4 bytes, Stack size 0 bytes, startup_mimxrt1021.o(.text))
<BR>[Address Reference Count : 1]<UL><LI> startup_mimxrt1021.o(RESET)
</UL>
<P><STRONG><a name="[c]"></a>DMA2_DMA18_IRQHandler</STRONG> (Thumb, 4 bytes, Stack size 0 bytes, startup_mimxrt1021.o(.text))
<BR>[Address Reference Count : 1]<UL><LI> startup_mimxrt1021.o(RESET)
</UL>
<P><STRONG><a name="[d]"></a>DMA3_DMA19_IRQHandler</STRONG> (Thumb, 4 bytes, Stack size 0 bytes, startup_mimxrt1021.o(.text))
<BR>[Address Reference Count : 1]<UL><LI> startup_mimxrt1021.o(RESET)
</UL>
<P><STRONG><a name="[e]"></a>DMA4_DMA20_IRQHandler</STRONG> (Thumb, 4 bytes, Stack size 0 bytes, startup_mimxrt1021.o(.text))
<BR>[Address Reference Count : 1]<UL><LI> startup_mimxrt1021.o(RESET)
</UL>
<P><STRONG><a name="[f]"></a>DMA5_DMA21_IRQHandler</STRONG> (Thumb, 4 bytes, Stack size 0 bytes, startup_mimxrt1021.o(.text))
<BR>[Address Reference Count : 1]<UL><LI> startup_mimxrt1021.o(RESET)
</UL>
<P><STRONG><a name="[10]"></a>DMA6_DMA22_IRQHandler</STRONG> (Thumb, 4 bytes, Stack size 0 bytes, startup_mimxrt1021.o(.text))
<BR>[Address Reference Count : 1]<UL><LI> startup_mimxrt1021.o(RESET)
</UL>
<P><STRONG><a name="[11]"></a>DMA7_DMA23_IRQHandler</STRONG> (Thumb, 4 bytes, Stack size 0 bytes, startup_mimxrt1021.o(.text))
<BR>[Address Reference Count : 1]<UL><LI> startup_mimxrt1021.o(RESET)
</UL>
<P><STRONG><a name="[12]"></a>DMA8_DMA24_IRQHandler</STRONG> (Thumb, 4 bytes, Stack size 0 bytes, startup_mimxrt1021.o(.text))
<BR>[Address Reference Count : 1]<UL><LI> startup_mimxrt1021.o(RESET)
</UL>
<P><STRONG><a name="[13]"></a>DMA9_DMA25_IRQHandler</STRONG> (Thumb, 4 bytes, Stack size 0 bytes, startup_mimxrt1021.o(.text))
<BR>[Address Reference Count : 1]<UL><LI> startup_mimxrt1021.o(RESET)
</UL>
<P><STRONG><a name="[14]"></a>DMA10_DMA26_IRQHandler</STRONG> (Thumb, 4 bytes, Stack size 0 bytes, startup_mimxrt1021.o(.text))
<BR>[Address Reference Count : 1]<UL><LI> startup_mimxrt1021.o(RESET)
</UL>
<P><STRONG><a name="[15]"></a>DMA11_DMA27_IRQHandler</STRONG> (Thumb, 4 bytes, Stack size 0 bytes, startup_mimxrt1021.o(.text))
<BR>[Address Reference Count : 1]<UL><LI> startup_mimxrt1021.o(RESET)
</UL>
<P><STRONG><a name="[16]"></a>DMA12_DMA28_IRQHandler</STRONG> (Thumb, 4 bytes, Stack size 0 bytes, startup_mimxrt1021.o(.text))
<BR>[Address Reference Count : 1]<UL><LI> startup_mimxrt1021.o(RESET)
</UL>
<P><STRONG><a name="[17]"></a>DMA13_DMA29_IRQHandler</STRONG> (Thumb, 4 bytes, Stack size 0 bytes, startup_mimxrt1021.o(.text))
<BR>[Address Reference Count : 1]<UL><LI> startup_mimxrt1021.o(RESET)
</UL>
<P><STRONG><a name="[18]"></a>DMA14_DMA30_IRQHandler</STRONG> (Thumb, 4 bytes, Stack size 0 bytes, startup_mimxrt1021.o(.text))
<BR>[Address Reference Count : 1]<UL><LI> startup_mimxrt1021.o(RESET)
</UL>
<P><STRONG><a name="[19]"></a>DMA15_DMA31_IRQHandler</STRONG> (Thumb, 4 bytes, Stack size 0 bytes, startup_mimxrt1021.o(.text))
<BR>[Address Reference Count : 1]<UL><LI> startup_mimxrt1021.o(RESET)
</UL>
<P><STRONG><a name="[1a]"></a>DMA_ERROR_IRQHandler</STRONG> (Thumb, 4 bytes, Stack size 0 bytes, startup_mimxrt1021.o(.text))
<BR>[Address Reference Count : 1]<UL><LI> startup_mimxrt1021.o(RESET)
</UL>
<P><STRONG><a name="[1e]"></a>LPUART1_IRQHandler</STRONG> (Thumb, 4 bytes, Stack size 0 bytes, startup_mimxrt1021.o(.text))
<BR>[Address Reference Count : 1]<UL><LI> startup_mimxrt1021.o(RESET)
</UL>
<P><STRONG><a name="[1f]"></a>LPUART2_IRQHandler</STRONG> (Thumb, 4 bytes, Stack size 0 bytes, startup_mimxrt1021.o(.text))
<BR>[Address Reference Count : 1]<UL><LI> startup_mimxrt1021.o(RESET)
</UL>
<P><STRONG><a name="[20]"></a>LPUART3_IRQHandler</STRONG> (Thumb, 4 bytes, Stack size 0 bytes, startup_mimxrt1021.o(.text))
<BR>[Address Reference Count : 1]<UL><LI> startup_mimxrt1021.o(RESET)
</UL>
<P><STRONG><a name="[21]"></a>LPUART4_IRQHandler</STRONG> (Thumb, 4 bytes, Stack size 0 bytes, startup_mimxrt1021.o(.text))
<BR>[Address Reference Count : 1]<UL><LI> startup_mimxrt1021.o(RESET)
</UL>
<P><STRONG><a name="[22]"></a>LPUART5_IRQHandler</STRONG> (Thumb, 4 bytes, Stack size 0 bytes, startup_mimxrt1021.o(.text))
<BR>[Address Reference Count : 1]<UL><LI> startup_mimxrt1021.o(RESET)
</UL>
<P><STRONG><a name="[23]"></a>LPUART6_IRQHandler</STRONG> (Thumb, 4 bytes, Stack size 0 bytes, startup_mimxrt1021.o(.text))
<BR>[Address Reference Count : 1]<UL><LI> startup_mimxrt1021.o(RESET)
</UL>
<P><STRONG><a name="[24]"></a>LPUART7_IRQHandler</STRONG> (Thumb, 4 bytes, Stack size 0 bytes, startup_mimxrt1021.o(.text))
<BR>[Address Reference Count : 1]<UL><LI> startup_mimxrt1021.o(RESET)
</UL>
<P><STRONG><a name="[25]"></a>LPUART8_IRQHandler</STRONG> (Thumb, 4 bytes, Stack size 0 bytes, startup_mimxrt1021.o(.text))
<BR>[Address Reference Count : 1]<UL><LI> startup_mimxrt1021.o(RESET)
</UL>
<P><STRONG><a name="[26]"></a>LPI2C1_IRQHandler</STRONG> (Thumb, 4 bytes, Stack size 0 bytes, startup_mimxrt1021.o(.text))
<BR>[Address Reference Count : 1]<UL><LI> startup_mimxrt1021.o(RESET)
</UL>
<P><STRONG><a name="[27]"></a>LPI2C2_IRQHandler</STRONG> (Thumb, 4 bytes, Stack size 0 bytes, startup_mimxrt1021.o(.text))
<BR>[Address Reference Count : 1]<UL><LI> startup_mimxrt1021.o(RESET)
</UL>
<P><STRONG><a name="[28]"></a>LPI2C3_IRQHandler</STRONG> (Thumb, 4 bytes, Stack size 0 bytes, startup_mimxrt1021.o(.text))
<BR>[Address Reference Count : 1]<UL><LI> startup_mimxrt1021.o(RESET)
</UL>
<P><STRONG><a name="[29]"></a>LPI2C4_IRQHandler</STRONG> (Thumb, 4 bytes, Stack size 0 bytes, startup_mimxrt1021.o(.text))
<BR>[Address Reference Count : 1]<UL><LI> startup_mimxrt1021.o(RESET)
</UL>
<P><STRONG><a name="[2a]"></a>LPSPI1_IRQHandler</STRONG> (Thumb, 4 bytes, Stack size 0 bytes, startup_mimxrt1021.o(.text))
<BR>[Address Reference Count : 1]<UL><LI> startup_mimxrt1021.o(RESET)
</UL>
<P><STRONG><a name="[2b]"></a>LPSPI2_IRQHandler</STRONG> (Thumb, 4 bytes, Stack size 0 bytes, startup_mimxrt1021.o(.text))
<BR>[Address Reference Count : 1]<UL><LI> startup_mimxrt1021.o(RESET)
</UL>
<P><STRONG><a name="[2c]"></a>LPSPI3_IRQHandler</STRONG> (Thumb, 4 bytes, Stack size 0 bytes, startup_mimxrt1021.o(.text))
<BR>[Address Reference Count : 1]<UL><LI> startup_mimxrt1021.o(RESET)
</UL>
<P><STRONG><a name="[2d]"></a>LPSPI4_IRQHandler</STRONG> (Thumb, 4 bytes, Stack size 0 bytes, startup_mimxrt1021.o(.text))
<BR>[Address Reference Count : 1]<UL><LI> startup_mimxrt1021.o(RESET)
</UL>
<P><STRONG><a name="[2e]"></a>CAN1_IRQHandler</STRONG> (Thumb, 4 bytes, Stack size 0 bytes, startup_mimxrt1021.o(.text))
<BR>[Address Reference Count : 1]<UL><LI> startup_mimxrt1021.o(RESET)
</UL>
<P><STRONG><a name="[2f]"></a>CAN2_IRQHandler</STRONG> (Thumb, 4 bytes, Stack size 0 bytes, startup_mimxrt1021.o(.text))
<BR>[Address Reference Count : 1]<UL><LI> startup_mimxrt1021.o(RESET)
</UL>
<P><STRONG><a name="[42]"></a>SAI1_IRQHandler</STRONG> (Thumb, 4 bytes, Stack size 0 bytes, startup_mimxrt1021.o(.text))
<BR>[Address Reference Count : 1]<UL><LI> startup_mimxrt1021.o(RESET)
</UL>
<P><STRONG><a name="[43]"></a>SAI2_IRQHandler</STRONG> (Thumb, 4 bytes, Stack size 0 bytes, startup_mimxrt1021.o(.text))
<BR>[Address Reference Count : 1]<UL><LI> startup_mimxrt1021.o(RESET)
</UL>
<P><STRONG><a name="[44]"></a>SAI3_RX_IRQHandler</STRONG> (Thumb, 4 bytes, Stack size 0 bytes, startup_mimxrt1021.o(.text))
<BR>[Address Reference Count : 1]<UL><LI> startup_mimxrt1021.o(RESET)
</UL>
<P><STRONG><a name="[45]"></a>SAI3_TX_IRQHandler</STRONG> (Thumb, 4 bytes, Stack size 0 bytes, startup_mimxrt1021.o(.text))
<BR>[Address Reference Count : 1]<UL><LI> startup_mimxrt1021.o(RESET)
</UL>
<P><STRONG><a name="[46]"></a>SPDIF_IRQHandler</STRONG> (Thumb, 4 bytes, Stack size 0 bytes, startup_mimxrt1021.o(.text))
<BR>[Address Reference Count : 1]<UL><LI> startup_mimxrt1021.o(RESET)
</UL>
<P><STRONG><a name="[64]"></a>FLEXIO1_IRQHandler</STRONG> (Thumb, 4 bytes, Stack size 0 bytes, startup_mimxrt1021.o(.text))
<BR>[Address Reference Count : 1]<UL><LI> startup_mimxrt1021.o(RESET)
</UL>
<P><STRONG><a name="[76]"></a>FLEXSPI_IRQHandler</STRONG> (Thumb, 4 bytes, Stack size 0 bytes, startup_mimxrt1021.o(.text))
<BR>[Address Reference Count : 1]<UL><LI> startup_mimxrt1021.o(RESET)
</UL>
<P><STRONG><a name="[78]"></a>USDHC1_IRQHandler</STRONG> (Thumb, 4 bytes, Stack size 0 bytes, startup_mimxrt1021.o(.text))
<BR>[Address Reference Count : 1]<UL><LI> startup_mimxrt1021.o(RESET)
</UL>
<P><STRONG><a name="[79]"></a>USDHC2_IRQHandler</STRONG> (Thumb, 4 bytes, Stack size 0 bytes, startup_mimxrt1021.o(.text))
<BR>[Address Reference Count : 1]<UL><LI> startup_mimxrt1021.o(RESET)
</UL>
<P><STRONG><a name="[7c]"></a>ENET_IRQHandler</STRONG> (Thumb, 4 bytes, Stack size 0 bytes, startup_mimxrt1021.o(.text))
<BR>[Address Reference Count : 1]<UL><LI> startup_mimxrt1021.o(RESET)
</UL>
<P><STRONG><a name="[7d]"></a>ENET_1588_Timer_IRQHandler</STRONG> (Thumb, 4 bytes, Stack size 0 bytes, startup_mimxrt1021.o(.text))
<BR>[Address Reference Count : 1]<UL><LI> startup_mimxrt1021.o(RESET)
</UL>
<P><STRONG><a name="[85]"></a>ACMP1_IRQHandler</STRONG> (Thumb, 0 bytes, Stack size 0 bytes, startup_mimxrt1021.o(.text))
<BR>[Address Reference Count : 1]<UL><LI> startup_mimxrt1021.o(RESET)
</UL>
<P><STRONG><a name="[86]"></a>ACMP2_IRQHandler</STRONG> (Thumb, 0 bytes, Stack size 0 bytes, startup_mimxrt1021.o(.text))
<BR>[Address Reference Count : 1]<UL><LI> startup_mimxrt1021.o(RESET)
</UL>
<P><STRONG><a name="[87]"></a>ACMP3_IRQHandler</STRONG> (Thumb, 0 bytes, Stack size 0 bytes, startup_mimxrt1021.o(.text))
<BR>[Address Reference Count : 1]<UL><LI> startup_mimxrt1021.o(RESET)
</UL>
<P><STRONG><a name="[88]"></a>ACMP4_IRQHandler</STRONG> (Thumb, 0 bytes, Stack size 0 bytes, startup_mimxrt1021.o(.text))
<BR>[Address Reference Count : 1]<UL><LI> startup_mimxrt1021.o(RESET)
</UL>
<P><STRONG><a name="[4d]"></a>ADC1_IRQHandler</STRONG> (Thumb, 0 bytes, Stack size 0 bytes, startup_mimxrt1021.o(.text))
<BR>[Address Reference Count : 1]<UL><LI> startup_mimxrt1021.o(RESET)
</UL>
<P><STRONG><a name="[4e]"></a>ADC2_IRQHandler</STRONG> (Thumb, 0 bytes, Stack size 0 bytes, startup_mimxrt1021.o(.text))
<BR>[Address Reference Count : 1]<UL><LI> startup_mimxrt1021.o(RESET)
</UL>
<P><STRONG><a name="[83]"></a>ADC_ETC_ERROR_IRQ_IRQHandler</STRONG> (Thumb, 0 bytes, Stack size 0 bytes, startup_mimxrt1021.o(.text))
<BR>[Address Reference Count : 1]<UL><LI> startup_mimxrt1021.o(RESET)
</UL>
<P><STRONG><a name="[80]"></a>ADC_ETC_IRQ0_IRQHandler</STRONG> (Thumb, 0 bytes, Stack size 0 bytes, startup_mimxrt1021.o(.text))
<BR>[Address Reference Count : 1]<UL><LI> startup_mimxrt1021.o(RESET)
</UL>
<P><STRONG><a name="[81]"></a>ADC_ETC_IRQ1_IRQHandler</STRONG> (Thumb, 0 bytes, Stack size 0 bytes, startup_mimxrt1021.o(.text))
<BR>[Address Reference Count : 1]<UL><LI> startup_mimxrt1021.o(RESET)
</UL>
<P><STRONG><a name="[82]"></a>ADC_ETC_IRQ2_IRQHandler</STRONG> (Thumb, 0 bytes, Stack size 0 bytes, startup_mimxrt1021.o(.text))
<BR>[Address Reference Count : 1]<UL><LI> startup_mimxrt1021.o(RESET)
</UL>
<P><STRONG><a name="[41]"></a>BEE_IRQHandler</STRONG> (Thumb, 0 bytes, Stack size 0 bytes, startup_mimxrt1021.o(.text))
<BR>[Address Reference Count : 1]<UL><LI> startup_mimxrt1021.o(RESET)
</UL>
<P><STRONG><a name="[bd]"></a>CAN1_DriverIRQHandler</STRONG> (Thumb, 0 bytes, Stack size 0 bytes, startup_mimxrt1021.o(.text))
<BR>[Address Reference Count : 1]<UL><LI> startup_mimxrt1021.o(.text)
</UL>
<P><STRONG><a name="[be]"></a>CAN2_DriverIRQHandler</STRONG> (Thumb, 0 bytes, Stack size 0 bytes, startup_mimxrt1021.o(.text))
<BR>[Address Reference Count : 1]<UL><LI> startup_mimxrt1021.o(.text)
</UL>
<P><STRONG><a name="[69]"></a>CCM_1_IRQHandler</STRONG> (Thumb, 0 bytes, Stack size 0 bytes, startup_mimxrt1021.o(.text))
<BR>[Address Reference Count : 1]<UL><LI> startup_mimxrt1021.o(RESET)
</UL>
<P><STRONG><a name="[6a]"></a>CCM_2_IRQHandler</STRONG> (Thumb, 0 bytes, Stack size 0 bytes, startup_mimxrt1021.o(.text))
<BR>[Address Reference Count : 1]<UL><LI> startup_mimxrt1021.o(RESET)
</UL>
<P><STRONG><a name="[1d]"></a>CORE_IRQHandler</STRONG> (Thumb, 0 bytes, Stack size 0 bytes, startup_mimxrt1021.o(.text))
<BR>[Address Reference Count : 1]<UL><LI> startup_mimxrt1021.o(RESET)
</UL>
<P><STRONG><a name="[3b]"></a>CSU_IRQHandler</STRONG> (Thumb, 0 bytes, Stack size 0 bytes, startup_mimxrt1021.o(.text))
<BR>[Address Reference Count : 1]<UL><LI> startup_mimxrt1021.o(RESET)
</UL>
<P><STRONG><a name="[1b]"></a>CTI0_ERROR_IRQHandler</STRONG> (Thumb, 0 bytes, Stack size 0 bytes, startup_mimxrt1021.o(.text))
<BR>[Address Reference Count : 1]<UL><LI> startup_mimxrt1021.o(RESET)
</UL>
<P><STRONG><a name="[1c]"></a>CTI1_ERROR_IRQHandler</STRONG> (Thumb, 0 bytes, Stack size 0 bytes, startup_mimxrt1021.o(.text))
<BR>[Address Reference Count : 1]<UL><LI> startup_mimxrt1021.o(RESET)
</UL>
<P><STRONG><a name="[4f]"></a>DCDC_IRQHandler</STRONG> (Thumb, 0 bytes, Stack size 0 bytes, startup_mimxrt1021.o(.text))
<BR>[Address Reference Count : 1]<UL><LI> startup_mimxrt1021.o(RESET)
</UL>
<P><STRONG><a name="[3c]"></a>DCP_IRQHandler</STRONG> (Thumb, 0 bytes, Stack size 0 bytes, startup_mimxrt1021.o(.text))
<BR>[Address Reference Count : 1]<UL><LI> startup_mimxrt1021.o(RESET)
</UL>
<P><STRONG><a name="[3d]"></a>DCP_VMI_IRQHandler</STRONG> (Thumb, 0 bytes, Stack size 0 bytes, startup_mimxrt1021.o(.text))
<BR>[Address Reference Count : 1]<UL><LI> startup_mimxrt1021.o(RESET)
</UL>
<P><STRONG><a name="[ac]"></a>DMA_ERROR_DriverIRQHandler</STRONG> (Thumb, 0 bytes, Stack size 0 bytes, startup_mimxrt1021.o(.text))
<BR>[Address Reference Count : 1]<UL><LI> startup_mimxrt1021.o(.text)
</UL>
<P><STRONG><a name="[98]"></a>DefaultISR</STRONG> (Thumb, 0 bytes, Stack size 0 bytes, startup_mimxrt1021.o(.text))
<BR>[Address Reference Count : 2]<UL><LI> startup_mimxrt1021.o(.text)
<LI> startup_mimxrt1021.o(RESET)
</UL>
<P><STRONG><a name="[8b]"></a>ENC1_IRQHandler</STRONG> (Thumb, 0 bytes, Stack size 0 bytes, startup_mimxrt1021.o(.text))
<BR>[Address Reference Count : 1]<UL><LI> startup_mimxrt1021.o(RESET)
</UL>
<P><STRONG><a name="[8c]"></a>ENC2_IRQHandler</STRONG> (Thumb, 0 bytes, Stack size 0 bytes, startup_mimxrt1021.o(.text))
<BR>[Address Reference Count : 1]<UL><LI> startup_mimxrt1021.o(RESET)
</UL>
<P><STRONG><a name="[c9]"></a>ENET_1588_Timer_DriverIRQHandler</STRONG> (Thumb, 0 bytes, Stack size 0 bytes, startup_mimxrt1021.o(.text))
<BR>[Address Reference Count : 1]<UL><LI> startup_mimxrt1021.o(.text)
</UL>
<P><STRONG><a name="[c8]"></a>ENET_DriverIRQHandler</STRONG> (Thumb, 0 bytes, Stack size 0 bytes, startup_mimxrt1021.o(.text))
<BR>[Address Reference Count : 1]<UL><LI> startup_mimxrt1021.o(.text)
</UL>
<P><STRONG><a name="[68]"></a>EWM_IRQHandler</STRONG> (Thumb, 0 bytes, Stack size 0 bytes, startup_mimxrt1021.o(.text))
<BR>[Address Reference Count : 1]<UL><LI> startup_mimxrt1021.o(RESET)
</UL>
<P><STRONG><a name="[c4]"></a>FLEXIO1_DriverIRQHandler</STRONG> (Thumb, 0 bytes, Stack size 0 bytes, startup_mimxrt1021.o(.text))
<BR>[Address Reference Count : 1]<UL><LI> startup_mimxrt1021.o(.text)
</UL>
<P><STRONG><a name="[30]"></a>FLEXRAM_IRQHandler</STRONG> (Thumb, 0 bytes, Stack size 0 bytes, startup_mimxrt1021.o(.text))
<BR>[Address Reference Count : 1]<UL><LI> startup_mimxrt1021.o(RESET)
</UL>
<P><STRONG><a name="[c5]"></a>FLEXSPI_DriverIRQHandler</STRONG> (Thumb, 0 bytes, Stack size 0 bytes, startup_mimxrt1021.o(.text))
<BR>[Address Reference Count : 1]<UL><LI> startup_mimxrt1021.o(.text)
</UL>
<P><STRONG><a name="[6b]"></a>GPC_IRQHandler</STRONG> (Thumb, 0 bytes, Stack size 0 bytes, startup_mimxrt1021.o(.text))
<BR>[Address Reference Count : 1]<UL><LI> startup_mimxrt1021.o(RESET)
</UL>
<P><STRONG><a name="[5a]"></a>GPIO1_Combined_0_15_IRQHandler</STRONG> (Thumb, 0 bytes, Stack size 0 bytes, startup_mimxrt1021.o(.text))
<BR>[Address Reference Count : 1]<UL><LI> startup_mimxrt1021.o(RESET)
</UL>
<P><STRONG><a name="[5b]"></a>GPIO1_Combined_16_31_IRQHandler</STRONG> (Thumb, 0 bytes, Stack size 0 bytes, startup_mimxrt1021.o(.text))
<BR>[Address Reference Count : 1]<UL><LI> startup_mimxrt1021.o(RESET)
</UL>
<P><STRONG><a name="[52]"></a>GPIO1_INT0_IRQHandler</STRONG> (Thumb, 0 bytes, Stack size 0 bytes, startup_mimxrt1021.o(.text))
<BR>[Address Reference Count : 1]<UL><LI> startup_mimxrt1021.o(RESET)
</UL>
<P><STRONG><a name="[53]"></a>GPIO1_INT1_IRQHandler</STRONG> (Thumb, 0 bytes, Stack size 0 bytes, startup_mimxrt1021.o(.text))
<BR>[Address Reference Count : 1]<UL><LI> startup_mimxrt1021.o(RESET)
</UL>
<P><STRONG><a name="[54]"></a>GPIO1_INT2_IRQHandler</STRONG> (Thumb, 0 bytes, Stack size 0 bytes, startup_mimxrt1021.o(.text))
<BR>[Address Reference Count : 1]<UL><LI> startup_mimxrt1021.o(RESET)
</UL>
<P><STRONG><a name="[55]"></a>GPIO1_INT3_IRQHandler</STRONG> (Thumb, 0 bytes, Stack size 0 bytes, startup_mimxrt1021.o(.text))
<BR>[Address Reference Count : 1]<UL><LI> startup_mimxrt1021.o(RESET)
</UL>
<P><STRONG><a name="[56]"></a>GPIO1_INT4_IRQHandler</STRONG> (Thumb, 0 bytes, Stack size 0 bytes, startup_mimxrt1021.o(.text))
<BR>[Address Reference Count : 1]<UL><LI> startup_mimxrt1021.o(RESET)
</UL>
<P><STRONG><a name="[57]"></a>GPIO1_INT5_IRQHandler</STRONG> (Thumb, 0 bytes, Stack size 0 bytes, startup_mimxrt1021.o(.text))
<BR>[Address Reference Count : 1]<UL><LI> startup_mimxrt1021.o(RESET)
</UL>
<P><STRONG><a name="[58]"></a>GPIO1_INT6_IRQHandler</STRONG> (Thumb, 0 bytes, Stack size 0 bytes, startup_mimxrt1021.o(.text))
<BR>[Address Reference Count : 1]<UL><LI> startup_mimxrt1021.o(RESET)
</UL>
<P><STRONG><a name="[59]"></a>GPIO1_INT7_IRQHandler</STRONG> (Thumb, 0 bytes, Stack size 0 bytes, startup_mimxrt1021.o(.text))
<BR>[Address Reference Count : 1]<UL><LI> startup_mimxrt1021.o(RESET)
</UL>
<P><STRONG><a name="[5c]"></a>GPIO2_Combined_0_15_IRQHandler</STRONG> (Thumb, 0 bytes, Stack size 0 bytes, startup_mimxrt1021.o(.text))
<BR>[Address Reference Count : 1]<UL><LI> startup_mimxrt1021.o(RESET)
</UL>
<P><STRONG><a name="[5d]"></a>GPIO2_Combined_16_31_IRQHandler</STRONG> (Thumb, 0 bytes, Stack size 0 bytes, startup_mimxrt1021.o(.text))
<BR>[Address Reference Count : 1]<UL><LI> startup_mimxrt1021.o(RESET)
</UL>
<P><STRONG><a name="[5e]"></a>GPIO3_Combined_0_15_IRQHandler</STRONG> (Thumb, 0 bytes, Stack size 0 bytes, startup_mimxrt1021.o(.text))
<BR>[Address Reference Count : 1]<UL><LI> startup_mimxrt1021.o(RESET)
</UL>
<P><STRONG><a name="[5f]"></a>GPIO3_Combined_16_31_IRQHandler</STRONG> (Thumb, 0 bytes, Stack size 0 bytes, startup_mimxrt1021.o(.text))
<BR>[Address Reference Count : 1]<UL><LI> startup_mimxrt1021.o(RESET)
</UL>
<P><STRONG><a name="[62]"></a>GPIO5_Combined_0_15_IRQHandler</STRONG> (Thumb, 0 bytes, Stack size 0 bytes, startup_mimxrt1021.o(.text))
<BR>[Address Reference Count : 1]<UL><LI> startup_mimxrt1021.o(RESET)
</UL>
<P><STRONG><a name="[63]"></a>GPIO5_Combined_16_31_IRQHandler</STRONG> (Thumb, 0 bytes, Stack size 0 bytes, startup_mimxrt1021.o(.text))
<BR>[Address Reference Count : 1]<UL><LI> startup_mimxrt1021.o(RESET)
</UL>
<P><STRONG><a name="[33]"></a>GPR_IRQ_IRQHandler</STRONG> (Thumb, 0 bytes, Stack size 0 bytes, startup_mimxrt1021.o(.text))
<BR>[Address Reference Count : 1]<UL><LI> startup_mimxrt1021.o(RESET)
</UL>
<P><STRONG><a name="[6e]"></a>GPT1_IRQHandler</STRONG> (Thumb, 0 bytes, Stack size 0 bytes, startup_mimxrt1021.o(.text))
<BR>[Address Reference Count : 1]<UL><LI> startup_mimxrt1021.o(RESET)
</UL>
<P><STRONG><a name="[6f]"></a>GPT2_IRQHandler</STRONG> (Thumb, 0 bytes, Stack size 0 bytes, startup_mimxrt1021.o(.text))
<BR>[Address Reference Count : 1]<UL><LI> startup_mimxrt1021.o(RESET)
</UL>
<P><STRONG><a name="[31]"></a>KPP_IRQHandler</STRONG> (Thumb, 0 bytes, Stack size 0 bytes, startup_mimxrt1021.o(.text))
<BR>[Address Reference Count : 1]<UL><LI> startup_mimxrt1021.o(RESET)
</UL>
<P><STRONG><a name="[b9]"></a>LPSPI1_DriverIRQHandler</STRONG> (Thumb, 0 bytes, Stack size 0 bytes, startup_mimxrt1021.o(.text))
<BR>[Address Reference Count : 1]<UL><LI> startup_mimxrt1021.o(.text)
</UL>
<P><STRONG><a name="[ba]"></a>LPSPI2_DriverIRQHandler</STRONG> (Thumb, 0 bytes, Stack size 0 bytes, startup_mimxrt1021.o(.text))
<BR>[Address Reference Count : 1]<UL><LI> startup_mimxrt1021.o(.text)
</UL>
<P><STRONG><a name="[bb]"></a>LPSPI3_DriverIRQHandler</STRONG> (Thumb, 0 bytes, Stack size 0 bytes, startup_mimxrt1021.o(.text))
<BR>[Address Reference Count : 1]<UL><LI> startup_mimxrt1021.o(.text)
</UL>
<P><STRONG><a name="[bc]"></a>LPSPI4_DriverIRQHandler</STRONG> (Thumb, 0 bytes, Stack size 0 bytes, startup_mimxrt1021.o(.text))
<BR>[Address Reference Count : 1]<UL><LI> startup_mimxrt1021.o(.text)
</UL>
<P><STRONG><a name="[84]"></a>PIT_IRQHandler</STRONG> (Thumb, 0 bytes, Stack size 0 bytes, startup_mimxrt1021.o(.text))
<BR>[Address Reference Count : 1]<UL><LI> startup_mimxrt1021.o(RESET)
</UL>
<P><STRONG><a name="[47]"></a>PMU_IRQHandler</STRONG> (Thumb, 0 bytes, Stack size 0 bytes, startup_mimxrt1021.o(.text))
<BR>[Address Reference Count : 1]<UL><LI> startup_mimxrt1021.o(RESET)
</UL>
<P><STRONG><a name="[70]"></a>PWM1_0_IRQHandler</STRONG> (Thumb, 0 bytes, Stack size 0 bytes, startup_mimxrt1021.o(.text))
<BR>[Address Reference Count : 1]<UL><LI> startup_mimxrt1021.o(RESET)
</UL>
<P><STRONG><a name="[71]"></a>PWM1_1_IRQHandler</STRONG> (Thumb, 0 bytes, Stack size 0 bytes, startup_mimxrt1021.o(.text))
<BR>[Address Reference Count : 1]<UL><LI> startup_mimxrt1021.o(RESET)
</UL>
<P><STRONG><a name="[72]"></a>PWM1_2_IRQHandler</STRONG> (Thumb, 0 bytes, Stack size 0 bytes, startup_mimxrt1021.o(.text))
<BR>[Address Reference Count : 1]<UL><LI> startup_mimxrt1021.o(RESET)
</UL>
<P><STRONG><a name="[73]"></a>PWM1_3_IRQHandler</STRONG> (Thumb, 0 bytes, Stack size 0 bytes, startup_mimxrt1021.o(.text))
<BR>[Address Reference Count : 1]<UL><LI> startup_mimxrt1021.o(RESET)
</UL>
<P><STRONG><a name="[74]"></a>PWM1_FAULT_IRQHandler</STRONG> (Thumb, 0 bytes, Stack size 0 bytes, startup_mimxrt1021.o(.text))
<BR>[Address Reference Count : 1]<UL><LI> startup_mimxrt1021.o(RESET)
</UL>
<P><STRONG><a name="[93]"></a>PWM2_0_IRQHandler</STRONG> (Thumb, 0 bytes, Stack size 0 bytes, startup_mimxrt1021.o(.text))
<BR>[Address Reference Count : 1]<UL><LI> startup_mimxrt1021.o(RESET)
</UL>
<P><STRONG><a name="[94]"></a>PWM2_1_IRQHandler</STRONG> (Thumb, 0 bytes, Stack size 0 bytes, startup_mimxrt1021.o(.text))
<BR>[Address Reference Count : 1]<UL><LI> startup_mimxrt1021.o(RESET)
</UL>
<P><STRONG><a name="[95]"></a>PWM2_2_IRQHandler</STRONG> (Thumb, 0 bytes, Stack size 0 bytes, startup_mimxrt1021.o(.text))
<BR>[Address Reference Count : 1]<UL><LI> startup_mimxrt1021.o(RESET)
</UL>
<P><STRONG><a name="[96]"></a>PWM2_3_IRQHandler</STRONG> (Thumb, 0 bytes, Stack size 0 bytes, startup_mimxrt1021.o(.text))
<BR>[Address Reference Count : 1]<UL><LI> startup_mimxrt1021.o(RESET)
</UL>
<P><STRONG><a name="[97]"></a>PWM2_FAULT_IRQHandler</STRONG> (Thumb, 0 bytes, Stack size 0 bytes, startup_mimxrt1021.o(.text))
<BR>[Address Reference Count : 1]<UL><LI> startup_mimxrt1021.o(RESET)
</UL>
<P><STRONG><a name="[67]"></a>RTWDOG_IRQHandler</STRONG> (Thumb, 0 bytes, Stack size 0 bytes, startup_mimxrt1021.o(.text))
<BR>[Address Reference Count : 1]<UL><LI> startup_mimxrt1021.o(RESET)
</UL>
<P><STRONG><a name="[60]"></a>Reserved102_IRQHandler</STRONG> (Thumb, 0 bytes, Stack size 0 bytes, startup_mimxrt1021.o(.text))
<BR>[Address Reference Count : 1]<UL><LI> startup_mimxrt1021.o(RESET)
</UL>
<P><STRONG><a name="[61]"></a>Reserved103_IRQHandler</STRONG> (Thumb, 0 bytes, Stack size 0 bytes, startup_mimxrt1021.o(.text))
<BR>[Address Reference Count : 1]<UL><LI> startup_mimxrt1021.o(RESET)
</UL>
<P><STRONG><a name="[65]"></a>Reserved107_IRQHandler</STRONG> (Thumb, 0 bytes, Stack size 0 bytes, startup_mimxrt1021.o(.text))
<BR>[Address Reference Count : 1]<UL><LI> startup_mimxrt1021.o(RESET)
</UL>
<P><STRONG><a name="[6d]"></a>Reserved115_IRQHandler</STRONG> (Thumb, 0 bytes, Stack size 0 bytes, startup_mimxrt1021.o(.text))
<BR>[Address Reference Count : 1]<UL><LI> startup_mimxrt1021.o(RESET)
</UL>
<P><STRONG><a name="[75]"></a>Reserved123_IRQHandler</STRONG> (Thumb, 0 bytes, Stack size 0 bytes, startup_mimxrt1021.o(.text))
<BR>[Address Reference Count : 1]<UL><LI> startup_mimxrt1021.o(RESET)
</UL>
<P><STRONG><a name="[7a]"></a>Reserved128_IRQHandler</STRONG> (Thumb, 0 bytes, Stack size 0 bytes, startup_mimxrt1021.o(.text))
<BR>[Address Reference Count : 1]<UL><LI> startup_mimxrt1021.o(RESET)
</UL>
<P><STRONG><a name="[89]"></a>Reserved143_IRQHandler</STRONG> (Thumb, 0 bytes, Stack size 0 bytes, startup_mimxrt1021.o(.text))
<BR>[Address Reference Count : 1]<UL><LI> startup_mimxrt1021.o(RESET)
</UL>
<P><STRONG><a name="[8a]"></a>Reserved144_IRQHandler</STRONG> (Thumb, 0 bytes, Stack size 0 bytes, startup_mimxrt1021.o(.text))
<BR>[Address Reference Count : 1]<UL><LI> startup_mimxrt1021.o(RESET)
</UL>
<P><STRONG><a name="[8d]"></a>Reserved147_IRQHandler</STRONG> (Thumb, 0 bytes, Stack size 0 bytes, startup_mimxrt1021.o(.text))
<BR>[Address Reference Count : 1]<UL><LI> startup_mimxrt1021.o(RESET)
</UL>
<P><STRONG><a name="[8e]"></a>Reserved148_IRQHandler</STRONG> (Thumb, 0 bytes, Stack size 0 bytes, startup_mimxrt1021.o(.text))
<BR>[Address Reference Count : 1]<UL><LI> startup_mimxrt1021.o(RESET)
</UL>
<P><STRONG><a name="[91]"></a>Reserved151_IRQHandler</STRONG> (Thumb, 0 bytes, Stack size 0 bytes, startup_mimxrt1021.o(.text))
<BR>[Address Reference Count : 1]<UL><LI> startup_mimxrt1021.o(RESET)
</UL>
<P><STRONG><a name="[92]"></a>Reserved152_IRQHandler</STRONG> (Thumb, 0 bytes, Stack size 0 bytes, startup_mimxrt1021.o(.text))
<BR>[Address Reference Count : 1]<UL><LI> startup_mimxrt1021.o(RESET)
</UL>
<P><STRONG><a name="[32]"></a>Reserved56_IRQHandler</STRONG> (Thumb, 0 bytes, Stack size 0 bytes, startup_mimxrt1021.o(.text))
<BR>[Address Reference Count : 1]<UL><LI> startup_mimxrt1021.o(RESET)
</UL>
<P><STRONG><a name="[34]"></a>Reserved58_IRQHandler</STRONG> (Thumb, 0 bytes, Stack size 0 bytes, startup_mimxrt1021.o(.text))
<BR>[Address Reference Count : 1]<UL><LI> startup_mimxrt1021.o(RESET)
</UL>
<P><STRONG><a name="[35]"></a>Reserved59_IRQHandler</STRONG> (Thumb, 0 bytes, Stack size 0 bytes, startup_mimxrt1021.o(.text))
<BR>[Address Reference Count : 1]<UL><LI> startup_mimxrt1021.o(RESET)
</UL>
<P><STRONG><a name="[36]"></a>Reserved60_IRQHandler</STRONG> (Thumb, 0 bytes, Stack size 0 bytes, startup_mimxrt1021.o(.text))
<BR>[Address Reference Count : 1]<UL><LI> startup_mimxrt1021.o(RESET)
</UL>
<P><STRONG><a name="[3e]"></a>Reserved68_IRQHandler</STRONG> (Thumb, 0 bytes, Stack size 0 bytes, startup_mimxrt1021.o(.text))
<BR>[Address Reference Count : 1]<UL><LI> startup_mimxrt1021.o(RESET)
</UL>
<P><STRONG><a name="[40]"></a>Reserved70_IRQHandler</STRONG> (Thumb, 0 bytes, Stack size 0 bytes, startup_mimxrt1021.o(.text))
<BR>[Address Reference Count : 1]<UL><LI> startup_mimxrt1021.o(RESET)
</UL>
<P><STRONG><a name="[48]"></a>Reserved78_IRQHandler</STRONG> (Thumb, 0 bytes, Stack size 0 bytes, startup_mimxrt1021.o(.text))
<BR>[Address Reference Count : 1]<UL><LI> startup_mimxrt1021.o(RESET)
</UL>
<P><STRONG><a name="[4c]"></a>Reserved82_IRQHandler</STRONG> (Thumb, 0 bytes, Stack size 0 bytes, startup_mimxrt1021.o(.text))
<BR>[Address Reference Count : 1]<UL><LI> startup_mimxrt1021.o(RESET)
</UL>
<P><STRONG><a name="[50]"></a>Reserved86_IRQHandler</STRONG> (Thumb, 0 bytes, Stack size 0 bytes, startup_mimxrt1021.o(.text))
<BR>[Address Reference Count : 1]<UL><LI> startup_mimxrt1021.o(RESET)
</UL>
<P><STRONG><a name="[51]"></a>Reserved87_IRQHandler</STRONG> (Thumb, 0 bytes, Stack size 0 bytes, startup_mimxrt1021.o(.text))
<BR>[Address Reference Count : 1]<UL><LI> startup_mimxrt1021.o(RESET)
</UL>
<P><STRONG><a name="[bf]"></a>SAI1_DriverIRQHandler</STRONG> (Thumb, 0 bytes, Stack size 0 bytes, startup_mimxrt1021.o(.text))
<BR>[Address Reference Count : 1]<UL><LI> startup_mimxrt1021.o(.text)
</UL>
<P><STRONG><a name="[c0]"></a>SAI2_DriverIRQHandler</STRONG> (Thumb, 0 bytes, Stack size 0 bytes, startup_mimxrt1021.o(.text))
<BR>[Address Reference Count : 1]<UL><LI> startup_mimxrt1021.o(.text)
</UL>
<P><STRONG><a name="[c1]"></a>SAI3_RX_DriverIRQHandler</STRONG> (Thumb, 0 bytes, Stack size 0 bytes, startup_mimxrt1021.o(.text))
<BR>[Address Reference Count : 1]<UL><LI> startup_mimxrt1021.o(.text)
</UL>
<P><STRONG><a name="[c2]"></a>SAI3_TX_DriverIRQHandler</STRONG> (Thumb, 0 bytes, Stack size 0 bytes, startup_mimxrt1021.o(.text))
<BR>[Address Reference Count : 1]<UL><LI> startup_mimxrt1021.o(.text)
</UL>
<P><STRONG><a name="[77]"></a>SEMC_IRQHandler</STRONG> (Thumb, 0 bytes, Stack size 0 bytes, startup_mimxrt1021.o(.text))
<BR>[Address Reference Count : 1]<UL><LI> startup_mimxrt1021.o(RESET)
</UL>
<P><STRONG><a name="[38]"></a>SNVS_HP_WRAPPER_IRQHandler</STRONG> (Thumb, 0 bytes, Stack size 0 bytes, startup_mimxrt1021.o(.text))
<BR>[Address Reference Count : 1]<UL><LI> startup_mimxrt1021.o(RESET)
</UL>
<P><STRONG><a name="[39]"></a>SNVS_HP_WRAPPER_TZ_IRQHandler</STRONG> (Thumb, 0 bytes, Stack size 0 bytes, startup_mimxrt1021.o(.text))
<BR>[Address Reference Count : 1]<UL><LI> startup_mimxrt1021.o(RESET)
</UL>
<P><STRONG><a name="[3a]"></a>SNVS_LP_WRAPPER_IRQHandler</STRONG> (Thumb, 0 bytes, Stack size 0 bytes, startup_mimxrt1021.o(.text))
<BR>[Address Reference Count : 1]<UL><LI> startup_mimxrt1021.o(RESET)
</UL>
<P><STRONG><a name="[c3]"></a>SPDIF_DriverIRQHandler</STRONG> (Thumb, 0 bytes, Stack size 0 bytes, startup_mimxrt1021.o(.text))
<BR>[Address Reference Count : 1]<UL><LI> startup_mimxrt1021.o(.text)
</UL>
<P><STRONG><a name="[6c]"></a>SRC_IRQHandler</STRONG> (Thumb, 0 bytes, Stack size 0 bytes, startup_mimxrt1021.o(.text))
<BR>[Address Reference Count : 1]<UL><LI> startup_mimxrt1021.o(RESET)
</UL>
<P><STRONG><a name="[49]"></a>TEMP_LOW_HIGH_IRQHandler</STRONG> (Thumb, 0 bytes, Stack size 0 bytes, startup_mimxrt1021.o(.text))
<BR>[Address Reference Count : 1]<UL><LI> startup_mimxrt1021.o(RESET)
</UL>
<P><STRONG><a name="[4a]"></a>TEMP_PANIC_IRQHandler</STRONG> (Thumb, 0 bytes, Stack size 0 bytes, startup_mimxrt1021.o(.text))
<BR>[Address Reference Count : 1]<UL><LI> startup_mimxrt1021.o(RESET)
</UL>
<P><STRONG><a name="[8f]"></a>TMR1_IRQHandler</STRONG> (Thumb, 0 bytes, Stack size 0 bytes, startup_mimxrt1021.o(.text))
<BR>[Address Reference Count : 1]<UL><LI> startup_mimxrt1021.o(RESET)
</UL>
<P><STRONG><a name="[90]"></a>TMR2_IRQHandler</STRONG> (Thumb, 0 bytes, Stack size 0 bytes, startup_mimxrt1021.o(.text))
<BR>[Address Reference Count : 1]<UL><LI> startup_mimxrt1021.o(RESET)
</UL>
<P><STRONG><a name="[3f]"></a>TRNG_IRQHandler</STRONG> (Thumb, 0 bytes, Stack size 0 bytes, startup_mimxrt1021.o(.text))
<BR>[Address Reference Count : 1]<UL><LI> startup_mimxrt1021.o(RESET)
</UL>
<P><STRONG><a name="[7b]"></a>USB_OTG1_IRQHandler</STRONG> (Thumb, 0 bytes, Stack size 0 bytes, startup_mimxrt1021.o(.text))
<BR>[Address Reference Count : 1]<UL><LI> startup_mimxrt1021.o(RESET)
</UL>
<P><STRONG><a name="[4b]"></a>USB_PHY_IRQHandler</STRONG> (Thumb, 0 bytes, Stack size 0 bytes, startup_mimxrt1021.o(.text))
<BR>[Address Reference Count : 1]<UL><LI> startup_mimxrt1021.o(RESET)
</UL>
<P><STRONG><a name="[c6]"></a>USDHC1_DriverIRQHandler</STRONG> (Thumb, 0 bytes, Stack size 0 bytes, startup_mimxrt1021.o(.text))
<BR>[Address Reference Count : 1]<UL><LI> startup_mimxrt1021.o(.text)
</UL>
<P><STRONG><a name="[c7]"></a>USDHC2_DriverIRQHandler</STRONG> (Thumb, 0 bytes, Stack size 0 bytes, startup_mimxrt1021.o(.text))
<BR>[Address Reference Count : 1]<UL><LI> startup_mimxrt1021.o(.text)
</UL>
<P><STRONG><a name="[66]"></a>WDOG1_IRQHandler</STRONG> (Thumb, 0 bytes, Stack size 0 bytes, startup_mimxrt1021.o(.text))
<BR>[Address Reference Count : 1]<UL><LI> startup_mimxrt1021.o(RESET)
</UL>
<P><STRONG><a name="[37]"></a>WDOG2_IRQHandler</STRONG> (Thumb, 0 bytes, Stack size 0 bytes, startup_mimxrt1021.o(.text))
<BR>[Address Reference Count : 1]<UL><LI> startup_mimxrt1021.o(RESET)
</UL>
<P><STRONG><a name="[7e]"></a>XBAR1_IRQ_0_1_IRQHandler</STRONG> (Thumb, 0 bytes, Stack size 0 bytes, startup_mimxrt1021.o(.text))
<BR>[Address Reference Count : 1]<UL><LI> startup_mimxrt1021.o(RESET)
</UL>
<P><STRONG><a name="[7f]"></a>XBAR1_IRQ_2_3_IRQHandler</STRONG> (Thumb, 0 bytes, Stack size 0 bytes, startup_mimxrt1021.o(.text))
<BR>[Address Reference Count : 1]<UL><LI> startup_mimxrt1021.o(RESET)
</UL>
<P><STRONG><a name="[d5]"></a>__aeabi_uldivmod</STRONG> (Thumb, 98 bytes, Stack size 40 bytes, uldiv.o(.text))
<BR><BR>[Stack]<UL><LI>Max Depth = 40<LI>Call Chain = __aeabi_uldivmod
</UL>
<BR>[Calls]<UL><LI><a href="#[d6]">&gt;&gt;</a>&nbsp;&nbsp;&nbsp;__aeabi_llsr
<LI><a href="#[d7]">&gt;&gt;</a>&nbsp;&nbsp;&nbsp;__aeabi_llsl
</UL>
<BR>[Called By]<UL><LI><a href="#[ed]">&gt;&gt;</a>&nbsp;&nbsp;&nbsp;CLOCK_GetPllFreq
<LI><a href="#[e7]">&gt;&gt;</a>&nbsp;&nbsp;&nbsp;SystemCoreClockUpdate
<LI><a href="#[116]">&gt;&gt;</a>&nbsp;&nbsp;&nbsp;ConvertRadixNumToString
<LI><a href="#[d8]">&gt;&gt;</a>&nbsp;&nbsp;&nbsp;__aeabi_ldivmod
</UL>

<P><STRONG><a name="[d8]"></a>__aeabi_ldivmod</STRONG> (Thumb, 98 bytes, Stack size 24 bytes, ldiv.o(.text))
<BR><BR>[Stack]<UL><LI>Max Depth = 64<LI>Call Chain = __aeabi_ldivmod &rArr; __aeabi_uldivmod
</UL>
<BR>[Calls]<UL><LI><a href="#[d5]">&gt;&gt;</a>&nbsp;&nbsp;&nbsp;__aeabi_uldivmod
</UL>
<BR>[Called By]<UL><LI><a href="#[116]">&gt;&gt;</a>&nbsp;&nbsp;&nbsp;ConvertRadixNumToString
</UL>

<P><STRONG><a name="[199]"></a>___aeabi_memcpy8$move</STRONG> (Thumb, 0 bytes, Stack size 8 bytes, memmovea.o(.text), UNUSED)

<P><STRONG><a name="[131]"></a>__aeabi_memcpy</STRONG> (Thumb, 64 bytes, Stack size 8 bytes, memmovea.o(.text))
<BR><BR>[Stack]<UL><LI>Max Depth = 8<LI>Call Chain = __aeabi_memcpy
</UL>
<BR>[Called By]<UL><LI><a href="#[130]">&gt;&gt;</a>&nbsp;&nbsp;&nbsp;GetGBKCode_from_EXFlash
</UL>

<P><STRONG><a name="[19a]"></a>__aeabi_memcpy4</STRONG> (Thumb, 0 bytes, Stack size 8 bytes, memmovea.o(.text), UNUSED)

<P><STRONG><a name="[19b]"></a>__aeabi_memmove</STRONG> (Thumb, 0 bytes, Stack size 8 bytes, memmovea.o(.text), UNUSED)

<P><STRONG><a name="[19c]"></a>__aeabi_memmove4</STRONG> (Thumb, 0 bytes, Stack size 8 bytes, memmovea.o(.text), UNUSED)

<P><STRONG><a name="[19d]"></a>__aeabi_memmove8</STRONG> (Thumb, 0 bytes, Stack size 8 bytes, memmovea.o(.text), UNUSED)

<P><STRONG><a name="[da]"></a>__aeabi_memset</STRONG> (Thumb, 14 bytes, Stack size 0 bytes, memseta.o(.text), UNUSED)
<BR><BR>[Called By]<UL><LI><a href="#[db]">&gt;&gt;</a>&nbsp;&nbsp;&nbsp;_memset$wrapper
<LI><a href="#[d9]">&gt;&gt;</a>&nbsp;&nbsp;&nbsp;__aeabi_memclr
</UL>

<P><STRONG><a name="[19e]"></a>__aeabi_memset4</STRONG> (Thumb, 0 bytes, Stack size 0 bytes, memseta.o(.text), UNUSED)

<P><STRONG><a name="[19f]"></a>__aeabi_memset8</STRONG> (Thumb, 0 bytes, Stack size 0 bytes, memseta.o(.text), UNUSED)

<P><STRONG><a name="[d9]"></a>__aeabi_memclr</STRONG> (Thumb, 4 bytes, Stack size 0 bytes, memseta.o(.text), UNUSED)
<BR><BR>[Calls]<UL><LI><a href="#[da]">&gt;&gt;</a>&nbsp;&nbsp;&nbsp;__aeabi_memset
</UL>

<P><STRONG><a name="[11c]"></a>__aeabi_memclr4</STRONG> (Thumb, 0 bytes, Stack size 0 bytes, memseta.o(.text))
<BR><BR>[Called By]<UL><LI><a href="#[111]">&gt;&gt;</a>&nbsp;&nbsp;&nbsp;EDMA_CreateHandle
<LI><a href="#[11b]">&gt;&gt;</a>&nbsp;&nbsp;&nbsp;DbgConsole_Printf
<LI><a href="#[133]">&gt;&gt;</a>&nbsp;&nbsp;&nbsp;I2C_EEPROM_Page_Write
<LI><a href="#[108]">&gt;&gt;</a>&nbsp;&nbsp;&nbsp;I2C_EEPROM_BufferRead
<LI><a href="#[16e]">&gt;&gt;</a>&nbsp;&nbsp;&nbsp;XPT2046_ReadAdc_Smooth_XY
</UL>

<P><STRONG><a name="[1a0]"></a>__aeabi_memclr8</STRONG> (Thumb, 0 bytes, Stack size 0 bytes, memseta.o(.text), UNUSED)

<P><STRONG><a name="[db]"></a>_memset$wrapper</STRONG> (Thumb, 18 bytes, Stack size 8 bytes, memseta.o(.text), UNUSED)
<BR><BR>[Calls]<UL><LI><a href="#[da]">&gt;&gt;</a>&nbsp;&nbsp;&nbsp;__aeabi_memset
</UL>

<P><STRONG><a name="[169]"></a>strlen</STRONG> (Thumb, 14 bytes, Stack size 0 bytes, strlen.o(.text))
<BR><BR>[Called By]<UL><LI><a href="#[11d]">&gt;&gt;</a>&nbsp;&nbsp;&nbsp;StrFormatPrintf
<LI><a href="#[109]">&gt;&gt;</a>&nbsp;&nbsp;&nbsp;XPT2046_Touch_Calibrate
</UL>

<P><STRONG><a name="[dc]"></a>__aeabi_l2d</STRONG> (Thumb, 40 bytes, Stack size 24 bytes, dfltl.o(.text))
<BR><BR>[Stack]<UL><LI>Max Depth = 64<LI>Call Chain = __aeabi_l2d &rArr; _double_epilogue &rArr; _double_round
</UL>
<BR>[Calls]<UL><LI><a href="#[dd]">&gt;&gt;</a>&nbsp;&nbsp;&nbsp;_double_epilogue
</UL>
<BR>[Called By]<UL><LI><a href="#[113]">&gt;&gt;</a>&nbsp;&nbsp;&nbsp;ConvertFloatRadixNumToString
</UL>

<P><STRONG><a name="[de]"></a>__aeabi_d2lz</STRONG> (Thumb, 74 bytes, Stack size 16 bytes, dfixl.o(.text))
<BR><BR>[Stack]<UL><LI>Max Depth = 16<LI>Call Chain = __aeabi_d2lz
</UL>
<BR>[Calls]<UL><LI><a href="#[d6]">&gt;&gt;</a>&nbsp;&nbsp;&nbsp;__aeabi_llsr
<LI><a href="#[d7]">&gt;&gt;</a>&nbsp;&nbsp;&nbsp;__aeabi_llsl
</UL>
<BR>[Called By]<UL><LI><a href="#[113]">&gt;&gt;</a>&nbsp;&nbsp;&nbsp;ConvertFloatRadixNumToString
</UL>

<P><STRONG><a name="[1a1]"></a>__aeabi_uidiv</STRONG> (Thumb, 0 bytes, Stack size 12 bytes, uidiv.o(.text), UNUSED)

<P><STRONG><a name="[190]"></a>__aeabi_uidivmod</STRONG> (Thumb, 44 bytes, Stack size 12 bytes, uidiv.o(.text), UNUSED)
<BR><BR>[Called By]<UL><LI><a href="#[183]">&gt;&gt;</a>&nbsp;&nbsp;&nbsp;_printf_core
</UL>

<P><STRONG><a name="[d7]"></a>__aeabi_llsl</STRONG> (Thumb, 30 bytes, Stack size 0 bytes, llshl.o(.text))
<BR><BR>[Called By]<UL><LI><a href="#[de]">&gt;&gt;</a>&nbsp;&nbsp;&nbsp;__aeabi_d2lz
<LI><a href="#[d5]">&gt;&gt;</a>&nbsp;&nbsp;&nbsp;__aeabi_uldivmod
<LI><a href="#[dd]">&gt;&gt;</a>&nbsp;&nbsp;&nbsp;_double_epilogue
</UL>

<P><STRONG><a name="[1a2]"></a>_ll_shift_l</STRONG> (Thumb, 0 bytes, Stack size 0 bytes, llshl.o(.text), UNUSED)

<P><STRONG><a name="[d6]"></a>__aeabi_llsr</STRONG> (Thumb, 32 bytes, Stack size 0 bytes, llushr.o(.text))
<BR><BR>[Called By]<UL><LI><a href="#[de]">&gt;&gt;</a>&nbsp;&nbsp;&nbsp;__aeabi_d2lz
<LI><a href="#[d5]">&gt;&gt;</a>&nbsp;&nbsp;&nbsp;__aeabi_uldivmod
<LI><a href="#[dd]">&gt;&gt;</a>&nbsp;&nbsp;&nbsp;_double_epilogue
</UL>

<P><STRONG><a name="[1a3]"></a>_ll_ushift_r</STRONG> (Thumb, 0 bytes, Stack size 0 bytes, llushr.o(.text), UNUSED)

<P><STRONG><a name="[1a4]"></a>__I$use$fp</STRONG> (Thumb, 0 bytes, Stack size 8 bytes, iusefp.o(.text), UNUSED)

<P><STRONG><a name="[df]"></a>_double_round</STRONG> (Thumb, 30 bytes, Stack size 8 bytes, depilogue.o(.text))
<BR><BR>[Stack]<UL><LI>Max Depth = 8<LI>Call Chain = _double_round
</UL>
<BR>[Called By]<UL><LI><a href="#[dd]">&gt;&gt;</a>&nbsp;&nbsp;&nbsp;_double_epilogue
</UL>

<P><STRONG><a name="[dd]"></a>_double_epilogue</STRONG> (Thumb, 156 bytes, Stack size 32 bytes, depilogue.o(.text))
<BR><BR>[Stack]<UL><LI>Max Depth = 40<LI>Call Chain = _double_epilogue &rArr; _double_round
</UL>
<BR>[Calls]<UL><LI><a href="#[df]">&gt;&gt;</a>&nbsp;&nbsp;&nbsp;_double_round
<LI><a href="#[d6]">&gt;&gt;</a>&nbsp;&nbsp;&nbsp;__aeabi_llsr
<LI><a href="#[d7]">&gt;&gt;</a>&nbsp;&nbsp;&nbsp;__aeabi_llsl
</UL>
<BR>[Called By]<UL><LI><a href="#[dc]">&gt;&gt;</a>&nbsp;&nbsp;&nbsp;__aeabi_l2d
</UL>

<P><STRONG><a name="[18d]"></a>__ARM_scalbn</STRONG> (Thumb, 46 bytes, Stack size 16 bytes, dscalb.o(.text))
<BR><BR>[Stack]<UL><LI>Max Depth = 16<LI>Call Chain = __ARM_scalbn
</UL>
<BR>[Called By]<UL><LI><a href="#[115]">&gt;&gt;</a>&nbsp;&nbsp;&nbsp;__hardfp_pow
</UL>

<P><STRONG><a name="[1a5]"></a>scalbn</STRONG> (Thumb, 0 bytes, Stack size 16 bytes, dscalb.o(.text), UNUSED)

<P><STRONG><a name="[d4]"></a>__scatterload</STRONG> (Thumb, 28 bytes, Stack size 0 bytes, init.o(.text))
<BR><BR>[Calls]<UL><LI><a href="#[e0]">&gt;&gt;</a>&nbsp;&nbsp;&nbsp;__main_after_scatterload
</UL>
<BR>[Called By]<UL><LI><a href="#[d3]">&gt;&gt;</a>&nbsp;&nbsp;&nbsp;_main_scatterload
</UL>

<P><STRONG><a name="[1a6]"></a>__scatterload_rt2</STRONG> (Thumb, 0 bytes, Stack size 0 bytes, init.o(.text), UNUSED)

<P><STRONG><a name="[1a7]"></a>__decompress</STRONG> (Thumb, 0 bytes, Stack size unknown bytes, __dczerorl2.o(.text), UNUSED)

<P><STRONG><a name="[1a8]"></a>__decompress1</STRONG> (Thumb, 86 bytes, Stack size unknown bytes, __dczerorl2.o(.text), UNUSED)

<P><STRONG><a name="[e1]"></a>BOARD_BootClockRUN</STRONG> (Thumb, 430 bytes, Stack size 8 bytes, clock_config.o(i.BOARD_BootClockRUN))
<BR><BR>[Stack]<UL><LI>Max Depth = 680<LI>Call Chain = BOARD_BootClockRUN &rArr; CLOCK_SetMux &rArr; __aeabi_assert &rArr; DbgConsole_Printf &rArr; StrFormatPrintf &rArr; ConvertFloatRadixNumToString &rArr; __hardfp_pow &rArr; sqrt
</UL>
<BR>[Calls]<UL><LI><a href="#[e3]">&gt;&gt;</a>&nbsp;&nbsp;&nbsp;CLOCK_InitUsb1Pll
<LI><a href="#[e4]">&gt;&gt;</a>&nbsp;&nbsp;&nbsp;CLOCK_InitUsb1Pfd
<LI><a href="#[e5]">&gt;&gt;</a>&nbsp;&nbsp;&nbsp;CLOCK_InitEnetPll
<LI><a href="#[e7]">&gt;&gt;</a>&nbsp;&nbsp;&nbsp;SystemCoreClockUpdate
<LI><a href="#[e2]">&gt;&gt;</a>&nbsp;&nbsp;&nbsp;CLOCK_SetMux
<LI><a href="#[e6]">&gt;&gt;</a>&nbsp;&nbsp;&nbsp;CLOCK_SetDiv
</UL>
<BR>[Called By]<UL><LI><a href="#[99]">&gt;&gt;</a>&nbsp;&nbsp;&nbsp;main
</UL>

<P><STRONG><a name="[e8]"></a>BOARD_ConfigMPU</STRONG> (Thumb, 386 bytes, Stack size 8 bytes, board.o(i.BOARD_ConfigMPU))
<BR><BR>[Stack]<UL><LI>Max Depth = 16<LI>Call Chain = BOARD_ConfigMPU &rArr; SCB_EnableDCache
</UL>
<BR>[Calls]<UL><LI><a href="#[ea]">&gt;&gt;</a>&nbsp;&nbsp;&nbsp;SCB_EnableDCache
<LI><a href="#[e9]">&gt;&gt;</a>&nbsp;&nbsp;&nbsp;SCB_DisableDCache
<LI><a href="#[eb]">&gt;&gt;</a>&nbsp;&nbsp;&nbsp;SCB_EnableICache
</UL>
<BR>[Called By]<UL><LI><a href="#[99]">&gt;&gt;</a>&nbsp;&nbsp;&nbsp;main
</UL>

<P><STRONG><a name="[ec]"></a>BOARD_DebugConsoleSrcFreq</STRONG> (Thumb, 92 bytes, Stack size 16 bytes, board.o(i.BOARD_DebugConsoleSrcFreq))
<BR><BR>[Stack]<UL><LI>Max Depth = 104<LI>Call Chain = BOARD_DebugConsoleSrcFreq &rArr; CLOCK_GetPllFreq &rArr; __aeabi_uldivmod
</UL>
<BR>[Calls]<UL><LI><a href="#[ed]">&gt;&gt;</a>&nbsp;&nbsp;&nbsp;CLOCK_GetPllFreq
<LI><a href="#[ee]">&gt;&gt;</a>&nbsp;&nbsp;&nbsp;CLOCK_GetDiv
</UL>
<BR>[Called By]<UL><LI><a href="#[ef]">&gt;&gt;</a>&nbsp;&nbsp;&nbsp;BOARD_InitDebugConsole
</UL>

<P><STRONG><a name="[ef]"></a>BOARD_InitDebugConsole</STRONG> (Thumb, 24 bytes, Stack size 8 bytes, board.o(i.BOARD_InitDebugConsole))
<BR><BR>[Stack]<UL><LI>Max Depth = 840<LI>Call Chain = BOARD_InitDebugConsole &rArr; DbgConsole_Init &rArr; LOG_Init &rArr; IO_Init &rArr; LPUART_Init &rArr; CLOCK_ControlGate &rArr; __aeabi_assert &rArr; DbgConsole_Printf &rArr; StrFormatPrintf &rArr; ConvertFloatRadixNumToString &rArr; __hardfp_pow &rArr; sqrt
</UL>
<BR>[Calls]<UL><LI><a href="#[f0]">&gt;&gt;</a>&nbsp;&nbsp;&nbsp;DbgConsole_Init
<LI><a href="#[ec]">&gt;&gt;</a>&nbsp;&nbsp;&nbsp;BOARD_DebugConsoleSrcFreq
</UL>
<BR>[Called By]<UL><LI><a href="#[99]">&gt;&gt;</a>&nbsp;&nbsp;&nbsp;main
</UL>

<P><STRONG><a name="[f1]"></a>BOARD_InitPins</STRONG> (Thumb, 2138 bytes, Stack size 16 bytes, pin_mux.o(i.BOARD_InitPins))
<BR><BR>[Stack]<UL><LI>Max Depth = 704<LI>Call Chain = BOARD_InitPins &rArr; CLOCK_EnableClock &rArr; __aeabi_assert &rArr; DbgConsole_Printf &rArr; StrFormatPrintf &rArr; ConvertFloatRadixNumToString &rArr; __hardfp_pow &rArr; sqrt
</UL>
<BR>[Calls]<UL><LI><a href="#[f3]">&gt;&gt;</a>&nbsp;&nbsp;&nbsp;IOMUXC_SetPinMux
<LI><a href="#[f4]">&gt;&gt;</a>&nbsp;&nbsp;&nbsp;IOMUXC_SetPinConfig
<LI><a href="#[f2]">&gt;&gt;</a>&nbsp;&nbsp;&nbsp;CLOCK_EnableClock
</UL>
<BR>[Called By]<UL><LI><a href="#[99]">&gt;&gt;</a>&nbsp;&nbsp;&nbsp;main
</UL>

<P><STRONG><a name="[fc]"></a>CLOCK_GetFreq</STRONG> (Thumb, 324 bytes, Stack size 16 bytes, fsl_clock.o(i.CLOCK_GetFreq))
<BR><BR>[Stack]<UL><LI>Max Depth = 128<LI>Call Chain = CLOCK_GetFreq &rArr; CLOCK_GetPeriphClkFreq &rArr; CLOCK_GetUsb1PfdFreq &rArr; CLOCK_GetPllFreq &rArr; __aeabi_uldivmod
</UL>
<BR>[Calls]<UL><LI><a href="#[fe]">&gt;&gt;</a>&nbsp;&nbsp;&nbsp;CLOCK_GetUsb1PfdFreq
<LI><a href="#[ff]">&gt;&gt;</a>&nbsp;&nbsp;&nbsp;CLOCK_GetSysPfdFreq
<LI><a href="#[ed]">&gt;&gt;</a>&nbsp;&nbsp;&nbsp;CLOCK_GetPllFreq
<LI><a href="#[fd]">&gt;&gt;</a>&nbsp;&nbsp;&nbsp;CLOCK_GetPeriphClkFreq
<LI><a href="#[100]">&gt;&gt;</a>&nbsp;&nbsp;&nbsp;CLOCK_GetOscFreq
</UL>
<BR>[Called By]<UL><LI><a href="#[99]">&gt;&gt;</a>&nbsp;&nbsp;&nbsp;main
<LI><a href="#[103]">&gt;&gt;</a>&nbsp;&nbsp;&nbsp;CPU_TS_Tmr_Delay_US
<LI><a href="#[128]">&gt;&gt;</a>&nbsp;&nbsp;&nbsp;EEPROM_I2C_ModeInit
</UL>

<P><STRONG><a name="[ed]"></a>CLOCK_GetPllFreq</STRONG> (Thumb, 364 bytes, Stack size 48 bytes, fsl_clock.o(i.CLOCK_GetPllFreq))
<BR><BR>[Stack]<UL><LI>Max Depth = 88<LI>Call Chain = CLOCK_GetPllFreq &rArr; __aeabi_uldivmod
</UL>
<BR>[Calls]<UL><LI><a href="#[100]">&gt;&gt;</a>&nbsp;&nbsp;&nbsp;CLOCK_GetOscFreq
<LI><a href="#[d5]">&gt;&gt;</a>&nbsp;&nbsp;&nbsp;__aeabi_uldivmod
</UL>
[...]
<BR><BR>[Stack]<UL><LI>Max Depth = 8<LI>Call Chain = ILI9341_Delay
</UL>
<BR>[Called By]<UL><LI><a href="#[149]">&gt;&gt;</a>&nbsp;&nbsp;&nbsp;ILI9341_Rst
<LI><a href="#[14a]">&gt;&gt;</a>&nbsp;&nbsp;&nbsp;ILI9341_REG_Config
</UL>

<P><STRONG><a name="[140]"></a>ILI9341_FillColor</STRONG> (Thumb, 32 bytes, Stack size 16 bytes, bsp_ili9341_lcd.o(i.ILI9341_FillColor))
<BR><BR>[Stack]<UL><LI>Max Depth = 16<LI>Call Chain = ILI9341_FillColor
</UL>
<BR>[Calls]<UL><LI><a href="#[143]">&gt;&gt;</a>&nbsp;&nbsp;&nbsp;ILI9341_Write_Data
<LI><a href="#[142]">&gt;&gt;</a>&nbsp;&nbsp;&nbsp;ILI9341_Write_Cmd
</UL>
<BR>[Called By]<UL><LI><a href="#[125]">&gt;&gt;</a>&nbsp;&nbsp;&nbsp;ILI9341_SetPointPixel
<LI><a href="#[10c]">&gt;&gt;</a>&nbsp;&nbsp;&nbsp;ILI9341_DrawRectangle
<LI><a href="#[13e]">&gt;&gt;</a>&nbsp;&nbsp;&nbsp;ILI9341_Clear
</UL>

<P><STRONG><a name="[14a]"></a>ILI9341_REG_Config</STRONG> (Thumb, 646 bytes, Stack size 8 bytes, bsp_ili9341_lcd.o(i.ILI9341_REG_Config))
<BR><BR>[Stack]<UL><LI>Max Depth = 16<LI>Call Chain = ILI9341_REG_Config &rArr; ILI9341_Delay
</UL>
<BR>[Calls]<UL><LI><a href="#[143]">&gt;&gt;</a>&nbsp;&nbsp;&nbsp;ILI9341_Write_Data
<LI><a href="#[142]">&gt;&gt;</a>&nbsp;&nbsp;&nbsp;ILI9341_Write_Cmd
<LI><a href="#[14b]">&gt;&gt;</a>&nbsp;&nbsp;&nbsp;ILI9341_Delay
</UL>
<BR>[Called By]<UL><LI><a href="#[148]">&gt;&gt;</a>&nbsp;&nbsp;&nbsp;ILI9341_Init
</UL>

<P><STRONG><a name="[14c]"></a>ILI9341_SetCursor</STRONG> (Thumb, 20 bytes, Stack size 16 bytes, bsp_ili9341_lcd.o(i.ILI9341_SetCursor))
<BR><BR>[Stack]<UL><LI>Max Depth = 40<LI>Call Chain = ILI9341_SetCursor &rArr; ILI9341_OpenWindow
</UL>
<BR>[Calls]<UL><LI><a href="#[13f]">&gt;&gt;</a>&nbsp;&nbsp;&nbsp;ILI9341_OpenWindow
</UL>
<BR>[Called By]<UL><LI><a href="#[125]">&gt;&gt;</a>&nbsp;&nbsp;&nbsp;ILI9341_SetPointPixel
</UL>

<P><STRONG><a name="[142]"></a>ILI9341_Write_Cmd</STRONG> (Thumb, 6 bytes, Stack size 0 bytes, bsp_ili9341_lcd.o(i.ILI9341_Write_Cmd))
<BR><BR>[Called By]<UL><LI><a href="#[13f]">&gt;&gt;</a>&nbsp;&nbsp;&nbsp;ILI9341_OpenWindow
<LI><a href="#[144]">&gt;&gt;</a>&nbsp;&nbsp;&nbsp;ILI9341_DispChar_EN
<LI><a href="#[141]">&gt;&gt;</a>&nbsp;&nbsp;&nbsp;ILI9341_DispChar_CH
<LI><a href="#[14a]">&gt;&gt;</a>&nbsp;&nbsp;&nbsp;ILI9341_REG_Config
<LI><a href="#[140]">&gt;&gt;</a>&nbsp;&nbsp;&nbsp;ILI9341_FillColor
<LI><a href="#[147]">&gt;&gt;</a>&nbsp;&nbsp;&nbsp;ILI9341_GramScan
</UL>

<P><STRONG><a name="[143]"></a>ILI9341_Write_Data</STRONG> (Thumb, 8 bytes, Stack size 0 bytes, bsp_ili9341_lcd.o(i.ILI9341_Write_Data))
<BR><BR>[Called By]<UL><LI><a href="#[13f]">&gt;&gt;</a>&nbsp;&nbsp;&nbsp;ILI9341_OpenWindow
<LI><a href="#[144]">&gt;&gt;</a>&nbsp;&nbsp;&nbsp;ILI9341_DispChar_EN
<LI><a href="#[141]">&gt;&gt;</a>&nbsp;&nbsp;&nbsp;ILI9341_DispChar_CH
<LI><a href="#[14a]">&gt;&gt;</a>&nbsp;&nbsp;&nbsp;ILI9341_REG_Config
<LI><a href="#[140]">&gt;&gt;</a>&nbsp;&nbsp;&nbsp;ILI9341_FillColor
<LI><a href="#[147]">&gt;&gt;</a>&nbsp;&nbsp;&nbsp;ILI9341_GramScan
</UL>

<P><STRONG><a name="[12f]"></a>GPIO_ReadPadStatus</STRONG> (Thumb, 34 bytes, Stack size 16 bytes, bsp_xpt2046_lcd.o(i.GPIO_ReadPadStatus))
<BR><BR>[Stack]<UL><LI>Max Depth = 672<LI>Call Chain = GPIO_ReadPadStatus &rArr; __aeabi_assert &rArr; DbgConsole_Printf &rArr; StrFormatPrintf &rArr; ConvertFloatRadixNumToString &rArr; __hardfp_pow &rArr; sqrt
</UL>
<BR>[Calls]<UL><LI><a href="#[f6]">&gt;&gt;</a>&nbsp;&nbsp;&nbsp;__aeabi_assert
</UL>
<BR>[Called By]<UL><LI><a href="#[179]">&gt;&gt;</a>&nbsp;&nbsp;&nbsp;XPT2046_TouchDetect
<LI><a href="#[176]">&gt;&gt;</a>&nbsp;&nbsp;&nbsp;XPT2046_ReadCMD
<LI><a href="#[16e]">&gt;&gt;</a>&nbsp;&nbsp;&nbsp;XPT2046_ReadAdc_Smooth_XY
</UL>

<P><STRONG><a name="[146]"></a>ILI9341_DrawCross</STRONG> (Thumb, 44 bytes, Stack size 16 bytes, bsp_xpt2046_lcd.o(i.ILI9341_DrawCross))
<BR><BR>[Stack]<UL><LI>Max Depth = 136<LI>Call Chain = ILI9341_DrawCross &rArr; ILI9341_DrawLine &rArr; ILI9341_SetPointPixel &rArr; ILI9341_SetCursor &rArr; ILI9341_OpenWindow
</UL>
<BR>[Calls]<UL><LI><a href="#[121]">&gt;&gt;</a>&nbsp;&nbsp;&nbsp;ILI9341_DrawLine
</UL>
<BR>[Called By]<UL><LI><a href="#[109]">&gt;&gt;</a>&nbsp;&nbsp;&nbsp;XPT2046_Touch_Calibrate
</UL>

<P><STRONG><a name="[172]"></a>IOMUXC_SetPinConfig</STRONG> (Thumb, 12 bytes, Stack size 12 bytes, bsp_xpt2046_lcd.o(i.IOMUXC_SetPinConfig))
<BR><BR>[Stack]<UL><LI>Max Depth = 12<LI>Call Chain = IOMUXC_SetPinConfig
</UL>
<BR>[Called By]<UL><LI><a href="#[171]">&gt;&gt;</a>&nbsp;&nbsp;&nbsp;XPT2046_IOMUXC_PAD_Config
</UL>

<P><STRONG><a name="[170]"></a>IOMUXC_SetPinMux</STRONG> (Thumb, 26 bytes, Stack size 20 bytes, bsp_xpt2046_lcd.o(i.IOMUXC_SetPinMux))
<BR><BR>[Stack]<UL><LI>Max Depth = 20<LI>Call Chain = IOMUXC_SetPinMux
</UL>
<BR>[Called By]<UL><LI><a href="#[16f]">&gt;&gt;</a>&nbsp;&nbsp;&nbsp;XPT2046_IOMUXC_MUX_Config
</UL>

<P><STRONG><a name="[181]"></a>XPT2046_Calculate_CalibrationFactor</STRONG> (Thumb, 500 bytes, Stack size 20 bytes, bsp_xpt2046_lcd.o(i.XPT2046_Calculate_CalibrationFactor))
<BR><BR>[Stack]<UL><LI>Max Depth = 20<LI>Call Chain = XPT2046_Calculate_CalibrationFactor
</UL>
<BR>[Called By]<UL><LI><a href="#[109]">&gt;&gt;</a>&nbsp;&nbsp;&nbsp;XPT2046_Touch_Calibrate
</UL>

<P><STRONG><a name="[178]"></a>XPT2046_DelayUS</STRONG> (Thumb, 30 bytes, Stack size 8 bytes, bsp_xpt2046_lcd.o(i.XPT2046_DelayUS))
<BR><BR>[Stack]<UL><LI>Max Depth = 8<LI>Call Chain = XPT2046_DelayUS
</UL>
<BR>[Called By]<UL><LI><a href="#[109]">&gt;&gt;</a>&nbsp;&nbsp;&nbsp;XPT2046_Touch_Calibrate
<LI><a href="#[175]">&gt;&gt;</a>&nbsp;&nbsp;&nbsp;XPT2046_WriteCMD
<LI><a href="#[177]">&gt;&gt;</a>&nbsp;&nbsp;&nbsp;XPT2046_ReadAdc_XY
</UL>

<P><STRONG><a name="[16f]"></a>XPT2046_IOMUXC_MUX_Config</STRONG> (Thumb, 120 bytes, Stack size 16 bytes, bsp_xpt2046_lcd.o(i.XPT2046_IOMUXC_MUX_Config))
<BR><BR>[Stack]<UL><LI>Max Depth = 36<LI>Call Chain = XPT2046_IOMUXC_MUX_Config &rArr; IOMUXC_SetPinMux
</UL>
<BR>[Calls]<UL><LI><a href="#[170]">&gt;&gt;</a>&nbsp;&nbsp;&nbsp;IOMUXC_SetPinMux
</UL>
<BR>[Called By]<UL><LI><a href="#[173]">&gt;&gt;</a>&nbsp;&nbsp;&nbsp;XPT2046_Init
</UL>

<P><STRONG><a name="[171]"></a>XPT2046_IOMUXC_PAD_Config</STRONG> (Thumb, 130 bytes, Stack size 16 bytes, bsp_xpt2046_lcd.o(i.XPT2046_IOMUXC_PAD_Config))
<BR><BR>[Stack]<UL><LI>Max Depth = 28<LI>Call Chain = XPT2046_IOMUXC_PAD_Config &rArr; IOMUXC_SetPinConfig
</UL>
<BR>[Calls]<UL><LI><a href="#[172]">&gt;&gt;</a>&nbsp;&nbsp;&nbsp;IOMUXC_SetPinConfig
</UL>
<BR>[Called By]<UL><LI><a href="#[173]">&gt;&gt;</a>&nbsp;&nbsp;&nbsp;XPT2046_Init
</UL>

<P><STRONG><a name="[174]"></a>XPT2046_ReadAdc</STRONG> (Thumb, 16 bytes, Stack size 8 bytes, bsp_xpt2046_lcd.o(i.XPT2046_ReadAdc))
<BR><BR>[Stack]<UL><LI>Max Depth = 696<LI>Call Chain = XPT2046_ReadAdc &rArr; XPT2046_WriteCMD &rArr; GPIO_PinWrite &rArr; __aeabi_assert &rArr; DbgConsole_Printf &rArr; StrFormatPrintf &rArr; ConvertFloatRadixNumToString &rArr; __hardfp_pow &rArr; sqrt
</UL>
<BR>[Calls]<UL><LI><a href="#[175]">&gt;&gt;</a>&nbsp;&nbsp;&nbsp;XPT2046_WriteCMD
<LI><a href="#[176]">&gt;&gt;</a>&nbsp;&nbsp;&nbsp;XPT2046_ReadCMD
</UL>
<BR>[Called By]<UL><LI><a href="#[177]">&gt;&gt;</a>&nbsp;&nbsp;&nbsp;XPT2046_ReadAdc_XY
</UL>

<P><STRONG><a name="[16e]"></a>XPT2046_ReadAdc_Smooth_XY</STRONG> (Thumb, 336 bytes, Stack size 80 bytes, bsp_xpt2046_lcd.o(i.XPT2046_ReadAdc_Smooth_XY))
<BR><BR>[Stack]<UL><LI>Max Depth = 800<LI>Call Chain = XPT2046_ReadAdc_Smooth_XY &rArr; XPT2046_ReadAdc_XY &rArr; XPT2046_ReadAdc &rArr; XPT2046_WriteCMD &rArr; GPIO_PinWrite &rArr; __aeabi_assert &rArr; DbgConsole_Printf &rArr; StrFormatPrintf &rArr; ConvertFloatRadixNumToString &rArr; __hardfp_pow &rArr; sqrt
</UL>
<BR>[Calls]<UL><LI><a href="#[12f]">&gt;&gt;</a>&nbsp;&nbsp;&nbsp;GPIO_ReadPadStatus
<LI><a href="#[11c]">&gt;&gt;</a>&nbsp;&nbsp;&nbsp;__aeabi_memclr4
<LI><a href="#[177]">&gt;&gt;</a>&nbsp;&nbsp;&nbsp;XPT2046_ReadAdc_XY
</UL>
<BR>[Called By]<UL><LI><a href="#[109]">&gt;&gt;</a>&nbsp;&nbsp;&nbsp;XPT2046_Touch_Calibrate
<LI><a href="#[16d]">&gt;&gt;</a>&nbsp;&nbsp;&nbsp;XPT2046_Get_TouchedPoint
</UL>

<P><STRONG><a name="[177]"></a>XPT2046_ReadAdc_XY</STRONG> (Thumb, 38 bytes, Stack size 24 bytes, bsp_xpt2046_lcd.o(i.XPT2046_ReadAdc_XY))
<BR><BR>[Stack]<UL><LI>Max Depth = 720<LI>Call Chain = XPT2046_ReadAdc_XY &rArr; XPT2046_ReadAdc &rArr; XPT2046_WriteCMD &rArr; GPIO_PinWrite &rArr; __aeabi_assert &rArr; DbgConsole_Printf &rArr; StrFormatPrintf &rArr; ConvertFloatRadixNumToString &rArr; __hardfp_pow &rArr; sqrt
</UL>
<BR>[Calls]<UL><LI><a href="#[174]">&gt;&gt;</a>&nbsp;&nbsp;&nbsp;XPT2046_ReadAdc
<LI><a href="#[178]">&gt;&gt;</a>&nbsp;&nbsp;&nbsp;XPT2046_DelayUS
</UL>
<BR>[Called By]<UL><LI><a href="#[16e]">&gt;&gt;</a>&nbsp;&nbsp;&nbsp;XPT2046_ReadAdc_Smooth_XY
</UL>

<P><STRONG><a name="[176]"></a>XPT2046_ReadCMD</STRONG> (Thumb, 82 bytes, Stack size 16 bytes, bsp_xpt2046_lcd.o(i.XPT2046_ReadCMD))
<BR><BR>[Stack]<UL><LI>Max Depth = 688<LI>Call Chain = XPT2046_ReadCMD &rArr; GPIO_PinWrite &rArr; __aeabi_assert &rArr; DbgConsole_Printf &rArr; StrFormatPrintf &rArr; ConvertFloatRadixNumToString &rArr; __hardfp_pow &rArr; sqrt
</UL>
<BR>[Calls]<UL><LI><a href="#[12d]">&gt;&gt;</a>&nbsp;&nbsp;&nbsp;GPIO_PinWrite
<LI><a href="#[12f]">&gt;&gt;</a>&nbsp;&nbsp;&nbsp;GPIO_ReadPadStatus
</UL>
<BR>[Called By]<UL><LI><a href="#[174]">&gt;&gt;</a>&nbsp;&nbsp;&nbsp;XPT2046_ReadAdc
</UL>

<P><STRONG><a name="[175]"></a>XPT2046_WriteCMD</STRONG> (Thumb, 106 bytes, Stack size 16 bytes, bsp_xpt2046_lcd.o(i.XPT2046_WriteCMD))
<BR><BR>[Stack]<UL><LI>Max Depth = 688<LI>Call Chain = XPT2046_WriteCMD &rArr; GPIO_PinWrite &rArr; __aeabi_assert &rArr; DbgConsole_Printf &rArr; StrFormatPrintf &rArr; ConvertFloatRadixNumToString &rArr; __hardfp_pow &rArr; sqrt
</UL>
<BR>[Calls]<UL><LI><a href="#[12d]">&gt;&gt;</a>&nbsp;&nbsp;&nbsp;GPIO_PinWrite
<LI><a href="#[178]">&gt;&gt;</a>&nbsp;&nbsp;&nbsp;XPT2046_DelayUS
</UL>
<BR>[Called By]<UL><LI><a href="#[174]">&gt;&gt;</a>&nbsp;&nbsp;&nbsp;XPT2046_ReadAdc
</UL>

<P><STRONG><a name="[cf]"></a>Command_Clear_Palette</STRONG> (Thumb, 42 bytes, Stack size 16 bytes, palette.o(i.Command_Clear_Palette))
<BR><BR>[Stack]<UL><LI>Max Depth = 160<LI>Call Chain = Command_Clear_Palette &rArr; ILI9341_DrawRectangle &rArr; ILI9341_DrawLine &rArr; ILI9341_SetPointPixel &rArr; ILI9341_SetCursor &rArr; ILI9341_OpenWindow
</UL>
<BR>[Calls]<UL><LI><a href="#[10b]">&gt;&gt;</a>&nbsp;&nbsp;&nbsp;LCD_SetColors
<LI><a href="#[10c]">&gt;&gt;</a>&nbsp;&nbsp;&nbsp;ILI9341_DrawRectangle
</UL>
<BR>[Address Reference Count : 1]<UL><LI> palette.o(i.Touch_Button_Init)
</UL>
<P><STRONG><a name="[d1]"></a>Command_Select_Brush</STRONG> (Thumb, 26 bytes, Stack size 16 bytes, palette.o(i.Command_Select_Brush))
<BR><BR>[Stack]<UL><LI>Max Depth = 16<LI>Call Chain = Command_Select_Brush
</UL>
<BR>[Calls]<UL><LI><a href="#[10b]">&gt;&gt;</a>&nbsp;&nbsp;&nbsp;LCD_SetColors
</UL>
<BR>[Address Reference Count : 1]<UL><LI> palette.o(i.Touch_Button_Init)
</UL>
<P><STRONG><a name="[cd]"></a>Command_Select_Color</STRONG> (Thumb, 40 bytes, Stack size 16 bytes, palette.o(i.Command_Select_Color))
<BR><BR>[Stack]<UL><LI>Max Depth = 16<LI>Call Chain = Command_Select_Color
</UL>
<BR>[Calls]<UL><LI><a href="#[10b]">&gt;&gt;</a>&nbsp;&nbsp;&nbsp;LCD_SetColors
</UL>
<BR>[Address Reference Count : 1]<UL><LI> palette.o(i.Touch_Button_Init)
</UL>
<P><STRONG><a name="[ce]"></a>Draw_Clear_Button</STRONG> (Thumb, 262 bytes, Stack size 24 bytes, palette.o(i.Draw_Clear_Button))
<BR><BR>[Stack]<UL><LI>Max Depth = 168<LI>Call Chain = Draw_Clear_Button &rArr; ILI9341_DrawRectangle &rArr; ILI9341_DrawLine &rArr; ILI9341_SetPointPixel &rArr; ILI9341_SetCursor &rArr; ILI9341_OpenWindow
</UL>
<BR>[Calls]<UL><LI><a href="#[11f]">&gt;&gt;</a>&nbsp;&nbsp;&nbsp;LCD_SetFont
<LI><a href="#[10b]">&gt;&gt;</a>&nbsp;&nbsp;&nbsp;LCD_SetColors
<LI><a href="#[10c]">&gt;&gt;</a>&nbsp;&nbsp;&nbsp;ILI9341_DrawRectangle
<LI><a href="#[120]">&gt;&gt;</a>&nbsp;&nbsp;&nbsp;ILI9341_DispString_EN_CH
</UL>
<BR>[Address Reference Count : 1]<UL><LI> palette.o(i.Touch_Button_Init)
</UL>
<P><STRONG><a name="[cc]"></a>Draw_Color_Button</STRONG> (Thumb, 132 bytes, Stack size 24 bytes, palette.o(i.Draw_Color_Button))
<BR><BR>[Stack]<UL><LI>Max Depth = 168<LI>Call Chain = Draw_Color_Button &rArr; ILI9341_DrawRectangle &rArr; ILI9341_DrawLine &rArr; ILI9341_SetPointPixel &rArr; ILI9341_SetCursor &rArr; ILI9341_OpenWindow
</UL>
<BR>[Calls]<UL><LI><a href="#[10b]">&gt;&gt;</a>&nbsp;&nbsp;&nbsp;LCD_SetColors
<LI><a href="#[10c]">&gt;&gt;</a>&nbsp;&nbsp;&nbsp;ILI9341_DrawRectangle
</UL>
<BR>[Address Reference Count : 1]<UL><LI> palette.o(i.Touch_Button_Init)
</UL>
<P><STRONG><a name="[d0]"></a>Draw_Shape_Button</STRONG> (Thumb, 1078 bytes, Stack size 32 bytes, palette.o(i.Draw_Shape_Button))
<BR><BR>[Stack]<UL><LI>Max Depth = 208<LI>Call Chain = Draw_Shape_Button &rArr; LCD_DrawUniLineCircle &rArr; ILI9341_DrawCircle &rArr; ILI9341_SetPointPixel &rArr; ILI9341_SetCursor &rArr; ILI9341_OpenWindow
</UL>
<BR>[Calls]<UL><LI><a href="#[11f]">&gt;&gt;</a>&nbsp;&nbsp;&nbsp;LCD_SetFont
<LI><a href="#[10b]">&gt;&gt;</a>&nbsp;&nbsp;&nbsp;LCD_SetColors
<LI><a href="#[10c]">&gt;&gt;</a>&nbsp;&nbsp;&nbsp;ILI9341_DrawRectangle
<LI><a href="#[121]">&gt;&gt;</a>&nbsp;&nbsp;&nbsp;ILI9341_DrawLine
<LI><a href="#[123]">&gt;&gt;</a>&nbsp;&nbsp;&nbsp;ILI9341_DrawCircle
<LI><a href="#[120]">&gt;&gt;</a>&nbsp;&nbsp;&nbsp;ILI9341_DispString_EN_CH
<LI><a href="#[122]">&gt;&gt;</a>&nbsp;&nbsp;&nbsp;LCD_DrawUniLineCircle
</UL>
<BR>[Address Reference Count : 1]<UL><LI> palette.o(i.Touch_Button_Init)
</UL>
<P><STRONG><a name="[122]"></a>LCD_DrawUniLineCircle</STRONG> (Thumb, 346 bytes, Stack size 80 bytes, palette.o(i.LCD_DrawUniLineCircle))
<BR><BR>[Stack]<UL><LI>Max Depth = 176<LI>Call Chain = LCD_DrawUniLineCircle &rArr; ILI9341_DrawCircle &rArr; ILI9341_SetPointPixel &rArr; ILI9341_SetCursor &rArr; ILI9341_OpenWindow
</UL>
<BR>[Calls]<UL><LI><a href="#[123]">&gt;&gt;</a>&nbsp;&nbsp;&nbsp;ILI9341_DrawCircle
</UL>
<BR>[Called By]<UL><LI><a href="#[d0]">&gt;&gt;</a>&nbsp;&nbsp;&nbsp;Draw_Shape_Button
<LI><a href="#[124]">&gt;&gt;</a>&nbsp;&nbsp;&nbsp;Draw_Trail
</UL>

<P><STRONG><a name="[101]"></a>CLOCK_SetDiv</STRONG> (Thumb, 102 bytes, Stack size 16 bytes, bsp_i2c_eeprom.o(i.CLOCK_SetDiv))
<BR><BR>[Stack]<UL><LI>Max Depth = 672<LI>Call Chain = CLOCK_SetDiv &rArr; __aeabi_assert &rArr; DbgConsole_Printf &rArr; StrFormatPrintf &rArr; ConvertFloatRadixNumToString &rArr; __hardfp_pow &rArr; sqrt
</UL>
<BR>[Calls]<UL><LI><a href="#[f6]">&gt;&gt;</a>&nbsp;&nbsp;&nbsp;__aeabi_assert
</UL>
<BR>[Called By]<UL><LI><a href="#[128]">&gt;&gt;</a>&nbsp;&nbsp;&nbsp;EEPROM_I2C_ModeInit
</UL>

<P><STRONG><a name="[102]"></a>CLOCK_SetMux</STRONG> (Thumb, 100 bytes, Stack size 16 bytes, bsp_i2c_eeprom.o(i.CLOCK_SetMux))
<BR><BR>[Stack]<UL><LI>Max Depth = 672<LI>Call Chain = CLOCK_SetMux &rArr; __aeabi_assert &rArr; DbgConsole_Printf &rArr; StrFormatPrintf &rArr; ConvertFloatRadixNumToString &rArr; __hardfp_pow &rArr; sqrt
</UL>
<BR>[Calls]<UL><LI><a href="#[f6]">&gt;&gt;</a>&nbsp;&nbsp;&nbsp;__aeabi_assert
</UL>
<BR>[Called By]<UL><LI><a href="#[128]">&gt;&gt;</a>&nbsp;&nbsp;&nbsp;EEPROM_I2C_ModeInit
</UL>

<P><STRONG><a name="[128]"></a>EEPROM_I2C_ModeInit</STRONG> (Thumb, 58 bytes, Stack size 40 bytes, bsp_i2c_eeprom.o(i.EEPROM_I2C_ModeInit))
<BR><BR>[Stack]<UL><LI>Max Depth = 768<LI>Call Chain = EEPROM_I2C_ModeInit &rArr; LPI2C_MasterInit &rArr; LPI2C_GetCyclesForWidth &rArr; __aeabi_assert &rArr; DbgConsole_Printf &rArr; StrFormatPrintf &rArr; ConvertFloatRadixNumToString &rArr; __hardfp_pow &rArr; sqrt
</UL>
<BR>[Calls]<UL><LI><a href="#[fc]">&gt;&gt;</a>&nbsp;&nbsp;&nbsp;CLOCK_GetFreq
<LI><a href="#[12a]">&gt;&gt;</a>&nbsp;&nbsp;&nbsp;LPI2C_MasterInit
<LI><a href="#[129]">&gt;&gt;</a>&nbsp;&nbsp;&nbsp;LPI2C_MasterGetDefaultConfig
<LI><a href="#[102]">&gt;&gt;</a>&nbsp;&nbsp;&nbsp;CLOCK_SetMux
<LI><a href="#[101]">&gt;&gt;</a>&nbsp;&nbsp;&nbsp;CLOCK_SetDiv
</UL>
<BR>[Called By]<UL><LI><a href="#[107]">&gt;&gt;</a>&nbsp;&nbsp;&nbsp;I2C_EEPROM_Init
</UL>

<P><STRONG><a name="[135]"></a>I2C_EEPROM_IOMUXC_MUX_Config</STRONG> (Thumb, 52 bytes, Stack size 16 bytes, bsp_i2c_eeprom.o(i.I2C_EEPROM_IOMUXC_MUX_Config))
<BR><BR>[Stack]<UL><LI>Max Depth = 36<LI>Call Chain = I2C_EEPROM_IOMUXC_MUX_Config &rArr; IOMUXC_SetPinMux
</UL>
<BR>[Calls]<UL><LI><a href="#[136]">&gt;&gt;</a>&nbsp;&nbsp;&nbsp;IOMUXC_SetPinMux
</UL>
<BR>[Called By]<UL><LI><a href="#[107]">&gt;&gt;</a>&nbsp;&nbsp;&nbsp;I2C_EEPROM_Init
</UL>

<P><STRONG><a name="[137]"></a>I2C_EEPROM_IOMUXC_PAD_Config</STRONG> (Thumb, 56 bytes, Stack size 16 bytes, bsp_i2c_eeprom.o(i.I2C_EEPROM_IOMUXC_PAD_Config))
<BR><BR>[Stack]<UL><LI>Max Depth = 28<LI>Call Chain = I2C_EEPROM_IOMUXC_PAD_Config &rArr; IOMUXC_SetPinConfig
</UL>
<BR>[Calls]<UL><LI><a href="#[138]">&gt;&gt;</a>&nbsp;&nbsp;&nbsp;IOMUXC_SetPinConfig
</UL>
<BR>[Called By]<UL><LI><a href="#[107]">&gt;&gt;</a>&nbsp;&nbsp;&nbsp;I2C_EEPROM_Init
</UL>

<P><STRONG><a name="[13c]"></a>I2C_Timeout_Callback</STRONG> (Thumb, 16 bytes, Stack size 8 bytes, bsp_i2c_eeprom.o(i.I2C_Timeout_Callback))
<BR><BR>[Stack]<UL><LI>Max Depth = 664<LI>Call Chain = I2C_Timeout_Callback &rArr; DbgConsole_Printf &rArr; StrFormatPrintf &rArr; ConvertFloatRadixNumToString &rArr; __hardfp_pow &rArr; sqrt
</UL>
<BR>[Calls]<UL><LI><a href="#[11b]">&gt;&gt;</a>&nbsp;&nbsp;&nbsp;DbgConsole_Printf
</UL>
<BR>[Called By]<UL><LI><a href="#[134]">&gt;&gt;</a>&nbsp;&nbsp;&nbsp;I2C_EEPROM_WaitStandbyState
</UL>

<P><STRONG><a name="[138]"></a>IOMUXC_SetPinConfig</STRONG> (Thumb, 12 bytes, Stack size 12 bytes, bsp_i2c_eeprom.o(i.IOMUXC_SetPinConfig))
<BR><BR>[Stack]<UL><LI>Max Depth = 12<LI>Call Chain = IOMUXC_SetPinConfig
</UL>
<BR>[Called By]<UL><LI><a href="#[137]">&gt;&gt;</a>&nbsp;&nbsp;&nbsp;I2C_EEPROM_IOMUXC_PAD_Config
</UL>

<P><STRONG><a name="[136]"></a>IOMUXC_SetPinMux</STRONG> (Thumb, 26 bytes, Stack size 20 bytes, bsp_i2c_eeprom.o(i.IOMUXC_SetPinMux))
<BR><BR>[Stack]<UL><LI>Max Depth = 20<LI>Call Chain = IOMUXC_SetPinMux
</UL>
<BR>[Called By]<UL><LI><a href="#[135]">&gt;&gt;</a>&nbsp;&nbsp;&nbsp;I2C_EEPROM_IOMUXC_MUX_Config
</UL>

<P><STRONG><a name="[139]"></a>LPI2C_MasterClearStatusFlags</STRONG> (Thumb, 4 bytes, Stack size 0 bytes, bsp_i2c_eeprom.o(i.LPI2C_MasterClearStatusFlags))
<BR><BR>[Called By]<UL><LI><a href="#[134]">&gt;&gt;</a>&nbsp;&nbsp;&nbsp;I2C_EEPROM_WaitStandbyState
</UL>

<P><STRONG><a name="[183]"></a>_printf_core</STRONG> (Thumb, 748 bytes, Stack size 96 bytes, printf6.o(i._printf_core), UNUSED)
<BR><BR>[Calls]<UL><LI><a href="#[190]">&gt;&gt;</a>&nbsp;&nbsp;&nbsp;__aeabi_uidivmod
<LI><a href="#[18f]">&gt;&gt;</a>&nbsp;&nbsp;&nbsp;_printf_pre_padding
<LI><a href="#[191]">&gt;&gt;</a>&nbsp;&nbsp;&nbsp;_printf_post_padding
</UL>
<BR>[Called By]<UL><LI><a href="#[182]">&gt;&gt;</a>&nbsp;&nbsp;&nbsp;__0sprintf$6
</UL>

<P><STRONG><a name="[191]"></a>_printf_post_padding</STRONG> (Thumb, 36 bytes, Stack size 24 bytes, printf6.o(i._printf_post_padding), UNUSED)
<BR><BR>[Called By]<UL><LI><a href="#[183]">&gt;&gt;</a>&nbsp;&nbsp;&nbsp;_printf_core
</UL>

<P><STRONG><a name="[18f]"></a>_printf_pre_padding</STRONG> (Thumb, 46 bytes, Stack size 24 bytes, printf6.o(i._printf_pre_padding), UNUSED)
<BR><BR>[Called By]<UL><LI><a href="#[183]">&gt;&gt;</a>&nbsp;&nbsp;&nbsp;_printf_core
</UL>

<P><STRONG><a name="[d2]"></a>_sputc</STRONG> (Thumb, 10 bytes, Stack size 0 bytes, printf6.o(i._sputc))
<BR><BR>[Called By]<UL><LI><a href="#[182]">&gt;&gt;</a>&nbsp;&nbsp;&nbsp;__0sprintf$6
</UL>
<BR>[Address Reference Count : 1]<UL><LI> printf6.o(i.__0sprintf$6)
</UL><P>
<H3>
Undefined Global Symbols
</H3><HR></body></html>
