<html>
<body>
<pre>
<h1>µVision Build Log</h1>
<h2>Tool Versions:</h2>
IDE-Version: ¦ÌVision V5.23.0.0
Copyright (C) 2017 ARM Ltd and ARM Germany GmbH. All rights reserved.
License Information: z Microsoft, Microsoft, LIC=EXJFW-QU708-U4KS7-EU0FZ-ADNAN-64KA6
 
Tool Versions:
Toolchain:       MDK-ARM Plus  Version: 5.26.2.0
Toolchain Path:  C:\Keil_v5\ARM\ARMCC\Bin
C Compiler:      Armcc.exe V5.06 update 4 (build 422)
Assembler:       Armasm.exe V5.06 update 4 (build 422)
Linker/Locator:  ArmLink.exe V5.06 update 4 (build 422)
Library Manager: ArmAr.exe V5.06 update 4 (build 422)
Hex Converter:   FromElf.exe V5.06 update 4 (build 422)
CPU DLL:         SARMCM3.DLL V5.26.2.0
Dialog DLL:      DCM.DLL V1.15.0.0
Target DLL:      Segger\JL2CM3.dll V2.99.31.0
Dialog DLL:      TCM.DLL V1.27.0.0
 
<h2>Project:</h2>
E:\NXP\RT1021\¹Ì¼þ¿âÀý³Ì\RT1021_SEMC_LCD8080_Camera\project\mdk\YH-RT1021.uvprojx
Project File Date:  11/27/2018

<h2>Output:</h2>
*** Using Compiler 'V5.06 update 4 (build 422)', folder: 'C:\Keil_v5\ARM\ARMCC\Bin'
Build target 'nor_txt_ram'
compiling fsl_clock.c...
compiling fsl_common.c...
compiling system_MIMXRT1021.c...
compiling fsl_gpio.c...
compiling fsl_semc.c...
compiling fsl_edma.c...
compiling fsl_lpuart.c...
compiling fsl_sbrk.c...
compiling fsl_dmamux.c...
compiling fsl_assert.c...
compiling fsl_flexio.c...
compiling fsl_flexio_camera.c...
compiling fsl_notifier.c...
compiling fsl_lpi2c.c...
compiling fsl_shell.c...
compiling fsl_debug_console.c...
compiling fsl_log.c...
compiling fsl_io.c...
compiling board.c...
compiling fsl_str.c...
compiling clock_config.c...
compiling fire_imxrt1021_sdram_ini_dcd.c...
compiling core_delay.c...
compiling pin_mux.c...
compiling main.c...
..\..\user\main.c(72): warning:  #223-D: function "OV5640_Init" declared implicitly
  		OV5640_Init(NULL,NULL);
..\..\user\main.c(43): warning:  #550-D: variable "width"  was set but never used
  		uint16_t width, height;
..\..\user\main.c(43): warning:  #550-D: variable "height"  was set but never used
  		uint16_t width, height;
..\..\user\main.c(44): warning:  #177-D: variable "pic"  was declared but never referenced
  		uint16_t * pic;
..\..\user\main.c: 4 warnings, 0 errors
compiling fire_imxrt1021_spiflash_config.c...
compiling semc_8080_lcd.c...
compiling ili9341.c...
compiling fsl_flexspi_nor_boot.c...
compiling flexio_camera.c...
compiling flexio_ov5640.c...
..\..\user\bsp\ov5640\flexio_ov5640.c(114): warning:  #177-D: function "configCamera"  was declared but never referenced
  static void configCamera(void)
..\..\user\bsp\ov5640\flexio_ov5640.c: 1 warning, 0 errors
compiling fsl_sccb_master_driver.c...
compiling ov5640_driver.c...
compiling fsl_sccb.c...
compiling bsp_ov5640.c...
compiling ov5640_AF.c...
compiling fsl_ov5640.c...
..\..\user\bsp\fsl_camera\fsl_ov5640.c(1532): warning:  #223-D: function "Camera_Init" declared implicitly
  		Camera_Init();
..\..\user\bsp\fsl_camera\fsl_ov5640.c(1543): warning:  #174-D: expression has no effect
      height = 240;
SL_VIDEO_EXTRACT_HEIGHT(config->resolution);
..\..\user\bsp\fsl_camera\fsl_ov5640.c(1550): warning:  #223-D: function "BOARD_PullCameraPowerDownPin" declared implicitly
      BOARD_PullCameraPowerDownPin(true);
..\..\user\bsp\fsl_camera\fsl_ov5640.c(1551): warning:  #223-D: function "BOARD_PullCameraResetPin" declared implicitly
  		BOARD_PullCameraResetPin(false);
..\..\user\bsp\fsl_camera\fsl_ov5640.c: 4 warnings, 0 errors
linking...
Program Size: Code=29168 RO-data=5036 RW-data=157700 ZI-data=8420  
FromELF: creating hex file...
".\nor_txt_ram\Objects\YH-RT1021.axf" - 0 Error(s), 9 Warning(s).

<h2>Collection of Component include folders:</h2>
  .\RTE\_nor_txt_ram
  C:\Keil_v5\ARM\PACK\NXP\MIMXRT1021_DFP\10.0.0

<h2>Collection of Component Files used:</h2>
Build Time Elapsed:  00:00:03
</pre>
</body>
</html>
